Component: ARM Compiler 5.06 update 7 (build 960) Tool: armlink [4d3601]

==============================================================================

Section Cross References

    startup_n32g45x.o(RESET) refers to startup_n32g45x.o(STACK) for __initial_sp
    startup_n32g45x.o(RESET) refers to startup_n32g45x.o(.text) for Reset_Handler
    startup_n32g45x.o(RESET) refers to n32g45x_it.o(i.NMI_Handler) for NMI_Handler
    startup_n32g45x.o(RESET) refers to n32g45x_it.o(i.HardFault_Handler) for HardFault_Handler
    startup_n32g45x.o(RESET) refers to n32g45x_it.o(i.MemManage_Handler) for MemManage_Handler
    startup_n32g45x.o(RESET) refers to n32g45x_it.o(i.BusFault_Handler) for BusFault_Handler
    startup_n32g45x.o(RESET) refers to n32g45x_it.o(i.UsageFault_Handler) for UsageFault_Handler
    startup_n32g45x.o(RESET) refers to port.o(.emb_text) for SVC_Handler
    startup_n32g45x.o(RESET) refers to n32g45x_it.o(i.DebugMon_Handler) for DebugMon_Handler
    startup_n32g45x.o(RESET) refers to main.o(i.SysTick_Handler) for SysTick_Handler
    startup_n32g45x.o(RESET) refers to n32g45x_it.o(i.RTC_WKUP_IRQHandler) for RTC_WKUP_IRQHandler
    startup_n32g45x.o(RESET) refers to n32g45x_it.o(i.EXTI0_IRQHandler) for EXTI0_IRQHandler
    startup_n32g45x.o(RESET) refers to n32g45x_it.o(i.TIM2_IRQHandler) for TIM2_IRQHandler
    startup_n32g45x.o(RESET) refers to n32g45x_it.o(i.USART1_IRQHandler) for USART1_IRQHandler
    startup_n32g45x.o(RESET) refers to n32g45x_it.o(i.EXTI15_10_IRQHandler) for EXTI15_10_IRQHandler
    startup_n32g45x.o(RESET) refers to n32g45x_it.o(i.UART5_IRQHandler) for UART5_IRQHandler
    startup_n32g45x.o(.text) refers to system_n32g45x.o(i.SystemInit) for SystemInit
    startup_n32g45x.o(.text) refers to entry.o(.ARM.Collect$$$$00000000) for __main
    system_n32g45x.o(i.SetSysClock) refers to system_n32g45x.o(.data) for .data
    system_n32g45x.o(i.SystemCoreClockUpdate) refers to system_n32g45x.o(.data) for .data
    system_n32g45x.o(i.SystemCoreClockUpdate) refers to system_n32g45x.o(.constdata) for .constdata
    system_n32g45x.o(i.SystemInit) refers to system_n32g45x.o(i.SetSysClock) for SetSysClock
    system_n32g45x.o(i.SystemInit) refers to system_n32g45x.o(i.SetVDDDBKTrim) for SetVDDDBKTrim
    n32g45x_adc.o(i.ADC_ConfigClk) refers to n32g45x_rcc.o(i.RCC_ConfigAdcPllClk) for RCC_ConfigAdcPllClk
    n32g45x_adc.o(i.ADC_ConfigClk) refers to n32g45x_rcc.o(i.RCC_ConfigAdcHclk) for RCC_ConfigAdcHclk
    n32g45x_adc.o(i.ADC_ConfigClk) refers to n32g45x_adc.o(i.ADC_PLL_Clock_Mode_Config) for ADC_PLL_Clock_Mode_Config
    n32g45x_adc.o(i.ADC_ConfigClk) refers to n32g45x_adc.o(i.ADC_AHB_Clock_Mode_Config) for ADC_AHB_Clock_Mode_Config
    n32g45x_adc.o(i.ADC_DeInit) refers to n32g45x_rcc.o(i.RCC_EnableAHBPeriphReset) for RCC_EnableAHBPeriphReset
    n32g45x_bkp.o(i.BKP_DeInit) refers to n32g45x_rcc.o(i.RCC_EnableBackupReset) for RCC_EnableBackupReset
    n32g45x_can.o(i.CAN_DeInit) refers to n32g45x_rcc.o(i.RCC_EnableAPB1PeriphReset) for RCC_EnableAPB1PeriphReset
    n32g45x_can.o(i.CAN_GetIntStatus) refers to n32g45x_can.o(i.CheckINTStatus) for CheckINTStatus
    n32g45x_comp.o(i.COMP_GetIntStsOneComp) refers to n32g45x_comp.o(i.COMP_GetIntSts) for COMP_GetIntSts
    n32g45x_dac.o(i.DAC_DeInit) refers to n32g45x_rcc.o(i.RCC_EnableAPB1PeriphReset) for RCC_EnableAPB1PeriphReset
    n32g45x_dvp.o(i.DVP_ResetReg) refers to n32g45x_rcc.o(i.RCC_EnableAPB2PeriphReset) for RCC_EnableAPB2PeriphReset
    n32g45x_eth.o(i.ETH_ConfigDmaPtpRxDescInChainMode) refers to n32g45x_eth.o(.data) for .data
    n32g45x_eth.o(i.ETH_ConfigDmaPtpTxDescInChainMode) refers to n32g45x_eth.o(.data) for .data
    n32g45x_eth.o(i.ETH_ConfigDmaRxDescInChainMode) refers to n32g45x_eth.o(.data) for .data
    n32g45x_eth.o(i.ETH_ConfigDmaRxDescInRingMode) refers to n32g45x_eth.o(.data) for .data
    n32g45x_eth.o(i.ETH_ConfigDmaTxDescInChainMode) refers to n32g45x_eth.o(.data) for .data
    n32g45x_eth.o(i.ETH_ConfigDmaTxDescInRingMode) refers to n32g45x_eth.o(.data) for .data
    n32g45x_eth.o(i.ETH_ConfigGpio) refers to n32g45x_gpio.o(i.GPIO_ConfigPinRemap) for GPIO_ConfigPinRemap
    n32g45x_eth.o(i.ETH_ConfigGpio) refers to n32g45x_gpio.o(i.GPIO_InitPeripheral) for GPIO_InitPeripheral
    n32g45x_eth.o(i.ETH_DeInit) refers to n32g45x_rcc.o(i.RCC_EnableAHBPeriphReset) for RCC_EnableAHBPeriphReset
    n32g45x_eth.o(i.ETH_DropRxPacket) refers to n32g45x_eth.o(.data) for .data
    n32g45x_eth.o(i.ETH_EnablePhyLoopBack) refers to n32g45x_eth.o(i.ETH_ReadPhyRegister) for ETH_ReadPhyRegister
    n32g45x_eth.o(i.ETH_EnablePhyLoopBack) refers to n32g45x_eth.o(i.ETH_WritePhyRegister) for ETH_WritePhyRegister
    n32g45x_eth.o(i.ETH_EnableTxRx) refers to n32g45x_eth.o(i.ETH_EnableMacTx) for ETH_EnableMacTx
    n32g45x_eth.o(i.ETH_EnableTxRx) refers to n32g45x_eth.o(i.ETH_FlushTxFifo) for ETH_FlushTxFifo
    n32g45x_eth.o(i.ETH_EnableTxRx) refers to n32g45x_eth.o(i.ETH_EnableMacRx) for ETH_EnableMacRx
[...]
    Removing tasks.o(i.vTaskSuspend), (188 bytes).
    Removing tasks.o(i.vTaskSuspendAll), (16 bytes).
    Removing tasks.o(i.xTaskCheckForTimeOut), (124 bytes).
    Removing tasks.o(i.xTaskCreate), (96 bytes).
    Removing tasks.o(i.xTaskGenericNotify), (232 bytes).
    Removing tasks.o(i.xTaskGenericNotifyFromISR), (276 bytes).
    Removing tasks.o(i.xTaskGetCurrentTaskHandle), (12 bytes).
    Removing tasks.o(i.xTaskGetTickCount), (12 bytes).
    Removing tasks.o(i.xTaskGetTickCountFromISR), (16 bytes).
    Removing tasks.o(i.xTaskNotifyStateClear), (52 bytes).
    Removing tasks.o(i.xTaskNotifyWait), (144 bytes).
    Removing tasks.o(i.xTaskPriorityDisinherit), (152 bytes).
    Removing tasks.o(i.xTaskPriorityInherit), (152 bytes).
    Removing tasks.o(i.xTaskRemoveFromEventList), (124 bytes).
    Removing tasks.o(i.xTaskResumeAll), (204 bytes).
    Removing tasks.o(i.xTaskResumeFromISR), (144 bytes).
    Removing heap_4.o(i.prvHeapInit), (76 bytes).
    Removing heap_4.o(i.prvInsertBlockIntoFreeList), (84 bytes).
    Removing heap_4.o(i.pvPortMalloc), (212 bytes).
    Removing heap_4.o(i.vPortFree), (92 bytes).
    Removing heap_4.o(i.vPortInitialiseBlocks), (2 bytes).
    Removing heap_4.o(i.xPortGetFreeHeapSize), (12 bytes).
    Removing heap_4.o(i.xPortGetMinimumEverFreeHeapSize), (12 bytes).
    Removing heap_4.o(.bss), (15360 bytes).
    Removing heap_4.o(.data), (24 bytes).
    Removing port.o(i.prvTaskExitError), (44 bytes).
    Removing port.o(i.pxPortInitialiseStack), (36 bytes).
    Removing port.o(i.vPortEndScheduler), (32 bytes).
    Removing port.o(i.vPortEnterCritical), (64 bytes).
    Removing port.o(i.vPortExitCritical), (44 bytes).
    Removing port.o(i.vPortSetupTimerInterrupt), (36 bytes).
    Removing port.o(i.vPortValidateInterruptPriority), (84 bytes).
    Removing port.o(i.xPortStartScheduler), (244 bytes).
    Removing port.o(.data), (12 bytes).
    Removing cmsis_os.o(.rev16_text), (4 bytes).
    Removing cmsis_os.o(.revsh_text), (4 bytes).
    Removing cmsis_os.o(.rrx_text), (6 bytes).
    Removing cmsis_os.o(i.inHandlerMode), (16 bytes).
    Removing cmsis_os.o(i.makeCmsisPriority), (14 bytes).
    Removing cmsis_os.o(i.makeFreeRtosPriority), (12 bytes).
    Removing cmsis_os.o(i.osAbortDelay), (4 bytes).
    Removing cmsis_os.o(i.osDelay), (16 bytes).
    Removing cmsis_os.o(i.osDelayUntil), (4 bytes).
    Removing cmsis_os.o(i.osKernelRunning), (18 bytes).
    Removing cmsis_os.o(i.osKernelStart), (10 bytes).
    Removing cmsis_os.o(i.osKernelSysTick), (24 bytes).
    Removing cmsis_os.o(i.osMailAlloc), (14 bytes).
    Removing cmsis_os.o(i.osMailCAlloc), (34 bytes).
    Removing cmsis_os.o(i.osMailCreate), (100 bytes).
    Removing cmsis_os.o(i.osMailFree), (14 bytes).
    Removing cmsis_os.o(i.osMailGet), (148 bytes).
    Removing cmsis_os.o(i.osMailPut), (96 bytes).
    Removing cmsis_os.o(i.osMessageAvailableSpace), (4 bytes).
    Removing cmsis_os.o(i.osMessageCreate), (8 bytes).
    Removing cmsis_os.o(i.osMessageDelete), (24 bytes).
    Removing cmsis_os.o(i.osMessageGet), (148 bytes).
    Removing cmsis_os.o(i.osMessagePeek), (76 bytes).
    Removing cmsis_os.o(i.osMessagePut), (96 bytes).
    Removing cmsis_os.o(i.osMessageWaiting), (30 bytes).
    Removing cmsis_os.o(i.osMutexCreate), (6 bytes).
    Removing cmsis_os.o(i.osMutexDelete), (24 bytes).
    Removing cmsis_os.o(i.osMutexRelease), (80 bytes).
    Removing cmsis_os.o(i.osMutexWait), (104 bytes).
    Removing cmsis_os.o(i.osPoolAlloc), (106 bytes).
    Removing cmsis_os.o(i.osPoolCAlloc), (16 bytes).
    Removing cmsis_os.o(i.osPoolCreate), (106 bytes).
    Removing cmsis_os.o(i.osPoolFree), (66 bytes).
    Removing cmsis_os.o(i.osRecursiveMutexCreate), (4 bytes).
    Removing cmsis_os.o(i.osRecursiveMutexRelease), (4 bytes).
    Removing cmsis_os.o(i.osRecursiveMutexWait), (4 bytes).
    Removing cmsis_os.o(i.osSemaphoreCreate), (40 bytes).
    Removing cmsis_os.o(i.osSemaphoreDelete), (24 bytes).
    Removing cmsis_os.o(i.osSemaphoreGetCount), (4 bytes).
    Removing cmsis_os.o(i.osSemaphoreRelease), (80 bytes).
    Removing cmsis_os.o(i.osSemaphoreWait), (104 bytes).
    Removing cmsis_os.o(i.osSignalSet), (96 bytes).
    Removing cmsis_os.o(i.osSignalWait), (90 bytes).
    Removing cmsis_os.o(i.osSystickHandler), (20 bytes).
    Removing cmsis_os.o(i.osThreadCreate), (46 bytes).
    Removing cmsis_os.o(i.osThreadGetId), (4 bytes).
    Removing cmsis_os.o(i.osThreadGetPriority), (38 bytes).
    Removing cmsis_os.o(i.osThreadList), (4 bytes).
    Removing cmsis_os.o(i.osThreadResume), (52 bytes).
    Removing cmsis_os.o(i.osThreadResumeAll), (18 bytes).
    Removing cmsis_os.o(i.osThreadSetPriority), (22 bytes).
    Removing cmsis_os.o(i.osThreadSuspend), (10 bytes).
    Removing cmsis_os.o(i.osThreadSuspendAll), (10 bytes).
    Removing cmsis_os.o(i.osThreadTerminate), (10 bytes).
    Removing cmsis_os.o(i.osThreadYield), (24 bytes).
    Removing cmsis_os.o(i.osTimerCreate), (4 bytes).
    Removing cmsis_os.o(i.osTimerDelete), (4 bytes).
    Removing cmsis_os.o(i.osTimerStart), (4 bytes).
    Removing cmsis_os.o(i.osTimerStop), (4 bytes).
    Removing delay.o(.rev16_text), (4 bytes).
    Removing delay.o(.revsh_text), (4 bytes).
    Removing delay.o(.rrx_text), (6 bytes).
    Removing delay.o(i.User_Delay_ms), (52 bytes).
    Removing delay.o(i.User_Delay_us), (52 bytes).
    Removing delay.o(i.User_Delay_xms), (76 bytes).
    Removing main.o(.rev16_text), (4 bytes).
    Removing main.o(.revsh_text), (4 bytes).
    Removing main.o(.rrx_text), (6 bytes).
    Removing main.o(i.DumpClock), (160 bytes).
    Removing main.o(i.SetSysClockToHSE), (80 bytes).
    Removing main.o(i.SetSysClockToPLL), (296 bytes).
    Removing main.o(i.StartDefaultTask), (8 bytes).
    Removing main.o(i.StartStop2Mode), (176 bytes).
    Removing main.o(i.SysTick_Init), (36 bytes).
    Removing main.o(i.Uart1_Data_Deal), (128 bytes).
    Removing main.o(i.bg77_task), (18 bytes).
    Removing main.o(i.delay_us), (18 bytes).
    Removing main.o(i.led2_task), (12 bytes).
    Removing main.o(.bss), (24 bytes).
    Removing main.o(.data), (1 bytes).
    Removing main.o(.data), (4 bytes).
    Removing main.o(.data), (4 bytes).
    Removing main.o(.data), (4 bytes).
    Removing n32g45x_it.o(.rev16_text), (4 bytes).
    Removing n32g45x_it.o(.revsh_text), (4 bytes).
    Removing n32g45x_it.o(.rrx_text), (6 bytes).
    Removing ota.o(.rev16_text), (4 bytes).
    Removing ota.o(.revsh_text), (4 bytes).
    Removing ota.o(.rrx_text), (6 bytes).
    Removing ota.o(i.Read_OTA_Flag), (12 bytes).
    Removing ota.o(i.Write_OTA_Flag), (36 bytes).
    Removing bg77.o(.rev16_text), (4 bytes).
    Removing bg77.o(.revsh_text), (4 bytes).
    Removing bg77.o(.rrx_text), (6 bytes).
    Removing bg77.o(i.BG77_Task_Deal), (108 bytes).
    Removing bg77.o(i.Send_AT_Commend), (52 bytes).
    Removing bg77.o(.data), (1 bytes).
    Removing bg77.o(.data), (1 bytes).
    Removing bg77.o(.data), (1 bytes).
    Removing dadd.o(.text), (334 bytes).
    Removing dmul.o(.text), (228 bytes).
    Removing ddiv.o(.text), (222 bytes).
    Removing dfixul.o(.text), (48 bytes).
    Removing cdrcmple.o(.text), (48 bytes).
    Removing depilogue.o(.text), (186 bytes).

998 unused section(s) (total 59737 bytes) removed from the image.

==============================================================================

Image Symbol Table

    Local Symbols

    Symbol Name                              Value     Ov Type        Size  Object(Section)

    ../clib/microlib/division.c              0x00000000   Number         0  uldiv.o ABSOLUTE
    ../clib/microlib/division.c              0x00000000   Number         0  uidiv.o ABSOLUTE
    ../clib/microlib/init/entry.s            0x00000000   Number         0  entry10b.o ABSOLUTE
    ../clib/microlib/init/entry.s            0x00000000   Number         0  entry10a.o ABSOLUTE
    ../clib/microlib/init/entry.s            0x00000000   Number         0  entry9b.o ABSOLUTE
    ../clib/microlib/init/entry.s            0x00000000   Number         0  entry9a.o ABSOLUTE
    ../clib/microlib/init/entry.s            0x00000000   Number         0  entry8b.o ABSOLUTE
    ../clib/microlib/init/entry.s            0x00000000   Number         0  entry8a.o ABSOLUTE
    ../clib/microlib/init/entry.s            0x00000000   Number         0  entry7b.o ABSOLUTE
    ../clib/microlib/init/entry.s            0x00000000   Number         0  entry7a.o ABSOLUTE
    ../clib/microlib/init/entry.s            0x00000000   Number         0  entry5.o ABSOLUTE
    ../clib/microlib/init/entry.s            0x00000000   Number         0  entry2.o ABSOLUTE
    ../clib/microlib/init/entry.s            0x00000000   Number         0  entry11b.o ABSOLUTE
    ../clib/microlib/init/entry.s            0x00000000   Number         0  entry12b.o ABSOLUTE
    ../clib/microlib/init/entry.s            0x00000000   Number         0  entry12a.o ABSOLUTE
    ../clib/microlib/init/entry.s            0x00000000   Number         0  entry.o ABSOLUTE
    ../clib/microlib/init/entry.s            0x00000000   Number         0  entry11a.o ABSOLUTE
    ../clib/microlib/longlong.c              0x00000000   Number         0  llsshr.o ABSOLUTE
    ../clib/microlib/longlong.c              0x00000000   Number         0  llushr.o ABSOLUTE
    ../clib/microlib/longlong.c              0x00000000   Number         0  llshl.o ABSOLUTE
    ../clib/microlib/printf/printf.c         0x00000000   Number         0  printf1.o ABSOLUTE
    ../clib/microlib/printf/printf.c         0x00000000   Number         0  printf3.o ABSOLUTE
    ../clib/microlib/printf/printf.c         0x00000000   Number         0  printf4.o ABSOLUTE
    ../clib/microlib/printf/printf.c         0x00000000   Number         0  printf5.o ABSOLUTE
    ../clib/microlib/printf/printf.c         0x00000000   Number         0  printf6.o ABSOLUTE
    ../clib/microlib/printf/printf.c         0x00000000   Number         0  printfb.o ABSOLUTE
    ../clib/microlib/printf/printf.c         0x00000000   Number         0  printf7.o ABSOLUTE
    ../clib/microlib/printf/printf.c         0x00000000   Number         0  printf0.o ABSOLUTE
    ../clib/microlib/printf/printf.c         0x00000000   Number         0  printfa.o ABSOLUTE
    ../clib/microlib/printf/printf.c         0x00000000   Number         0  printf2.o ABSOLUTE
    ../clib/microlib/printf/printf.c         0x00000000   Number         0  printf8.o ABSOLUTE
    ../clib/microlib/printf/stubs.s          0x00000000   Number         0  stubs.o ABSOLUTE
    ../clib/microlib/stdio/streams.c         0x00000000   Number         0  stdout.o ABSOLUTE
    ../clib/microlib/string/memcpy.c         0x00000000   Number         0  memcpya.o ABSOLUTE
    ../clib/microlib/string/memcpy.c         0x00000000   Number         0  memcpyb.o ABSOLUTE
    ../clib/microlib/string/memset.c         0x00000000   Number         0  memset.o ABSOLUTE
    ../clib/microlib/string/memset.c         0x00000000   Number         0  memseta.o ABSOLUTE
    ../clib/microlib/string/strcmp.c         0x00000000   Number         0  strcmp.o ABSOLUTE
    ../clib/microlib/stubs.s                 0x00000000   Number         0  iusefp.o ABSOLUTE
    ../fplib/microlib/fpadd.c                0x00000000   Number         0  dadd.o ABSOLUTE
    ../fplib/microlib/fpdiv.c                0x00000000   Number         0  ddiv.o ABSOLUTE
    ../fplib/microlib/fpepilogue.c           0x00000000   Number         0  depilogue.o ABSOLUTE
    ../fplib/microlib/fpfix.c                0x00000000   Number         0  dfixul.o ABSOLUTE
    ../fplib/microlib/fpmul.c                0x00000000   Number         0  dmul.o ABSOLUTE
    ..\DRIVER\src\bsp_adc.c                  0x00000000   Number         0  bsp_adc.o ABSOLUTE
    ..\DRIVER\src\bsp_exti.c                 0x00000000   Number         0  bsp_exti.o ABSOLUTE
    ..\DRIVER\src\bsp_iic.c                  0x00000000   Number         0  bsp_iic.o ABSOLUTE
    ..\DRIVER\src\bsp_led.c                  0x00000000   Number         0  bsp_led.o ABSOLUTE
    ..\DRIVER\src\bsp_rtc.c                  0x00000000   Number         0  bsp_rtc.o ABSOLUTE
    ..\DRIVER\src\bsp_tim.c                  0x00000000   Number         0  bsp_tim.o ABSOLUTE
    ..\DRIVER\src\bsp_uart.c                 0x00000000   Number         0  bsp_uart.o ABSOLUTE
    ..\DRIVER\src\debug.c                    0x00000000   Number         0  debug.o ABSOLUTE
    ..\FreeRTOS\CMSIS_RTOS\cmsis_os.c        0x00000000   Number         0  cmsis_os.o ABSOLUTE
    ..\FreeRTOS\croutine.c                   0x00000000   Number         0  croutine.o ABSOLUTE
    ..\FreeRTOS\event_groups.c               0x00000000   Number         0  event_groups.o ABSOLUTE
    ..\FreeRTOS\list.c                       0x00000000   Number         0  list.o ABSOLUTE
    ..\FreeRTOS\portable\MemMang\heap_4.c    0x00000000   Number         0  heap_4.o ABSOLUTE
    ..\FreeRTOS\portable\RVDS\ARM_CM4F\port.c 0x00000000   Number         0  port.o ABSOLUTE
    ..\FreeRTOS\queue.c                      0x00000000   Number         0  queue.o ABSOLUTE
    ..\FreeRTOS\stream_buffer.c              0x00000000   Number         0  stream_buffer.o ABSOLUTE
    ..\FreeRTOS\tasks.c                      0x00000000   Number         0  tasks.o ABSOLUTE
    ..\FreeRTOS\timers.c                     0x00000000   Number         0  timers.o ABSOLUTE
    ..\USER\src\BG77.c                       0x00000000   Number         0  bg77.o ABSOLUTE
    ..\USER\src\Delay.c                      0x00000000   Number         0  delay.o ABSOLUTE
    ..\USER\src\OTA.c                        0x00000000   Number         0  ota.o ABSOLUTE
    ..\USER\src\main.c                       0x00000000   Number         0  main.o ABSOLUTE
    ..\USER\src\n32g45x_it.c                 0x00000000   Number         0  n32g45x_it.o ABSOLUTE
    ..\\DRIVER\\src\\bsp_adc.c               0x00000000   Number         0  bsp_adc.o ABSOLUTE
    ..\\DRIVER\\src\\bsp_exti.c              0x00000000   Number         0  bsp_exti.o ABSOLUTE
    ..\\DRIVER\\src\\bsp_iic.c               0x00000000   Number         0  bsp_iic.o ABSOLUTE
    ..\\DRIVER\\src\\bsp_led.c               0x00000000   Number         0  bsp_led.o ABSOLUTE
    ..\\DRIVER\\src\\bsp_rtc.c               0x00000000   Number         0  bsp_rtc.o ABSOLUTE
    ..\\DRIVER\\src\\bsp_tim.c               0x00000000   Number         0  bsp_tim.o ABSOLUTE
    ..\\DRIVER\\src\\bsp_uart.c              0x00000000   Number         0  bsp_uart.o ABSOLUTE
    ..\\DRIVER\\src\\debug.c                 0x00000000   Number         0  debug.o ABSOLUTE
    ..\\FreeRTOS\\CMSIS_RTOS\\cmsis_os.c     0x00000000   Number         0  cmsis_os.o ABSOLUTE
    ..\\FreeRTOS\\portable\\RVDS\\ARM_CM4F\\port.c 0x00000000   Number         0  port.o ABSOLUTE
    ..\\USER\\src\\BG77.c                    0x00000000   Number         0  bg77.o ABSOLUTE
    ..\\USER\\src\\Delay.c                   0x00000000   Number         0  delay.o ABSOLUTE
    ..\\USER\\src\\OTA.c                     0x00000000   Number         0  ota.o ABSOLUTE
    ..\\USER\\src\\main.c                    0x00000000   Number         0  main.o ABSOLUTE
    ..\\USER\\src\\n32g45x_it.c              0x00000000   Number         0  n32g45x_it.o ABSOLUTE
    ..\\firmware\\CMSIS\\device\\system_n32g45x.c 0x00000000   Number         0  system_n32g45x.o ABSOLUTE
    ..\\firmware\\n32g45x_std_periph_driver\\src\\misc.c 0x00000000   Number         0  misc.o ABSOLUTE
    ..\\firmware\\n32g45x_std_periph_driver\\src\\n32g45x_adc.c 0x00000000   Number         0  n32g45x_adc.o ABSOLUTE
    ..\\firmware\\n32g45x_std_periph_driver\\src\\n32g45x_bkp.c 0x00000000   Number         0  n32g45x_bkp.o ABSOLUTE
    ..\\firmware\\n32g45x_std_periph_driver\\src\\n32g45x_can.c 0x00000000   Number         0  n32g45x_can.o ABSOLUTE
    ..\\firmware\\n32g45x_std_periph_driver\\src\\n32g45x_comp.c 0x00000000   Number         0  n32g45x_comp.o ABSOLUTE
    ..\\firmware\\n32g45x_std_periph_driver\\src\\n32g45x_crc.c 0x00000000   Number         0  n32g45x_crc.o ABSOLUTE
    ..\\firmware\\n32g45x_std_periph_driver\\src\\n32g45x_dac.c 0x00000000   Number         0  n32g45x_dac.o ABSOLUTE
    ..\\firmware\\n32g45x_std_periph_driver\\src\\n32g45x_dbg.c 0x00000000   Number         0  n32g45x_dbg.o ABSOLUTE
    ..\\firmware\\n32g45x_std_periph_driver\\src\\n32g45x_dma.c 0x00000000   Number         0  n32g45x_dma.o ABSOLUTE
    ..\\firmware\\n32g45x_std_periph_driver\\src\\n32g45x_dvp.c 0x00000000   Number         0  n32g45x_dvp.o ABSOLUTE
    ..\\firmware\\n32g45x_std_periph_driver\\src\\n32g45x_eth.c 0x00000000   Number         0  n32g45x_eth.o ABSOLUTE
    ..\\firmware\\n32g45x_std_periph_driver\\src\\n32g45x_exti.c 0x00000000   Number         0  n32g45x_exti.o ABSOLUTE
    ..\\firmware\\n32g45x_std_periph_driver\\src\\n32g45x_flash.c 0x00000000   Number         0  n32g45x_flash.o ABSOLUTE
    ..\\firmware\\n32g45x_std_periph_driver\\src\\n32g45x_gpio.c 0x00000000   Number         0  n32g45x_gpio.o ABSOLUTE
    ..\\firmware\\n32g45x_std_periph_driver\\src\\n32g45x_i2c.c 0x00000000   Number         0  n32g45x_i2c.o ABSOLUTE
    ..\\firmware\\n32g45x_std_periph_driver\\src\\n32g45x_iwdg.c 0x00000000   Number         0  n32g45x_iwdg.o ABSOLUTE
    ..\\firmware\\n32g45x_std_periph_driver\\src\\n32g45x_opamp.c 0x00000000   Number         0  n32g45x_opamp.o ABSOLUTE
    ..\\firmware\\n32g45x_std_periph_driver\\src\\n32g45x_pwr.c 0x00000000   Number         0  n32g45x_pwr.o ABSOLUTE
    ..\\firmware\\n32g45x_std_periph_driver\\src\\n32g45x_qspi.c 0x00000000   Number         0  n32g45x_qspi.o ABSOLUTE
    ..\\firmware\\n32g45x_std_periph_driver\\src\\n32g45x_rcc.c 0x00000000   Number         0  n32g45x_rcc.o ABSOLUTE
    ..\\firmware\\n32g45x_std_periph_driver\\src\\n32g45x_rtc.c 0x00000000   Number         0  n32g45x_rtc.o ABSOLUTE
    ..\\firmware\\n32g45x_std_periph_driver\\src\\n32g45x_sdio.c 0x00000000   Number         0  n32g45x_sdio.o ABSOLUTE
    ..\\firmware\\n32g45x_std_periph_driver\\src\\n32g45x_spi.c 0x00000000   Number         0  n32g45x_spi.o ABSOLUTE
    ..\\firmware\\n32g45x_std_periph_driver\\src\\n32g45x_tim.c 0x00000000   Number         0  n32g45x_tim.o ABSOLUTE
    ..\\firmware\\n32g45x_std_periph_driver\\src\\n32g45x_tsc.c 0x00000000   Number         0  n32g45x_tsc.o ABSOLUTE
    ..\\firmware\\n32g45x_std_periph_driver\\src\\n32g45x_usart.c 0x00000000   Number         0  n32g45x_usart.o ABSOLUTE
    ..\\firmware\\n32g45x_std_periph_driver\\src\\n32g45x_wwdg.c 0x00000000   Number         0  n32g45x_wwdg.o ABSOLUTE
    ..\firmware\CMSIS\device\startup\startup_n32g45x.s 0x00000000   Number         0  startup_n32g45x.o ABSOLUTE
    ..\firmware\CMSIS\device\system_n32g45x.c 0x00000000   Number         0  system_n32g45x.o ABSOLUTE
    ..\firmware\n32g45x_std_periph_driver\src\misc.c 0x00000000   Number         0  misc.o ABSOLUTE
    ..\firmware\n32g45x_std_periph_driver\src\n32g45x_adc.c 0x00000000   Number         0  n32g45x_adc.o ABSOLUTE
    ..\firmware\n32g45x_std_periph_driver\src\n32g45x_bkp.c 0x00000000   Number         0  n32g45x_bkp.o ABSOLUTE
    ..\firmware\n32g45x_std_periph_driver\src\n32g45x_can.c 0x00000000   Number         0  n32g45x_can.o ABSOLUTE
    ..\firmware\n32g45x_std_periph_driver\src\n32g45x_comp.c 0x00000000   Number         0  n32g45x_comp.o ABSOLUTE
    ..\firmware\n32g45x_std_periph_driver\src\n32g45x_crc.c 0x00000000   Number         0  n32g45x_crc.o ABSOLUTE
    ..\firmware\n32g45x_std_periph_driver\src\n32g45x_dac.c 0x00000000   Number         0  n32g45x_dac.o ABSOLUTE
    ..\firmware\n32g45x_std_periph_driver\src\n32g45x_dbg.c 0x00000000   Number         0  n32g45x_dbg.o ABSOLUTE
    ..\firmware\n32g45x_std_periph_driver\src\n32g45x_dma.c 0x00000000   Number         0  n32g45x_dma.o ABSOLUTE
    ..\firmware\n32g45x_std_periph_driver\src\n32g45x_dvp.c 0x00000000   Number         0  n32g45x_dvp.o ABSOLUTE
    ..\firmware\n32g45x_std_periph_driver\src\n32g45x_eth.c 0x00000000   Number         0  n32g45x_eth.o ABSOLUTE
    ..\firmware\n32g45x_std_periph_driver\src\n32g45x_exti.c 0x00000000   Number         0  n32g45x_exti.o ABSOLUTE
    ..\firmware\n32g45x_std_periph_driver\src\n32g45x_flash.c 0x00000000   Number         0  n32g45x_flash.o ABSOLUTE
    ..\firmware\n32g45x_std_periph_driver\src\n32g45x_gpio.c 0x00000000   Number         0  n32g45x_gpio.o ABSOLUTE
    ..\firmware\n32g45x_std_periph_driver\src\n32g45x_i2c.c 0x00000000   Number         0  n32g45x_i2c.o ABSOLUTE
    ..\firmware\n32g45x_std_periph_driver\src\n32g45x_iwdg.c 0x00000000   Number         0  n32g45x_iwdg.o ABSOLUTE
    ..\firmware\n32g45x_std_periph_driver\src\n32g45x_opamp.c 0x00000000   Number         0  n32g45x_opamp.o ABSOLUTE
    ..\firmware\n32g45x_std_periph_driver\src\n32g45x_pwr.c 0x00000000   Number         0  n32g45x_pwr.o ABSOLUTE
    ..\firmware\n32g45x_std_periph_driver\src\n32g45x_qspi.c 0x00000000   Number         0  n32g45x_qspi.o ABSOLUTE
    ..\firmware\n32g45x_std_periph_driver\src\n32g45x_rcc.c 0x00000000   Number         0  n32g45x_rcc.o ABSOLUTE
    ..\firmware\n32g45x_std_periph_driver\src\n32g45x_rtc.c 0x00000000   Number         0  n32g45x_rtc.o ABSOLUTE
    ..\firmware\n32g45x_std_periph_driver\src\n32g45x_sdio.c 0x00000000   Number         0  n32g45x_sdio.o ABSOLUTE
    ..\firmware\n32g45x_std_periph_driver\src\n32g45x_spi.c 0x00000000   Number         0  n32g45x_spi.o ABSOLUTE
    ..\firmware\n32g45x_std_periph_driver\src\n32g45x_tim.c 0x00000000   Number         0  n32g45x_tim.o ABSOLUTE
    ..\firmware\n32g45x_std_periph_driver\src\n32g45x_tsc.c 0x00000000   Number         0  n32g45x_tsc.o ABSOLUTE
    ..\firmware\n32g45x_std_periph_driver\src\n32g45x_usart.c 0x00000000   Number         0  n32g45x_usart.o ABSOLUTE
    ..\firmware\n32g45x_std_periph_driver\src\n32g45x_wwdg.c 0x00000000   Number         0  n32g45x_wwdg.o ABSOLUTE
    cdrcmple.s                               0x00000000   Number         0  cdrcmple.o ABSOLUTE
    dc.s                                     0x00000000   Number         0  dc.o ABSOLUTE
    handlers.s                               0x00000000   Number         0  handlers.o ABSOLUTE
    init.s                                   0x00000000   Number         0  init.o ABSOLUTE
    RESET                                    0x08000000   Section      408  startup_n32g45x.o(RESET)
    .ARM.Collect$$$$00000000                 0x08000198   Section        0  entry.o(.ARM.Collect$$$$00000000)
    .ARM.Collect$$$$00000001                 0x08000198   Section        4  entry2.o(.ARM.Collect$$$$00000001)
    .ARM.Collect$$$$00000004                 0x0800019c   Section        4  entry5.o(.ARM.Collect$$$$00000004)
    .ARM.Collect$$$$00000008                 0x080001a0   Section        0  entry7b.o(.ARM.Collect$$$$00000008)
    .ARM.Collect$$$$0000000A                 0x080001a0   Section        0  entry8b.o(.ARM.Collect$$$$0000000A)
    .ARM.Collect$$$$0000000B                 0x080001a0   Section        8  entry9a.o(.ARM.Collect$$$$0000000B)
    .ARM.Collect$$$$0000000E                 0x080001a8   Section        4  entry12b.o(.ARM.Collect$$$$0000000E)
    .ARM.Collect$$$$0000000F                 0x080001ac   Section        0  entry10a.o(.ARM.Collect$$$$0000000F)
    .ARM.Collect$$$$00000011                 0x080001ac   Section        0  entry11a.o(.ARM.Collect$$$$00000011)
    .ARM.Collect$$$$00002712                 0x080001ac   Section        4  entry2.o(.ARM.Collect$$$$00002712)
    __lit__00000000                          0x080001ac   Data           4  entry2.o(.ARM.Collect$$$$00002712)
    .emb_text                                0x080001b0   Section      190  port.o(.emb_text)
    $v0                                      0x080001b0   Number         0  port.o(.emb_text)
    .text                                    0x08000270   Section       36  startup_n32g45x.o(.text)
    $v0                                      0x08000270   Number         0  startup_n32g45x.o(.text)
    RESERVE48_IRQHandler                     0x0800028b   Thumb Code     0  startup_n32g45x.o(.text)
    .text                                    0x08000294   Section        0  uidiv.o(.text)
    .text                                    0x080002c0   Section       36  init.o(.text)
    i.ADC2_Init                              0x080002e4   Section        0  bsp_adc.o(i.ADC2_Init)
    i.ADC_AHB_Clock_Mode_Config              0x080002f0   Section        0  n32g45x_adc.o(i.ADC_AHB_Clock_Mode_Config)
    i.ADC_ConfigClk                          0x080002fc   Section        0  n32g45x_adc.o(i.ADC_ConfigClk)
    i.ADC_Enable                             0x08000374   Section        0  n32g45x_adc.o(i.ADC_Enable)
    i.ADC_GetCalibrationStatus               0x08000398   Section        0  n32g45x_adc.o(i.ADC_GetCalibrationStatus)
    i.ADC_GetFlagStatusNew                   0x080003ae   Section        0  n32g45x_adc.o(i.ADC_GetFlagStatusNew)
    i.ADC_Init                               0x080003bc   Section        0  n32g45x_adc.o(i.ADC_Init)
    i.ADC_Initial                            0x0800040c   Section        0  bsp_adc.o(i.ADC_Initial)
    i.ADC_PLL_Clock_Mode_Config              0x08000460   Section        0  n32g45x_adc.o(i.ADC_PLL_Clock_Mode_Config)
    i.ADC_StartCalibration                   0x0800046a   Section        0  n32g45x_adc.o(i.ADC_StartCalibration)
    i.BG77_GPIO_Init                         0x08000488   Section        0  bg77.o(i.BG77_GPIO_Init)
    i.BKP_DeInit                             0x08000518   Section        0  n32g45x_bkp.o(i.BKP_DeInit)
    i.BusFault_Handler                       0x0800052a   Section        0  n32g45x_it.o(i.BusFault_Handler)
    i.DEBUG_INIT                             0x0800052c   Section        0  debug.o(i.DEBUG_INIT)
    i.DebugMon_Handler                       0x080005cc   Section        0  n32g45x_it.o(i.DebugMon_Handler)
    i.EXTI0_IRQHandler                       0x080005ce   Section        0  n32g45x_it.o(i.EXTI0_IRQHandler)
    i.EXTI15_10_IRQHandler                   0x080005e8   Section        0  n32g45x_it.o(i.EXTI15_10_IRQHandler)
    i.EXTI_ClrITPendBit                      0x08000618   Section        0  n32g45x_exti.o(i.EXTI_ClrITPendBit)
    i.EXTI_GetITStatus                       0x08000624   Section        0  n32g45x_exti.o(i.EXTI_GetITStatus)
    i.EXTI_InitPeripheral                    0x08000644   Section        0  n32g45x_exti.o(i.EXTI_InitPeripheral)
    i.FLASH_PrefetchBufSet                   0x080006b8   Section        0  n32g45x_flash.o(i.FLASH_PrefetchBufSet)
    i.FLASH_SetLatency                       0x080006d0   Section        0  n32g45x_flash.o(i.FLASH_SetLatency)
    i.GPIO_ConfigEXTILine                    0x080006e4   Section        0  n32g45x_gpio.o(i.GPIO_ConfigEXTILine)
    i.GPIO_ConfigPinRemap                    0x0800070c   Section        0  n32g45x_gpio.o(i.GPIO_ConfigPinRemap)
    i.GPIO_Configuration                     0x08000870   Section        0  bsp_adc.o(i.GPIO_Configuration)
    GPIO_Configuration                       0x08000871   Thumb Code    24  bsp_adc.o(i.GPIO_Configuration)
    i.GPIO_InitPeripheral                    0x0800088c   Section        0  n32g45x_gpio.o(i.GPIO_InitPeripheral)
    i.GPIO_ResetBits                         0x08000932   Section        0  n32g45x_gpio.o(i.GPIO_ResetBits)
    i.GPIO_SetBits                           0x08000936   Section        0  n32g45x_gpio.o(i.GPIO_SetBits)
    i.Get_Rtc_Time                           0x0800093c   Section        0  bsp_rtc.o(i.Get_Rtc_Time)
    i.HardFault_Handler                      0x08000958   Section        0  n32g45x_it.o(i.HardFault_Handler)
    i.KeyInputExtiInit                       0x0800095a   Section        0  bsp_exti.o(i.KeyInputExtiInit)
    i.KeyWakeupInit                          0x080009bc   Section        0  bsp_exti.o(i.KeyWakeupInit)
    i.LED1_CMD                               0x080009e4   Section        0  bsp_led.o(i.LED1_CMD)
    i.LED1_INIT                              0x08000a00   Section        0  bsp_led.o(i.LED1_INIT)
    i.LED2_CMD                               0x08000a2c   Section        0  bsp_led.o(i.LED2_CMD)
    i.LED2_INIT                              0x08000a48   Section        0  bsp_led.o(i.LED2_INIT)
    i.MemManage_Handler                      0x08000a74   Section        0  n32g45x_it.o(i.MemManage_Handler)
    i.NMI_Handler                            0x08000a76   Section        0  n32g45x_it.o(i.NMI_Handler)
    i.NVIC_Configuration                     0x08000a78   Section        0  bsp_uart.o(i.NVIC_Configuration)
    NVIC_Configuration                       0x08000a79   Thumb Code    36  bsp_uart.o(i.NVIC_Configuration)
    i.NVIC_Configuration                     0x08000a9c   Section        0  debug.o(i.NVIC_Configuration)
    NVIC_Configuration                       0x08000a9d   Thumb Code    34  debug.o(i.NVIC_Configuration)
    i.NVIC_Init                              0x08000ac0   Section        0  misc.o(i.NVIC_Init)
    i.NVIC_PriorityGroupConfig               0x08000b24   Section        0  misc.o(i.NVIC_PriorityGroupConfig)
    i.PWR_BackupAccessEnable                 0x08000b38   Section        0  n32g45x_pwr.o(i.PWR_BackupAccessEnable)
    i.RCC_ConfigAdc1mClk                     0x08000b44   Section        0  n32g45x_rcc.o(i.RCC_ConfigAdc1mClk)
    i.RCC_ConfigAdcHclk                      0x08000b5c   Section        0  n32g45x_rcc.o(i.RCC_ConfigAdcHclk)
    i.RCC_ConfigAdcPllClk                    0x08000b70   Section        0  n32g45x_rcc.o(i.RCC_ConfigAdcPllClk)
    i.RCC_ConfigHclk                         0x08000b90   Section        0  n32g45x_rcc.o(i.RCC_ConfigHclk)
    i.RCC_ConfigHse                          0x08000ba4   Section        0  n32g45x_rcc.o(i.RCC_ConfigHse)
    i.RCC_ConfigLse                          0x08000bdc   Section        0  n32g45x_rcc.o(i.RCC_ConfigLse)
    i.RCC_ConfigPclk1                        0x08000c04   Section        0  n32g45x_rcc.o(i.RCC_ConfigPclk1)
    i.RCC_ConfigPclk2                        0x08000c18   Section        0  n32g45x_rcc.o(i.RCC_ConfigPclk2)
    i.RCC_ConfigRtcClk                       0x08000c2c   Section        0  n32g45x_rcc.o(i.RCC_ConfigRtcClk)
    i.RCC_ConfigSysclk                       0x08000c44   Section        0  n32g45x_rcc.o(i.RCC_ConfigSysclk)
    i.RCC_Configuration                      0x08000c58   Section        0  bsp_adc.o(i.RCC_Configuration)
    RCC_Configuration                        0x08000c59   Thumb Code    42  bsp_adc.o(i.RCC_Configuration)
    i.RCC_DeInit                             0x08000c84   Section        0  n32g45x_rcc.o(i.RCC_DeInit)
    i.RCC_EnableAHBPeriphClk                 0x08000cd4   Section        0  n32g45x_rcc.o(i.RCC_EnableAHBPeriphClk)
    i.RCC_EnableAPB1PeriphClk                0x08000cf0   Section        0  n32g45x_rcc.o(i.RCC_EnableAPB1PeriphClk)
    i.RCC_EnableAPB1PeriphReset              0x08000d0c   Section        0  n32g45x_rcc.o(i.RCC_EnableAPB1PeriphReset)
    i.RCC_EnableAPB2PeriphClk                0x08000d28   Section        0  n32g45x_rcc.o(i.RCC_EnableAPB2PeriphClk)
    i.RCC_EnableAPB2PeriphReset              0x08000d44   Section        0  n32g45x_rcc.o(i.RCC_EnableAPB2PeriphReset)
    i.RCC_EnableBackupReset                  0x08000d60   Section        0  n32g45x_rcc.o(i.RCC_EnableBackupReset)
    i.RCC_EnableHsi                          0x08000d6c   Section        0  n32g45x_rcc.o(i.RCC_EnableHsi)
    i.RCC_EnableLsi                          0x08000d78   Section        0  n32g45x_rcc.o(i.RCC_EnableLsi)
    i.RCC_EnableRtcClk                       0x08000d84   Section        0  n32g45x_rcc.o(i.RCC_EnableRtcClk)
    i.RCC_GetClocksFreqValue                 0x08000d90   Section        0  n32g45x_rcc.o(i.RCC_GetClocksFreqValue)
    i.RCC_GetFlagStatus                      0x08000e60   Section        0  n32g45x_rcc.o(i.RCC_GetFlagStatus)
    i.RCC_GetSysclkSrc                       0x08000e90   Section        0  n32g45x_rcc.o(i.RCC_GetSysclkSrc)
    i.RCC_WaitHseStable                      0x08000ea0   Section        0  n32g45x_rcc.o(i.RCC_WaitHseStable)
    i.RTC_Bcd2ToByte                         0x08000ed0   Section        0  n32g45x_rtc.o(i.RTC_Bcd2ToByte)
    RTC_Bcd2ToByte                           0x08000ed1   Thumb Code    18  n32g45x_rtc.o(i.RTC_Bcd2ToByte)
    i.RTC_ByteToBcd2                         0x08000ee2   Section        0  n32g45x_rtc.o(i.RTC_ByteToBcd2)
    RTC_ByteToBcd2                           0x08000ee3   Thumb Code    24  n32g45x_rtc.o(i.RTC_ByteToBcd2)
    i.RTC_CLKSourceConfig                    0x08000efc   Section        0  bsp_rtc.o(i.RTC_CLKSourceConfig)
    i.RTC_ClrIntPendingBit                   0x08001130   Section        0  n32g45x_rtc.o(i.RTC_ClrIntPendingBit)
    i.RTC_ConfigTime                         0x0800114c   Section        0  n32g45x_rtc.o(i.RTC_ConfigTime)
    i.RTC_Date_Time_Write                    0x080011ec   Section        0  bsp_rtc.o(i.RTC_Date_Time_Write)
    i.RTC_EnterInitMode                      0x08001224   Section        0  n32g45x_rtc.o(i.RTC_EnterInitMode)
    i.RTC_ExitInitMode                       0x08001264   Section        0  n32g45x_rtc.o(i.RTC_ExitInitMode)
    i.RTC_GetDate                            0x08001274   Section        0  n32g45x_rtc.o(i.RTC_GetDate)
    i.RTC_GetITStatus                        0x080012bc   Section        0  n32g45x_rtc.o(i.RTC_GetITStatus)
    i.RTC_GetTime                            0x080012e4   Section        0  n32g45x_rtc.o(i.RTC_GetTime)
    i.RTC_Init                               0x08001330   Section        0  n32g45x_rtc.o(i.RTC_Init)
    i.RTC_Init_test                          0x0800138c   Section        0  bsp_rtc.o(i.RTC_Init_test)
    i.RTC_PrescalerConfig                    0x080013b0   Section        0  bsp_rtc.o(i.RTC_PrescalerConfig)
    i.RTC_SetDate                            0x08001420   Section        0  n32g45x_rtc.o(i.RTC_SetDate)
    i.RTC_WKUP_IRQHandler                    0x080014c0   Section        0  n32g45x_it.o(i.RTC_WKUP_IRQHandler)
    i.RTC_WaitForSynchro                     0x080014e4   Section        0  n32g45x_rtc.o(i.RTC_WaitForSynchro)
    i.SetSysClock                            0x08001530   Section        0  system_n32g45x.o(i.SetSysClock)
    SetSysClock                              0x08001531   Thumb Code   172  system_n32g45x.o(i.SetSysClock)
    i.SetSysClockToHSI                       0x080015f4   Section        0  main.o(i.SetSysClockToHSI)
    i.SetVDDDBKTrim                          0x08001630   Section        0  system_n32g45x.o(i.SetVDDDBKTrim)
    SetVDDDBKTrim                            0x08001631   Thumb Code    60  system_n32g45x.o(i.SetVDDDBKTrim)
    i.SysTick_CLKSourceConfig                0x08001678   Section        0  misc.o(i.SysTick_CLKSourceConfig)
    i.SysTick_Handler                        0x0800168a   Section        0  main.o(i.SysTick_Handler)
    i.SystemInit                             0x080016a0   Section        0  system_n32g45x.o(i.SystemInit)
    i.TIM2_IRQHandler                        0x08001754   Section        0  n32g45x_it.o(i.TIM2_IRQHandler)
    i.TIM_ClrIntPendingBit                   0x08001790   Section        0  n32g45x_tim.o(i.TIM_ClrIntPendingBit)
    i.TIM_GetIntStatus                       0x08001796   Section        0  n32g45x_tim.o(i.TIM_GetIntStatus)
    i.UART5_IRQHandler                       0x080017b0   Section        0  n32g45x_it.o(i.UART5_IRQHandler)
    i.USART1_INIT                            0x080017e4   Section        0  bsp_uart.o(i.USART1_INIT)
    i.USART1_IRQHandler                      0x0800187c   Section        0  n32g45x_it.o(i.USART1_IRQHandler)
    i.USART_ClrIntPendingBit                 0x080018f8   Section        0  n32g45x_usart.o(i.USART_ClrIntPendingBit)
    i.USART_ConfigInt                        0x08001908   Section        0  n32g45x_usart.o(i.USART_ConfigInt)
    i.USART_DeInit                           0x08001940   Section        0  n32g45x_usart.o(i.USART_DeInit)
    i.USART_Enable                           0x08001a24   Section        0  n32g45x_usart.o(i.USART_Enable)
    i.USART_GetFlagStatus                    0x08001a3c   Section        0  n32g45x_usart.o(i.USART_GetFlagStatus)
    i.USART_GetIntStatus                     0x08001a4a   Section        0  n32g45x_usart.o(i.USART_GetIntStatus)
    i.USART_Init                             0x08001a8c   Section        0  n32g45x_usart.o(i.USART_Init)
    i.USART_ReceiveData                      0x08001b3c   Section        0  n32g45x_usart.o(i.USART_ReceiveData)
    i.USART_SendData                         0x08001b44   Section        0  n32g45x_usart.o(i.USART_SendData)
    i.UsageFault_Handler                     0x08001b4c   Section        0  n32g45x_it.o(i.UsageFault_Handler)
    i.User_Delay_init                        0x08001b50   Section        0  delay.o(i.User_Delay_init)
    i.__0printf$3                            0x08001b7c   Section        0  printf3.o(i.__0printf$3)
    i.__scatterload_copy                     0x08001b9c   Section       14  handlers.o(i.__scatterload_copy)
    i.__scatterload_null                     0x08001baa   Section        2  handlers.o(i.__scatterload_null)
    i.__scatterload_zeroinit                 0x08001bac   Section       14  handlers.o(i.__scatterload_zeroinit)
    i._printf_core                           0x08001bbc   Section        0  printf3.o(i._printf_core)
    _printf_core                             0x08001bbd   Thumb Code   436  printf3.o(i._printf_core)
    i.delay_ms                               0x08001d74   Section        0  main.o(i.delay_ms)
    i.fputc                                  0x08001d8c   Section        0  debug.o(i.fputc)
    i.main                                   0x08001de8   Section        0  main.o(i.main)
    i.prvResetNextTaskUnblockTime            0x08001e40   Section        0  tasks.o(i.prvResetNextTaskUnblockTime)
    prvResetNextTaskUnblockTime              0x08001e41   Thumb Code    30  tasks.o(i.prvResetNextTaskUnblockTime)
    i.uxListRemove                           0x08001e64   Section        0  list.o(i.uxListRemove)
    i.vListInsertEnd                         0x08001e8a   Section        0  list.o(i.vListInsertEnd)
    i.vTaskSwitchContext                     0x08001ea4   Section        0  tasks.o(i.vTaskSwitchContext)
    i.xPortSysTickHandler                    0x08001f04   Section        0  port.o(i.xPortSysTickHandler)
    i.xTaskGetSchedulerState                 0x08001f30   Section        0  tasks.o(i.xTaskGetSchedulerState)
    i.xTaskIncrementTick                     0x08001f4c   Section        0  tasks.o(i.xTaskIncrementTick)
    .constdata                               0x08002018   Section       64  n32g45x_rcc.o(.constdata)
    s_ApbAhbPresTable                        0x08002018   Data          16  n32g45x_rcc.o(.constdata)
    s_AdcHclkPresTable                       0x08002028   Data          16  n32g45x_rcc.o(.constdata)
    s_AdcPllClkPresTable                     0x08002038   Data          32  n32g45x_rcc.o(.constdata)
    .data                                    0x20000000   Section        4  system_n32g45x.o(.data)
    .data                                    0x20000004   Section       24  bsp_rtc.o(.data)
    .data                                    0x2000001c   Section        2  bsp_tim.o(.data)
    .data                                    0x2000001e   Section        2  bsp_uart.o(.data)
    .data                                    0x20000020   Section        1  bsp_uart.o(.data)
    .data                                    0x20000024   Section        4  debug.o(.data)
    is_lr_sent                               0x20000024   Data           4  debug.o(.data)
    .data                                    0x20000028   Section       60  tasks.o(.data)
    pxDelayedTaskList                        0x2000002c   Data           4  tasks.o(.data)
    pxOverflowDelayedTaskList                0x20000030   Data           4  tasks.o(.data)
    uxDeletedTasksWaitingCleanUp             0x20000034   Data           4  tasks.o(.data)
    uxCurrentNumberOfTasks                   0x20000038   Data           4  tasks.o(.data)
    xTickCount                               0x2000003c   Data           4  tasks.o(.data)
    uxTopReadyPriority                       0x20000040   Data           4  tasks.o(.data)
    xSchedulerRunning                        0x20000044   Data           4  tasks.o(.data)
    uxPendedTicks                            0x20000048   Data           4  tasks.o(.data)
    xYieldPending                            0x2000004c   Data           4  tasks.o(.data)
    xNumOfOverflows                          0x20000050   Data           4  tasks.o(.data)
    uxTaskNumber                             0x20000054   Data           4  tasks.o(.data)
    xNextTaskUnblockTime                     0x20000058   Data           4  tasks.o(.data)
    xIdleTaskHandle                          0x2000005c   Data           4  tasks.o(.data)
    uxSchedulerSuspended                     0x20000060   Data           4  tasks.o(.data)
    .data                                    0x20000064   Section       12  delay.o(.data)
    max_ms                                   0x20000064   Data           1  delay.o(.data)
    fac_us                                   0x20000068   Data           4  delay.o(.data)
    fac_ms                                   0x2000006c   Data           4  delay.o(.data)
    .data                                    0x20000070   Section        4  stdout.o(.data)
    .bss                                     0x20000074   Section       44  bsp_rtc.o(.bss)
    .bss                                     0x200000a0   Section      200  bsp_uart.o(.bss)
    .bss                                     0x20000168   Section       20  bsp_adc.o(.bss)
    .bss                                     0x2000017c   Section      240  tasks.o(.bss)
    pxReadyTasksLists                        0x2000017c   Data         140  tasks.o(.bss)
    xDelayedTaskList1                        0x20000208   Data          20  tasks.o(.bss)
    xDelayedTaskList2                        0x2000021c   Data          20  tasks.o(.bss)
    xPendingReadyList                        0x20000230   Data          20  tasks.o(.bss)
    xTasksWaitingTermination                 0x20000244   Data          20  tasks.o(.bss)
    xSuspendedTaskList                       0x20000258   Data          20  tasks.o(.bss)
    STACK                                    0x20000270   Section     5376  startup_n32g45x.o(STACK)

    Global Symbols

    Symbol Name                              Value     Ov Type        Size  Object(Section)

    BuildAttributes$$THM_ISAv4$E$P$D$K$B$S$7EM$VFPi3$EXTD16$VFPS$VFMA$PE$A:L22UL41UL21$X:L11$S22US41US21$IEEE1$IW$USESV6$~STKCKD$USESV7$~SHL$OSPACE$ROPI$EBA8$MICROLIB$REQ8$PRES8$EABIv2 0x00000000   Number         0  anon$$obj.o ABSOLUTE
    __ARM_use_no_argv                        0x00000000   Number         0  main.o ABSOLUTE
    _printf_a                                0x00000000   Number         0  stubs.o ABSOLUTE
    _printf_c                                0x00000000   Number         0  stubs.o ABSOLUTE
    _printf_charcount                        0x00000000   Number         0  stubs.o ABSOLUTE
    _printf_d                                0x00000000   Number         0  stubs.o ABSOLUTE
    _printf_e                                0x00000000   Number         0  stubs.o ABSOLUTE
    _printf_f                                0x00000000   Number         0  stubs.o ABSOLUTE
    _printf_flags                            0x00000000   Number         0  stubs.o ABSOLUTE
    _printf_fp_dec                           0x00000000   Number         0  stubs.o ABSOLUTE
    _printf_fp_hex                           0x00000000   Number         0  stubs.o ABSOLUTE
    _printf_g                                0x00000000   Number         0  stubs.o ABSOLUTE
    _printf_i                                0x00000000   Number         0  stubs.o ABSOLUTE
    _printf_int_dec                          0x00000000   Number         0  stubs.o ABSOLUTE
    _printf_l                                0x00000000   Number         0  stubs.o ABSOLUTE
    _printf_lc                               0x00000000   Number         0  stubs.o ABSOLUTE
    _printf_ll                               0x00000000   Number         0  stubs.o ABSOLUTE
    _printf_lld                              0x00000000   Number         0  stubs.o ABSOLUTE
    _printf_lli                              0x00000000   Number         0  stubs.o ABSOLUTE
    _printf_llo                              0x00000000   Number         0  stubs.o ABSOLUTE
    _printf_llu                              0x00000000   Number         0  stubs.o ABSOLUTE
    _printf_llx                              0x00000000   Number         0  stubs.o ABSOLUTE
    _printf_longlong_dec                     0x00000000   Number         0  stubs.o ABSOLUTE
    _printf_longlong_hex                     0x00000000   Number         0  stubs.o ABSOLUTE
    _printf_longlong_oct                     0x00000000   Number         0  stubs.o ABSOLUTE
    _printf_ls                               0x00000000   Number         0  stubs.o ABSOLUTE
    _printf_mbtowc                           0x00000000   Number         0  stubs.o ABSOLUTE
    _printf_n                                0x00000000   Number         0  stubs.o ABSOLUTE
    _printf_o                                0x00000000   Number         0  stubs.o ABSOLUTE
    _printf_p                                0x00000000   Number         0  stubs.o ABSOLUTE
    _printf_percent                          0x00000000   Number         0  stubs.o ABSOLUTE
    _printf_pre_padding                      0x00000000   Number         0  stubs.o ABSOLUTE
    _printf_return_value                     0x00000000   Number         0  stubs.o ABSOLUTE
    _printf_s                                0x00000000   Number         0  stubs.o ABSOLUTE
    _printf_sizespec                         0x00000000   Number         0  stubs.o ABSOLUTE
    _printf_str                              0x00000000   Number         0  stubs.o ABSOLUTE
    _printf_truncate_signed                  0x00000000   Number         0  stubs.o ABSOLUTE
    _printf_truncate_unsigned                0x00000000   Number         0  stubs.o ABSOLUTE
    _printf_u                                0x00000000   Number         0  stubs.o ABSOLUTE
    _printf_wc                               0x00000000   Number         0  stubs.o ABSOLUTE
    _printf_wctomb                           0x00000000   Number         0  stubs.o ABSOLUTE
    _printf_widthprec                        0x00000000   Number         0  stubs.o ABSOLUTE
    _printf_x                                0x00000000   Number         0  stubs.o ABSOLUTE
    __arm_fini_                               - Undefined Weak Reference
    __cpp_initialize__aeabi_                  - Undefined Weak Reference
    __cxa_finalize                            - Undefined Weak Reference
    __decompress                              - Undefined Weak Reference
    _clock_init                               - Undefined Weak Reference
    _microlib_exit                            - Undefined Weak Reference
    __Vectors_Size                           0x00000198   Number         0  startup_n32g45x.o ABSOLUTE
    __Vectors                                0x08000000   Data           4  startup_n32g45x.o(RESET)
    __Vectors_End                            0x08000198   Data           0  startup_n32g45x.o(RESET)
    __main                                   0x08000199   Thumb Code     0  entry.o(.ARM.Collect$$$$00000000)
    _main_stk                                0x08000199   Thumb Code     0  entry2.o(.ARM.Collect$$$$00000001)
    _main_scatterload                        0x0800019d   Thumb Code     0  entry5.o(.ARM.Collect$$$$00000004)
    __main_after_scatterload                 0x080001a1   Thumb Code     0  entry5.o(.ARM.Collect$$$$00000004)
    _main_clock                              0x080001a1   Thumb Code     0  entry7b.o(.ARM.Collect$$$$00000008)
    _main_cpp_init                           0x080001a1   Thumb Code     0  entry8b.o(.ARM.Collect$$$$0000000A)
    _main_init                               0x080001a1   Thumb Code     0  entry9a.o(.ARM.Collect$$$$0000000B)
    __rt_lib_shutdown_fini                   0x080001a9   Thumb Code     0  entry12b.o(.ARM.Collect$$$$0000000E)
    __rt_final_cpp                           0x080001ad   Thumb Code     0  entry10a.o(.ARM.Collect$$$$0000000F)
    __rt_final_exit                          0x080001ad   Thumb Code     0  entry11a.o(.ARM.Collect$$$$00000011)
    SVC_Handler                              0x080001b1   Thumb Code    28  port.o(.emb_text)
    __asm___6_port_c_39a90d8d__prvStartFirstTask 0x080001d1   Thumb Code    36  port.o(.emb_text)
    __asm___6_port_c_39a90d8d__prvEnableVFP  0x080001f9   Thumb Code    16  port.o(.emb_text)
    PendSV_Handler                           0x0800020d   Thumb Code    88  port.o(.emb_text)
    vPortGetIPSR                             0x08000269   Thumb Code     6  port.o(.emb_text)
    Reset_Handler                            0x08000271   Thumb Code     8  startup_n32g45x.o(.text)
    ADC1_2_IRQHandler                        0x0800028b   Thumb Code     0  startup_n32g45x.o(.text)
    ADC3_4_IRQHandler                        0x0800028b   Thumb Code     0  startup_n32g45x.o(.text)
    CAN1_RX1_IRQHandler                      0x0800028b   Thumb Code     0  startup_n32g45x.o(.text)
    CAN1_SCE_IRQHandler                      0x0800028b   Thumb Code     0  startup_n32g45x.o(.text)
    CAN2_RX0_IRQHandler                      0x0800028b   Thumb Code     0  startup_n32g45x.o(.text)
    CAN2_RX1_IRQHandler                      0x0800028b   Thumb Code     0  startup_n32g45x.o(.text)
    CAN2_SCE_IRQHandler                      0x0800028b   Thumb Code     0  startup_n32g45x.o(.text)
    CAN2_TX_IRQHandler                       0x0800028b   Thumb Code     0  startup_n32g45x.o(.text)
    COMP7_IRQHandler                         0x0800028b   Thumb Code     0  startup_n32g45x.o(.text)
    COMP_1_2_3_IRQHandler                    0x0800028b   Thumb Code     0  startup_n32g45x.o(.text)
    COMP_4_5_6_IRQHandler                    0x0800028b   Thumb Code     0  startup_n32g45x.o(.text)
    DMA1_Channel1_IRQHandler                 0x0800028b   Thumb Code     0  startup_n32g45x.o(.text)
    DMA1_Channel2_IRQHandler                 0x0800028b   Thumb Code     0  startup_n32g45x.o(.text)
    DMA1_Channel3_IRQHandler                 0x0800028b   Thumb Code     0  startup_n32g45x.o(.text)
    DMA1_Channel4_IRQHandler                 0x0800028b   Thumb Code     0  startup_n32g45x.o(.text)
    DMA1_Channel5_IRQHandler                 0x0800028b   Thumb Code     0  startup_n32g45x.o(.text)
    DMA1_Channel6_IRQHandler                 0x0800028b   Thumb Code     0  startup_n32g45x.o(.text)
    DMA1_Channel7_IRQHandler                 0x0800028b   Thumb Code     0  startup_n32g45x.o(.text)
    DMA1_Channel8_IRQHandler                 0x0800028b   Thumb Code     0  startup_n32g45x.o(.text)
    DMA2_Channel1_IRQHandler                 0x0800028b   Thumb Code     0  startup_n32g45x.o(.text)
    DMA2_Channel2_IRQHandler                 0x0800028b   Thumb Code     0  startup_n32g45x.o(.text)
    DMA2_Channel3_IRQHandler                 0x0800028b   Thumb Code     0  startup_n32g45x.o(.text)
    DMA2_Channel4_IRQHandler                 0x0800028b   Thumb Code     0  startup_n32g45x.o(.text)
    DMA2_Channel5_IRQHandler                 0x0800028b   Thumb Code     0  startup_n32g45x.o(.text)
    DMA2_Channel6_IRQHandler                 0x0800028b   Thumb Code     0  startup_n32g45x.o(.text)
    DMA2_Channel7_IRQHandler                 0x0800028b   Thumb Code     0  startup_n32g45x.o(.text)
    DMA2_Channel8_IRQHandler                 0x0800028b   Thumb Code     0  startup_n32g45x.o(.text)
    DVP_IRQHandler                           0x0800028b   Thumb Code     0  startup_n32g45x.o(.text)
    ETH_IRQHandler                           0x0800028b   Thumb Code     0  startup_n32g45x.o(.text)
    ETH_WKUP_IRQHandler                      0x0800028b   Thumb Code     0  startup_n32g45x.o(.text)
    EXTI1_IRQHandler                         0x0800028b   Thumb Code     0  startup_n32g45x.o(.text)
    EXTI2_IRQHandler                         0x0800028b   Thumb Code     0  startup_n32g45x.o(.text)
    EXTI3_IRQHandler                         0x0800028b   Thumb Code     0  startup_n32g45x.o(.text)
    EXTI4_IRQHandler                         0x0800028b   Thumb Code     0  startup_n32g45x.o(.text)
    EXTI9_5_IRQHandler                       0x0800028b   Thumb Code     0  startup_n32g45x.o(.text)
    FLASH_IRQHandler                         0x0800028b   Thumb Code     0  startup_n32g45x.o(.text)
    I2C1_ER_IRQHandler                       0x0800028b   Thumb Code     0  startup_n32g45x.o(.text)
    I2C1_EV_IRQHandler                       0x0800028b   Thumb Code     0  startup_n32g45x.o(.text)
    I2C2_ER_IRQHandler                       0x0800028b   Thumb Code     0  startup_n32g45x.o(.text)
    I2C2_EV_IRQHandler                       0x0800028b   Thumb Code     0  startup_n32g45x.o(.text)
    I2C3_ER_IRQHandler                       0x0800028b   Thumb Code     0  startup_n32g45x.o(.text)
    I2C3_EV_IRQHandler                       0x0800028b   Thumb Code     0  startup_n32g45x.o(.text)
    I2C4_ER_IRQHandler                       0x0800028b   Thumb Code     0  startup_n32g45x.o(.text)
    I2C4_EV_IRQHandler                       0x0800028b   Thumb Code     0  startup_n32g45x.o(.text)
    MMU_IRQHandler                           0x0800028b   Thumb Code     0  startup_n32g45x.o(.text)
    PVD_IRQHandler                           0x0800028b   Thumb Code     0  startup_n32g45x.o(.text)
    QSPI_IRQHandler                          0x0800028b   Thumb Code     0  startup_n32g45x.o(.text)
    RCC_IRQHandler                           0x0800028b   Thumb Code     0  startup_n32g45x.o(.text)
    RSRAM_IRQHandler                         0x0800028b   Thumb Code     0  startup_n32g45x.o(.text)
    RTCAlarm_IRQHandler                      0x0800028b   Thumb Code     0  startup_n32g45x.o(.text)
    SAC_IRQHandler                           0x0800028b   Thumb Code     0  startup_n32g45x.o(.text)
    SDIO_IRQHandler                          0x0800028b   Thumb Code     0  startup_n32g45x.o(.text)
    SPI1_IRQHandler                          0x0800028b   Thumb Code     0  startup_n32g45x.o(.text)
    SPI2_IRQHandler                          0x0800028b   Thumb Code     0  startup_n32g45x.o(.text)
    SPI3_IRQHandler                          0x0800028b   Thumb Code     0  startup_n32g45x.o(.text)
    TAMPER_IRQHandler                        0x0800028b   Thumb Code     0  startup_n32g45x.o(.text)
    TIM1_BRK_IRQHandler                      0x0800028b   Thumb Code     0  startup_n32g45x.o(.text)
    TIM1_CC_IRQHandler                       0x0800028b   Thumb Code     0  startup_n32g45x.o(.text)
    TIM1_TRG_COM_IRQHandler                  0x0800028b   Thumb Code     0  startup_n32g45x.o(.text)
    TIM1_UP_IRQHandler                       0x0800028b   Thumb Code     0  startup_n32g45x.o(.text)
    TIM3_IRQHandler                          0x0800028b   Thumb Code     0  startup_n32g45x.o(.text)
    TIM4_IRQHandler                          0x0800028b   Thumb Code     0  startup_n32g45x.o(.text)
    TIM5_IRQHandler                          0x0800028b   Thumb Code     0  startup_n32g45x.o(.text)
    TIM6_IRQHandler                          0x0800028b   Thumb Code     0  startup_n32g45x.o(.text)
    TIM7_IRQHandler                          0x0800028b   Thumb Code     0  startup_n32g45x.o(.text)
    TIM8_BRK_IRQHandler                      0x0800028b   Thumb Code     0  startup_n32g45x.o(.text)
    TIM8_CC_IRQHandler                       0x0800028b   Thumb Code     0  startup_n32g45x.o(.text)
    TIM8_TRG_COM_IRQHandler                  0x0800028b   Thumb Code     0  startup_n32g45x.o(.text)
    TIM8_UP_IRQHandler                       0x0800028b   Thumb Code     0  startup_n32g45x.o(.text)
    TSC_IRQHandler                           0x0800028b   Thumb Code     0  startup_n32g45x.o(.text)
    UART4_IRQHandler                         0x0800028b   Thumb Code     0  startup_n32g45x.o(.text)
    UART6_IRQHandler                         0x0800028b   Thumb Code     0  startup_n32g45x.o(.text)
    UART7_IRQHandler                         0x0800028b   Thumb Code     0  startup_n32g45x.o(.text)
    USART2_IRQHandler                        0x0800028b   Thumb Code     0  startup_n32g45x.o(.text)
    USART3_IRQHandler                        0x0800028b   Thumb Code     0  startup_n32g45x.o(.text)
    USBWakeUp_IRQHandler                     0x0800028b   Thumb Code     0  startup_n32g45x.o(.text)
    USB_HP_CAN1_TX_IRQHandler                0x0800028b   Thumb Code     0  startup_n32g45x.o(.text)
    USB_LP_CAN1_RX0_IRQHandler               0x0800028b   Thumb Code     0  startup_n32g45x.o(.text)
    WWDG_IRQHandler                          0x0800028b   Thumb Code     0  startup_n32g45x.o(.text)
    __aeabi_uidiv                            0x08000295   Thumb Code     0  uidiv.o(.text)
    __aeabi_uidivmod                         0x08000295   Thumb Code    44  uidiv.o(.text)
    __scatterload                            0x080002c1   Thumb Code    28  init.o(.text)
    __scatterload_rt2                        0x080002c1   Thumb Code     0  init.o(.text)
    ADC2_Init                                0x080002e5   Thumb Code     6  bsp_adc.o(i.ADC2_Init)
    ADC_AHB_Clock_Mode_Config                0x080002f1   Thumb Code    10  n32g45x_adc.o(i.ADC_AHB_Clock_Mode_Config)
    ADC_ConfigClk                            0x080002fd   Thumb Code   104  n32g45x_adc.o(i.ADC_ConfigClk)
    ADC_Enable                               0x08000375   Thumb Code    36  n32g45x_adc.o(i.ADC_Enable)
    ADC_GetCalibrationStatus                 0x08000399   Thumb Code    22  n32g45x_adc.o(i.ADC_GetCalibrationStatus)
    ADC_GetFlagStatusNew                     0x080003af   Thumb Code    14  n32g45x_adc.o(i.ADC_GetFlagStatusNew)
    ADC_Init                                 0x080003bd   Thumb Code    70  n32g45x_adc.o(i.ADC_Init)
    ADC_Initial                              0x0800040d   Thumb Code    80  bsp_adc.o(i.ADC_Initial)
    ADC_PLL_Clock_Mode_Config                0x08000461   Thumb Code    10  n32g45x_adc.o(i.ADC_PLL_Clock_Mode_Config)
    ADC_StartCalibration                     0x0800046b   Thumb Code    28  n32g45x_adc.o(i.ADC_StartCalibration)
    BG77_GPIO_Init                           0x08000489   Thumb Code   136  bg77.o(i.BG77_GPIO_Init)
    BKP_DeInit                               0x08000519   Thumb Code    18  n32g45x_bkp.o(i.BKP_DeInit)
    BusFault_Handler                         0x0800052b   Thumb Code     2  n32g45x_it.o(i.BusFault_Handler)
    DEBUG_INIT                               0x0800052d   Thumb Code   146  debug.o(i.DEBUG_INIT)
    DebugMon_Handler                         0x080005cd   Thumb Code     2  n32g45x_it.o(i.DebugMon_Handler)
    EXTI0_IRQHandler                         0x080005cf   Thumb Code    24  n32g45x_it.o(i.EXTI0_IRQHandler)
    EXTI15_10_IRQHandler                     0x080005e9   Thumb Code    42  n32g45x_it.o(i.EXTI15_10_IRQHandler)
    EXTI_ClrITPendBit                        0x08000619   Thumb Code     6  n32g45x_exti.o(i.EXTI_ClrITPendBit)
    EXTI_GetITStatus                         0x08000625   Thumb Code    28  n32g45x_exti.o(i.EXTI_GetITStatus)
    EXTI_InitPeripheral                      0x08000645   Thumb Code   110  n32g45x_exti.o(i.EXTI_InitPeripheral)
    FLASH_PrefetchBufSet                     0x080006b9   Thumb Code    18  n32g45x_flash.o(i.FLASH_PrefetchBufSet)
    FLASH_SetLatency                         0x080006d1   Thumb Code    14  n32g45x_flash.o(i.FLASH_SetLatency)
    GPIO_ConfigEXTILine                      0x080006e5   Thumb Code    34  n32g45x_gpio.o(i.GPIO_ConfigEXTILine)
    GPIO_ConfigPinRemap                      0x0800070d   Thumb Code   346  n32g45x_gpio.o(i.GPIO_ConfigPinRemap)
    GPIO_InitPeripheral                      0x0800088d   Thumb Code   166  n32g45x_gpio.o(i.GPIO_InitPeripheral)
    GPIO_ResetBits                           0x08000933   Thumb Code     4  n32g45x_gpio.o(i.GPIO_ResetBits)
    GPIO_SetBits                             0x08000937   Thumb Code     4  n32g45x_gpio.o(i.GPIO_SetBits)
    Get_Rtc_Time                             0x0800093d   Thumb Code    24  bsp_rtc.o(i.Get_Rtc_Time)
    HardFault_Handler                        0x08000959   Thumb Code     2  n32g45x_it.o(i.HardFault_Handler)
    KeyInputExtiInit                         0x0800095b   Thumb Code    98  bsp_exti.o(i.KeyInputExtiInit)
    KeyWakeupInit                            0x080009bd   Thumb Code    34  bsp_exti.o(i.KeyWakeupInit)
    LED1_CMD                                 0x080009e5   Thumb Code    22  bsp_led.o(i.LED1_CMD)
    LED1_INIT                                0x08000a01   Thumb Code    38  bsp_led.o(i.LED1_INIT)
    LED2_CMD                                 0x08000a2d   Thumb Code    22  bsp_led.o(i.LED2_CMD)
    LED2_INIT                                0x08000a49   Thumb Code    38  bsp_led.o(i.LED2_INIT)
    MemManage_Handler                        0x08000a75   Thumb Code     2  n32g45x_it.o(i.MemManage_Handler)
    NMI_Handler                              0x08000a77   Thumb Code     2  n32g45x_it.o(i.NMI_Handler)
    NVIC_Init                                0x08000ac1   Thumb Code    96  misc.o(i.NVIC_Init)
    NVIC_PriorityGroupConfig                 0x08000b25   Thumb Code    10  misc.o(i.NVIC_PriorityGroupConfig)
    PWR_BackupAccessEnable                   0x08000b39   Thumb Code     6  n32g45x_pwr.o(i.PWR_BackupAccessEnable)
    RCC_ConfigAdc1mClk                       0x08000b45   Thumb Code    20  n32g45x_rcc.o(i.RCC_ConfigAdc1mClk)
    RCC_ConfigAdcHclk                        0x08000b5d   Thumb Code    14  n32g45x_rcc.o(i.RCC_ConfigAdcHclk)
    RCC_ConfigAdcPllClk                      0x08000b71   Thumb Code    26  n32g45x_rcc.o(i.RCC_ConfigAdcPllClk)
    RCC_ConfigHclk                           0x08000b91   Thumb Code    14  n32g45x_rcc.o(i.RCC_ConfigHclk)
    RCC_ConfigHse                            0x08000ba5   Thumb Code    50  n32g45x_rcc.o(i.RCC_ConfigHse)
    RCC_ConfigLse                            0x08000bdd   Thumb Code    34  n32g45x_rcc.o(i.RCC_ConfigLse)
    RCC_ConfigPclk1                          0x08000c05   Thumb Code    14  n32g45x_rcc.o(i.RCC_ConfigPclk1)
    RCC_ConfigPclk2                          0x08000c19   Thumb Code    16  n32g45x_rcc.o(i.RCC_ConfigPclk2)
    RCC_ConfigRtcClk                         0x08000c2d   Thumb Code    18  n32g45x_rcc.o(i.RCC_ConfigRtcClk)
    RCC_ConfigSysclk                         0x08000c45   Thumb Code    14  n32g45x_rcc.o(i.RCC_ConfigSysclk)
    RCC_DeInit                               0x08000c85   Thumb Code    62  n32g45x_rcc.o(i.RCC_DeInit)
    RCC_EnableAHBPeriphClk                   0x08000cd5   Thumb Code    22  n32g45x_rcc.o(i.RCC_EnableAHBPeriphClk)
    RCC_EnableAPB1PeriphClk                  0x08000cf1   Thumb Code    22  n32g45x_rcc.o(i.RCC_EnableAPB1PeriphClk)
    RCC_EnableAPB1PeriphReset                0x08000d0d   Thumb Code    22  n32g45x_rcc.o(i.RCC_EnableAPB1PeriphReset)
    RCC_EnableAPB2PeriphClk                  0x08000d29   Thumb Code    22  n32g45x_rcc.o(i.RCC_EnableAPB2PeriphClk)
    RCC_EnableAPB2PeriphReset                0x08000d45   Thumb Code    22  n32g45x_rcc.o(i.RCC_EnableAPB2PeriphReset)
    RCC_EnableBackupReset                    0x08000d61   Thumb Code     6  n32g45x_rcc.o(i.RCC_EnableBackupReset)
    RCC_EnableHsi                            0x08000d6d   Thumb Code     6  n32g45x_rcc.o(i.RCC_EnableHsi)
    RCC_EnableLsi                            0x08000d79   Thumb Code     6  n32g45x_rcc.o(i.RCC_EnableLsi)
    RCC_EnableRtcClk                         0x08000d85   Thumb Code     6  n32g45x_rcc.o(i.RCC_EnableRtcClk)
    RCC_GetClocksFreqValue                   0x08000d91   Thumb Code   186  n32g45x_rcc.o(i.RCC_GetClocksFreqValue)
    RCC_GetFlagStatus                        0x08000e61   Thumb Code    42  n32g45x_rcc.o(i.RCC_GetFlagStatus)
    RCC_GetSysclkSrc                         0x08000e91   Thumb Code    10  n32g45x_rcc.o(i.RCC_GetSysclkSrc)
    RCC_WaitHseStable                        0x08000ea1   Thumb Code    48  n32g45x_rcc.o(i.RCC_WaitHseStable)
    RTC_CLKSourceConfig                      0x08000efd   Thumb Code   394  bsp_rtc.o(i.RTC_CLKSourceConfig)
    RTC_ClrIntPendingBit                     0x08001131   Thumb Code    24  n32g45x_rtc.o(i.RTC_ClrIntPendingBit)
    RTC_ConfigTime                           0x0800114d   Thumb Code   150  n32g45x_rtc.o(i.RTC_ConfigTime)
    RTC_Date_Time_Write                      0x080011ed   Thumb Code    52  bsp_rtc.o(i.RTC_Date_Time_Write)
    RTC_EnterInitMode                        0x08001225   Thumb Code    60  n32g45x_rtc.o(i.RTC_EnterInitMode)
    RTC_ExitInitMode                         0x08001265   Thumb Code    12  n32g45x_rtc.o(i.RTC_ExitInitMode)
    RTC_GetDate                              0x08001275   Thumb Code    64  n32g45x_rtc.o(i.RTC_GetDate)
    RTC_GetITStatus                          0x080012bd   Thumb Code    34  n32g45x_rtc.o(i.RTC_GetITStatus)
    RTC_GetTime                              0x080012e5   Thumb Code    68  n32g45x_rtc.o(i.RTC_GetTime)
    RTC_Init                                 0x08001331   Thumb Code    86  n32g45x_rtc.o(i.RTC_Init)
    RTC_Init_test                            0x0800138d   Thumb Code    36  bsp_rtc.o(i.RTC_Init_test)
    RTC_PrescalerConfig                      0x080013b1   Thumb Code    42  bsp_rtc.o(i.RTC_PrescalerConfig)
    RTC_SetDate                              0x08001421   Thumb Code   150  n32g45x_rtc.o(i.RTC_SetDate)
    RTC_WKUP_IRQHandler                      0x080014c1   Thumb Code    36  n32g45x_it.o(i.RTC_WKUP_IRQHandler)
    RTC_WaitForSynchro                       0x080014e5   Thumb Code    70  n32g45x_rtc.o(i.RTC_WaitForSynchro)
    SetSysClockToHSI                         0x080015f5   Thumb Code    58  main.o(i.SetSysClockToHSI)
    SysTick_CLKSourceConfig                  0x08001679   Thumb Code    18  misc.o(i.SysTick_CLKSourceConfig)
    SysTick_Handler                          0x0800168b   Thumb Code    20  main.o(i.SysTick_Handler)
    SystemInit                               0x080016a1   Thumb Code   142  system_n32g45x.o(i.SystemInit)
    TIM2_IRQHandler                          0x08001755   Thumb Code    54  n32g45x_it.o(i.TIM2_IRQHandler)
    TIM_ClrIntPendingBit                     0x08001791   Thumb Code     6  n32g45x_tim.o(i.TIM_ClrIntPendingBit)
    TIM_GetIntStatus                         0x08001797   Thumb Code    24  n32g45x_tim.o(i.TIM_GetIntStatus)
    UART5_IRQHandler                         0x080017b1   Thumb Code    48  n32g45x_it.o(i.UART5_IRQHandler)
    USART1_INIT                              0x080017e5   Thumb Code   144  bsp_uart.o(i.USART1_INIT)
    USART1_IRQHandler                        0x0800187d   Thumb Code   108  n32g45x_it.o(i.USART1_IRQHandler)
    USART_ClrIntPendingBit                   0x080018f9   Thumb Code    16  n32g45x_usart.o(i.USART_ClrIntPendingBit)
    USART_ConfigInt                          0x08001909   Thumb Code    54  n32g45x_usart.o(i.USART_ConfigInt)
    USART_DeInit                             0x08001941   Thumb Code   200  n32g45x_usart.o(i.USART_DeInit)
    USART_Enable                             0x08001a25   Thumb Code    24  n32g45x_usart.o(i.USART_Enable)
    USART_GetFlagStatus                      0x08001a3d   Thumb Code    14  n32g45x_usart.o(i.USART_GetFlagStatus)
    USART_GetIntStatus                       0x08001a4b   Thumb Code    64  n32g45x_usart.o(i.USART_GetIntStatus)
    USART_Init                               0x08001a8d   Thumb Code   162  n32g45x_usart.o(i.USART_Init)
    USART_ReceiveData                        0x08001b3d   Thumb Code     8  n32g45x_usart.o(i.USART_ReceiveData)
    USART_SendData                           0x08001b45   Thumb Code     8  n32g45x_usart.o(i.USART_SendData)
    UsageFault_Handler                       0x08001b4d   Thumb Code     2  n32g45x_it.o(i.UsageFault_Handler)
    User_Delay_init                          0x08001b51   Thumb Code    32  delay.o(i.User_Delay_init)
    __0printf$3                              0x08001b7d   Thumb Code    22  printf3.o(i.__0printf$3)
    __1printf$3                              0x08001b7d   Thumb Code     0  printf3.o(i.__0printf$3)
    __2printf                                0x08001b7d   Thumb Code     0  printf3.o(i.__0printf$3)
    __scatterload_copy                       0x08001b9d   Thumb Code    14  handlers.o(i.__scatterload_copy)
    __scatterload_null                       0x08001bab   Thumb Code     2  handlers.o(i.__scatterload_null)
    __scatterload_zeroinit                   0x08001bad   Thumb Code    14  handlers.o(i.__scatterload_zeroinit)
    delay_ms                                 0x08001d75   Thumb Code    22  main.o(i.delay_ms)
    fputc                                    0x08001d8d   Thumb Code    82  debug.o(i.fputc)
    main                                     0x08001de9   Thumb Code    88  main.o(i.main)
    uxListRemove                             0x08001e65   Thumb Code    38  list.o(i.uxListRemove)
    vListInsertEnd                           0x08001e8b   Thumb Code    24  list.o(i.vListInsertEnd)
    vTaskSwitchContext                       0x08001ea5   Thumb Code    86  tasks.o(i.vTaskSwitchContext)
    xPortSysTickHandler                      0x08001f05   Thumb Code    38  port.o(i.xPortSysTickHandler)
    xTaskGetSchedulerState                   0x08001f31   Thumb Code    24  tasks.o(i.xTaskGetSchedulerState)
    xTaskIncrementTick                       0x08001f4d   Thumb Code   196  tasks.o(i.xTaskIncrementTick)
    Region$$Table$$Base                      0x08002058   Number         0  anon$$obj.o(Region$$Table)
    Region$$Table$$Limit                     0x08002078   Number         0  anon$$obj.o(Region$$Table)
    SystemCoreClock                          0x20000000   Data           4  system_n32g45x.o(.data)
    RTC_DateStructure                        0x20000004   Data           4  bsp_rtc.o(.data)
    RTC_DateDefault                          0x20000008   Data           4  bsp_rtc.o(.data)
    RTC_TimeStructure                        0x2000000c   Data           4  bsp_rtc.o(.data)
    RTC_TimeDefault                          0x20000010   Data           4  bsp_rtc.o(.data)
    SynchPrediv                              0x20000014   Data           4  bsp_rtc.o(.data)
    AsynchPrediv                             0x20000018   Data           4  bsp_rtc.o(.data)
    Timer_ms                                 0x2000001c   Data           2  bsp_tim.o(.data)
    RxCount                                  0x2000001e   Data           2  bsp_uart.o(.data)
    IDLE_FLAG                                0x20000020   Data           1  bsp_uart.o(.data)
    pxCurrentTCB                             0x20000028   Data           4  tasks.o(.data)
    __stdout                                 0x20000070   Data           4  stdout.o(.data)
    RTC_InitStructure                        0x20000074   Data          12  bsp_rtc.o(.bss)
    RTC_AlarmStructure                       0x20000080   Data          16  bsp_rtc.o(.bss)
    RTC_AlarmDefault                         0x20000090   Data          16  bsp_rtc.o(.bss)
    RxBuf                                    0x200000a0   Data         200  bsp_uart.o(.bss)
    ADC_InitStructure                        0x20000168   Data          20  bsp_adc.o(.bss)
    __initial_sp                             0x20001770   Data           0  startup_n32g45x.o(STACK)



==============================================================================

Memory Map of the image

  Image Entry point : 0x08000199

  Load Region LR_IROM1 (Base: 0x08000000, Size: 0x000020ec, Max: 0x00040000, ABSOLUTE)

    Execution Region ER_IROM1 (Exec base: 0x08000000, Load base: 0x08000000, Size: 0x00002078, Max: 0x00040000, ABSOLUTE)

    Exec Addr    Load Addr    Size         Type   Attr      Idx    E Section Name        Object

    0x08000000   0x08000000   0x00000198   Data   RO            3    RESET               startup_n32g45x.o
    0x08000198   0x08000198   0x00000000   Code   RO         6974  * .ARM.Collect$$$$00000000  mc_w.l(entry.o)
    0x08000198   0x08000198   0x00000004   Code   RO         7248    .ARM.Collect$$$$00000001  mc_w.l(entry2.o)
    0x0800019c   0x0800019c   0x00000004   Code   RO         7251    .ARM.Collect$$$$00000004  mc_w.l(entry5.o)
    0x080001a0   0x080001a0   0x00000000   Code   RO         7253    .ARM.Collect$$$$00000008  mc_w.l(entry7b.o)
    0x080001a0   0x080001a0   0x00000000   Code   RO         7255    .ARM.Collect$$$$0000000A  mc_w.l(entry8b.o)
    0x080001a0   0x080001a0   0x00000008   Code   RO         7256    .ARM.Collect$$$$0000000B  mc_w.l(entry9a.o)
    0x080001a8   0x080001a8   0x00000004   Code   RO         7263    .ARM.Collect$$$$0000000E  mc_w.l(entry12b.o)
    0x080001ac   0x080001ac   0x00000000   Code   RO         7258    .ARM.Collect$$$$0000000F  mc_w.l(entry10a.o)
    0x080001ac   0x080001ac   0x00000000   Code   RO         7260    .ARM.Collect$$$$00000011  mc_w.l(entry11a.o)
    0x080001ac   0x080001ac   0x00000004   Code   RO         7249    .ARM.Collect$$$$00002712  mc_w.l(entry2.o)
    0x080001b0   0x080001b0   0x000000be   Code   RO         6201    .emb_text           port.o
    0x0800026e   0x0800026e   0x00000002   PAD
    0x08000270   0x08000270   0x00000024   Code   RO            4    .text               startup_n32g45x.o
    0x08000294   0x08000294   0x0000002c   Code   RO         7265    .text               mc_w.l(uidiv.o)
    0x080002c0   0x080002c0   0x00000024   Code   RO         7280    .text               mc_w.l(init.o)
    0x080002e4   0x080002e4   0x0000000c   Code   RO         5325    i.ADC2_Init         bsp_adc.o
    0x080002f0   0x080002f0   0x0000000a   Code   RO          222    i.ADC_AHB_Clock_Mode_Config  n32g45x_adc.o
    0x080002fa   0x080002fa   0x00000002   PAD
    0x080002fc   0x080002fc   0x00000078   Code   RO          228    i.ADC_ConfigClk     n32g45x_adc.o
    0x08000374   0x08000374   0x00000024   Code   RO          236    i.ADC_Enable        n32g45x_adc.o
    0x08000398   0x08000398   0x00000016   Code   RO          246    i.ADC_GetCalibrationStatus  n32g45x_adc.o
    0x080003ae   0x080003ae   0x0000000e   Code   RO          250    i.ADC_GetFlagStatusNew  n32g45x_adc.o
    0x080003bc   0x080003bc   0x00000050   Code   RO          255    i.ADC_Init          n32g45x_adc.o
    0x0800040c   0x0800040c   0x00000054   Code   RO         5327    i.ADC_Initial       bsp_adc.o
    0x08000460   0x08000460   0x0000000a   Code   RO          258    i.ADC_PLL_Clock_Mode_Config  n32g45x_adc.o
    0x0800046a   0x0800046a   0x0000001c   Code   RO          263    i.ADC_StartCalibration  n32g45x_adc.o
    0x08000486   0x08000486   0x00000002   PAD
    0x08000488   0x08000488   0x00000090   Code   RO         6933    i.BG77_GPIO_Init    bg77.o
    0x08000518   0x08000518   0x00000012   Code   RO          495    i.BKP_DeInit        n32g45x_bkp.o
    0x0800052a   0x0800052a   0x00000002   Code   RO         6809    i.BusFault_Handler  n32g45x_it.o
    0x0800052c   0x0800052c   0x000000a0   Code   RO         5288    i.DEBUG_INIT        debug.o
    0x080005cc   0x080005cc   0x00000002   Code   RO         6810    i.DebugMon_Handler  n32g45x_it.o
    0x080005ce   0x080005ce   0x00000018   Code   RO         6811    i.EXTI0_IRQHandler  n32g45x_it.o
    0x080005e6   0x080005e6   0x00000002   PAD
    0x080005e8   0x080005e8   0x00000030   Code   RO         6812    i.EXTI15_10_IRQHandler  n32g45x_it.o
    0x08000618   0x08000618   0x0000000c   Code   RO         1892    i.EXTI_ClrITPendBit  n32g45x_exti.o
    0x08000624   0x08000624   0x00000020   Code   RO         1895    i.EXTI_GetITStatus  n32g45x_exti.o
    0x08000644   0x08000644   0x00000074   Code   RO         1897    i.EXTI_InitPeripheral  n32g45x_exti.o
    0x080006b8   0x080006b8   0x00000018   Code   RO         1980    i.FLASH_PrefetchBufSet  n32g45x_flash.o
    0x080006d0   0x080006d0   0x00000014   Code   RO         1985    i.FLASH_SetLatency  n32g45x_flash.o
    0x080006e4   0x080006e4   0x00000028   Code   RO         2145    i.GPIO_ConfigEXTILine  n32g45x_gpio.o
    0x0800070c   0x0800070c   0x00000164   Code   RO         2148    i.GPIO_ConfigPinRemap  n32g45x_gpio.o
    0x08000870   0x08000870   0x0000001c   Code   RO         5328    i.GPIO_Configuration  bsp_adc.o
    0x0800088c   0x0800088c   0x000000a6   Code   RO         2152    i.GPIO_InitPeripheral  n32g45x_gpio.o
    0x08000932   0x08000932   0x00000004   Code   RO         2158    i.GPIO_ResetBits    n32g45x_gpio.o
    0x08000936   0x08000936   0x00000004   Code   RO         2159    i.GPIO_SetBits      n32g45x_gpio.o
    0x0800093a   0x0800093a   0x00000002   PAD
    0x0800093c   0x0800093c   0x0000001c   Code   RO         5050    i.Get_Rtc_Time      bsp_rtc.o
    0x08000958   0x08000958   0x00000002   Code   RO         6813    i.HardFault_Handler  n32g45x_it.o
    0x0800095a   0x0800095a   0x00000062   Code   RO         4796    i.KeyInputExtiInit  bsp_exti.o
    0x080009bc   0x080009bc   0x00000028   Code   RO         4797    i.KeyWakeupInit     bsp_exti.o
    0x080009e4   0x080009e4   0x0000001c   Code   RO         4992    i.LED1_CMD          bsp_led.o
    0x08000a00   0x08000a00   0x0000002c   Code   RO         4993    i.LED1_INIT         bsp_led.o
    0x08000a2c   0x08000a2c   0x0000001c   Code   RO         4994    i.LED2_CMD          bsp_led.o
    0x08000a48   0x08000a48   0x0000002c   Code   RO         4995    i.LED2_INIT         bsp_led.o
    0x08000a74   0x08000a74   0x00000002   Code   RO         6814    i.MemManage_Handler  n32g45x_it.o
    0x08000a76   0x08000a76   0x00000002   Code   RO         6815    i.NMI_Handler       n32g45x_it.o
    0x08000a78   0x08000a78   0x00000024   Code   RO         5229    i.NVIC_Configuration  bsp_uart.o
    0x08000a9c   0x08000a9c   0x00000022   Code   RO         5289    i.NVIC_Configuration  debug.o
    0x08000abe   0x08000abe   0x00000002   PAD
    0x08000ac0   0x08000ac0   0x00000064   Code   RO          170    i.NVIC_Init         misc.o
    0x08000b24   0x08000b24   0x00000014   Code   RO          171    i.NVIC_PriorityGroupConfig  misc.o
    0x08000b38   0x08000b38   0x0000000c   Code   RO         2630    i.PWR_BackupAccessEnable  n32g45x_pwr.o
    0x08000b44   0x08000b44   0x00000018   Code   RO         2883    i.RCC_ConfigAdc1mClk  n32g45x_rcc.o
    0x08000b5c   0x08000b5c   0x00000014   Code   RO         2884    i.RCC_ConfigAdcHclk  n32g45x_rcc.o
    0x08000b70   0x08000b70   0x00000020   Code   RO         2885    i.RCC_ConfigAdcPllClk  n32g45x_rcc.o
    0x08000b90   0x08000b90   0x00000014   Code   RO         2887    i.RCC_ConfigHclk    n32g45x_rcc.o
    0x08000ba4   0x08000ba4   0x00000038   Code   RO         2888    i.RCC_ConfigHse     n32g45x_rcc.o
    0x08000bdc   0x08000bdc   0x00000028   Code   RO         2890    i.RCC_ConfigLse     n32g45x_rcc.o
    0x08000c04   0x08000c04   0x00000014   Code   RO         2893    i.RCC_ConfigPclk1   n32g45x_rcc.o
    0x08000c18   0x08000c18   0x00000014   Code   RO         2894    i.RCC_ConfigPclk2   n32g45x_rcc.o
    0x08000c2c   0x08000c2c   0x00000018   Code   RO         2897    i.RCC_ConfigRtcClk  n32g45x_rcc.o
    0x08000c44   0x08000c44   0x00000014   Code   RO         2898    i.RCC_ConfigSysclk  n32g45x_rcc.o
    0x08000c58   0x08000c58   0x0000002a   Code   RO         5329    i.RCC_Configuration  bsp_adc.o
    0x08000c82   0x08000c82   0x00000002   PAD
    0x08000c84   0x08000c84   0x00000050   Code   RO         2902    i.RCC_DeInit        n32g45x_rcc.o
    0x08000cd4   0x08000cd4   0x0000001c   Code   RO         2903    i.RCC_EnableAHBPeriphClk  n32g45x_rcc.o
    0x08000cf0   0x08000cf0   0x0000001c   Code   RO         2905    i.RCC_EnableAPB1PeriphClk  n32g45x_rcc.o
    0x08000d0c   0x08000d0c   0x0000001c   Code   RO         2906    i.RCC_EnableAPB1PeriphReset  n32g45x_rcc.o
    0x08000d28   0x08000d28   0x0000001c   Code   RO         2907    i.RCC_EnableAPB2PeriphClk  n32g45x_rcc.o
    0x08000d44   0x08000d44   0x0000001c   Code   RO         2908    i.RCC_EnableAPB2PeriphReset  n32g45x_rcc.o
    0x08000d60   0x08000d60   0x0000000c   Code   RO         2910    i.RCC_EnableBackupReset  n32g45x_rcc.o
    0x08000d6c   0x08000d6c   0x0000000c   Code   RO         2912    i.RCC_EnableHsi     n32g45x_rcc.o
    0x08000d78   0x08000d78   0x0000000c   Code   RO         2913    i.RCC_EnableLsi     n32g45x_rcc.o
    0x08000d84   0x08000d84   0x0000000c   Code   RO         2915    i.RCC_EnableRtcClk  n32g45x_rcc.o
    0x08000d90   0x08000d90   0x000000d0   Code   RO         2917    i.RCC_GetClocksFreqValue  n32g45x_rcc.o
    0x08000e60   0x08000e60   0x00000030   Code   RO         2919    i.RCC_GetFlagStatus  n32g45x_rcc.o
    0x08000e90   0x08000e90   0x00000010   Code   RO         2921    i.RCC_GetSysclkSrc  n32g45x_rcc.o
    0x08000ea0   0x08000ea0   0x00000030   Code   RO         2924    i.RCC_WaitHseStable  n32g45x_rcc.o
    0x08000ed0   0x08000ed0   0x00000012   Code   RO         3165    i.RTC_Bcd2ToByte    n32g45x_rtc.o
    0x08000ee2   0x08000ee2   0x00000018   Code   RO         3166    i.RTC_ByteToBcd2    n32g45x_rtc.o
    0x08000efa   0x08000efa   0x00000002   PAD
    0x08000efc   0x08000efc   0x00000234   Code   RO         5053    i.RTC_CLKSourceConfig  bsp_rtc.o
    0x08001130   0x08001130   0x0000001c   Code   RO         3168    i.RTC_ClrIntPendingBit  n32g45x_rtc.o
    0x0800114c   0x0800114c   0x000000a0   Code   RO         3177    i.RTC_ConfigTime    n32g45x_rtc.o
    0x080011ec   0x080011ec   0x00000038   Code   RO         5057    i.RTC_Date_Time_Write  bsp_rtc.o
    0x08001224   0x08001224   0x00000040   Code   RO         3188    i.RTC_EnterInitMode  n32g45x_rtc.o
    0x08001264   0x08001264   0x00000010   Code   RO         3189    i.RTC_ExitInitMode  n32g45x_rtc.o
    0x08001274   0x08001274   0x00000048   Code   RO         3192    i.RTC_GetDate       n32g45x_rtc.o
    0x080012bc   0x080012bc   0x00000028   Code   RO         3194    i.RTC_GetITStatus   n32g45x_rtc.o
    0x080012e4   0x080012e4   0x0000004c   Code   RO         3197    i.RTC_GetTime       n32g45x_rtc.o
    0x08001330   0x08001330   0x0000005c   Code   RO         3201    i.RTC_Init          n32g45x_rtc.o
    0x0800138c   0x0800138c   0x00000024   Code   RO         5058    i.RTC_Init_test     bsp_rtc.o
    0x080013b0   0x080013b0   0x00000070   Code   RO         5059    i.RTC_PrescalerConfig  bsp_rtc.o
    0x08001420   0x08001420   0x000000a0   Code   RO         3203    i.RTC_SetDate       n32g45x_rtc.o
    0x080014c0   0x080014c0   0x00000024   Code   RO         6816    i.RTC_WKUP_IRQHandler  n32g45x_it.o
    0x080014e4   0x080014e4   0x0000004c   Code   RO         3207    i.RTC_WaitForSynchro  n32g45x_rtc.o
    0x08001530   0x08001530   0x000000c4   Code   RO           13    i.SetSysClock       system_n32g45x.o
    0x080015f4   0x080015f4   0x0000003a   Code   RO         6698    i.SetSysClockToHSI  main.o
    0x0800162e   0x0800162e   0x00000002   PAD
    0x08001630   0x08001630   0x00000048   Code   RO           14    i.SetVDDDBKTrim     system_n32g45x.o
    0x08001678   0x08001678   0x00000012   Code   RO          174    i.SysTick_CLKSourceConfig  misc.o
    0x0800168a   0x0800168a   0x00000014   Code   RO         6702    i.SysTick_Handler   main.o
    0x0800169e   0x0800169e   0x00000002   PAD
    0x080016a0   0x080016a0   0x000000b4   Code   RO           16    i.SystemInit        system_n32g45x.o
    0x08001754   0x08001754   0x0000003c   Code   RO         6817    i.TIM2_IRQHandler   n32g45x_it.o
    0x08001790   0x08001790   0x00000006   Code   RO         3803    i.TIM_ClrIntPendingBit  n32g45x_tim.o
    0x08001796   0x08001796   0x00000018   Code   RO         3871    i.TIM_GetIntStatus  n32g45x_tim.o
    0x080017ae   0x080017ae   0x00000002   PAD
    0x080017b0   0x080017b0   0x00000034   Code   RO         6818    i.UART5_IRQHandler  n32g45x_it.o
    0x080017e4   0x080017e4   0x00000098   Code   RO         5231    i.USART1_INIT       bsp_uart.o
    0x0800187c   0x0800187c   0x0000007c   Code   RO         6819    i.USART1_IRQHandler  n32g45x_it.o
    0x080018f8   0x080018f8   0x00000010   Code   RO         4553    i.USART_ClrIntPendingBit  n32g45x_usart.o
    0x08001908   0x08001908   0x00000036   Code   RO         4554    i.USART_ConfigInt   n32g45x_usart.o
    0x0800193e   0x0800193e   0x00000002   PAD
    0x08001940   0x08001940   0x000000e4   Code   RO         4558    i.USART_DeInit      n32g45x_usart.o
    0x08001a24   0x08001a24   0x00000018   Code   RO         4559    i.USART_Enable      n32g45x_usart.o
    0x08001a3c   0x08001a3c   0x0000000e   Code   RO         4566    i.USART_GetFlagStatus  n32g45x_usart.o
    0x08001a4a   0x08001a4a   0x00000040   Code   RO         4567    i.USART_GetIntStatus  n32g45x_usart.o
    0x08001a8a   0x08001a8a   0x00000002   PAD
    0x08001a8c   0x08001a8c   0x000000b0   Code   RO         4568    i.USART_Init        n32g45x_usart.o
    0x08001b3c   0x08001b3c   0x00000008   Code   RO         4569    i.USART_ReceiveData  n32g45x_usart.o
    0x08001b44   0x08001b44   0x00000008   Code   RO         4571    i.USART_SendData    n32g45x_usart.o
    0x08001b4c   0x08001b4c   0x00000002   Code   RO         6820    i.UsageFault_Handler  n32g45x_it.o
    0x08001b4e   0x08001b4e   0x00000002   PAD
    0x08001b50   0x08001b50   0x0000002c   Code   RO         6653    i.User_Delay_init   delay.o
    0x08001b7c   0x08001b7c   0x00000020   Code   RO         7076    i.__0printf$3       mc_w.l(printf3.o)
    0x08001b9c   0x08001b9c   0x0000000e   Code   RO         7292    i.__scatterload_copy  mc_w.l(handlers.o)
    0x08001baa   0x08001baa   0x00000002   Code   RO         7293    i.__scatterload_null  mc_w.l(handlers.o)
    0x08001bac   0x08001bac   0x0000000e   Code   RO         7294    i.__scatterload_zeroinit  mc_w.l(handlers.o)
    0x08001bba   0x08001bba   0x00000002   PAD
    0x08001bbc   0x08001bbc   0x000001b8   Code   RO         7083    i._printf_core      mc_w.l(printf3.o)
    0x08001d74   0x08001d74   0x00000016   Code   RO         6706    i.delay_ms          main.o
    0x08001d8a   0x08001d8a   0x00000002   PAD
    0x08001d8c   0x08001d8c   0x0000005c   Code   RO         5290    i.fputc             debug.o
    0x08001de8   0x08001de8   0x00000058   Code   RO         6709    i.main              main.o
    0x08001e40   0x08001e40   0x00000024   Code   RO         5841    i.prvResetNextTaskUnblockTime  tasks.o
    0x08001e64   0x08001e64   0x00000026   Code   RO         5487    i.uxListRemove      list.o
    0x08001e8a   0x08001e8a   0x00000018   Code   RO         5491    i.vListInsertEnd    list.o
    0x08001ea2   0x08001ea2   0x00000002   PAD
    0x08001ea4   0x08001ea4   0x00000060   Code   RO         5865    i.vTaskSwitchContext  tasks.o
    0x08001f04   0x08001f04   0x0000002c   Code   RO         6210    i.xPortSysTickHandler  port.o
    0x08001f30   0x08001f30   0x0000001c   Code   RO         5871    i.xTaskGetSchedulerState  tasks.o
    0x08001f4c   0x08001f4c   0x000000cc   Code   RO         5874    i.xTaskIncrementTick  tasks.o
    0x08002018   0x08002018   0x00000040   Data   RO         2925    .constdata          n32g45x_rcc.o
    0x08002058   0x08002058   0x00000020   Data   RO         7290    Region$$Table       anon$$obj.o


    Execution Region RW_IRAM1 (Exec base: 0x20000000, Load base: 0x08002078, Size: 0x00001770, Max: 0x00024000, ABSOLUTE)

    Exec Addr    Load Addr    Size         Type   Attr      Idx    E Section Name        Object

    0x20000000   0x08002078   0x00000004   Data   RW           18    .data               system_n32g45x.o
    0x20000004   0x0800207c   0x00000018   Data   RW         5065    .data               bsp_rtc.o
    0x2000001c   0x08002094   0x00000002   Data   RW         5190    .data               bsp_tim.o
    0x2000001e   0x08002096   0x00000002   Data   RW         5235    .data               bsp_uart.o
    0x20000020   0x08002098   0x00000001   Data   RW         5236    .data               bsp_uart.o
    0x20000021   0x08002099   0x00000003   PAD
    0x20000024   0x0800209c   0x00000004   Data   RW         5291    .data               debug.o
    0x20000028   0x080020a0   0x0000003c   Data   RW         5883    .data               tasks.o
    0x20000064   0x080020dc   0x0000000c   Data   RW         6657    .data               delay.o
    0x20000070   0x080020e8   0x00000004   Data   RW         7264    .data               mc_w.l(stdout.o)
    0x20000074        -       0x0000002c   Zero   RW         5063    .bss                bsp_rtc.o
    0x200000a0        -       0x000000c8   Zero   RW         5234    .bss                bsp_uart.o
    0x20000168        -       0x00000014   Zero   RW         5330    .bss                bsp_adc.o
    0x2000017c        -       0x000000f0   Zero   RW         5882    .bss                tasks.o
    0x2000026c   0x080020ec   0x00000004   PAD
    0x20000270        -       0x00001500   Zero   RW            1    STACK               startup_n32g45x.o


==============================================================================

Image component sizes


      Code (inc. data)   RO Data    RW Data    ZI Data      Debug   Object Name

       144          8          0          0          0        621   bg77.o
       166         14          0          0         20       2702   bsp_adc.o
       138          6          0          0          0       9531   bsp_exti.o
       144         24          0          0          0       2114   bsp_led.o
       796        248          0         24         44       5538   bsp_rtc.o
         0          0          0          2          0        270   bsp_tim.o
       188          8          0          3        200       1852   bsp_uart.o
       286         24          0          4          0       2061   debug.o
        44         12          0         12          0        730   delay.o
         0          0          0          0          0       5100   event_groups.o
        62          0          0          0          0       1544   list.o
       188          0          0          0          0       2151   main.o
       138         14          0          0          0       2421   misc.o
       320         26          0          0          0       7817   n32g45x_adc.o
        18          0          0          0          0        577   n32g45x_bkp.o
       160         16          0          0          0       2561   n32g45x_exti.o
        44         12          0          0          0       1234   n32g45x_flash.o
       570         16          0          0          0       5686   n32g45x_gpio.o
       356         32          0          0          0       6246   n32g45x_it.o
        12          6          0          0          0        597   n32g45x_pwr.o
       864        162         64          0          0      19399   n32g45x_rcc.o
       826         66          0          0          0       9691   n32g45x_rtc.o
        30          0          0          0          0       2018   n32g45x_tim.o
       592         42          0          0          0       8734   n32g45x_usart.o
       234         22          0          0          0       3910   port.o
        36          8        408          0       5376        908   startup_n32g45x.o
       448         74          0          4          0     385713   system_n32g45x.o
       364         28          0         60        240       9734   tasks.o

    ----------------------------------------------------------------------
      7200        868        504        112       5884     501460   Object Totals
         0          0         32          0          0          0   (incl. Generated)
        32          0          0          3          4          0   (incl. Padding)

    ----------------------------------------------------------------------

      Code (inc. data)   RO Data    RW Data    ZI Data      Debug   Library Member Name

         0          0          0          0          0          0   entry.o
         0          0          0          0          0          0   entry10a.o
         0          0          0          0          0          0   entry11a.o
         4          0          0          0          0          0   entry12b.o
         8          4          0          0          0          0   entry2.o
         4          0          0          0          0          0   entry5.o
         0          0          0          0          0          0   entry7b.o
         0          0          0          0          0          0   entry8b.o
         8          4          0          0          0          0   entry9a.o
        30          0          0          0          0          0   handlers.o
        36          8          0          0          0         68   init.o
       472         14          0          0          0        184   printf3.o
         0          0          0          4          0          0   stdout.o
        44          0          0          0          0         80   uidiv.o

    ----------------------------------------------------------------------
       608         30          0          4          0        332   Library Totals
         2          0          0          0          0          0   (incl. Padding)

    ----------------------------------------------------------------------

      Code (inc. data)   RO Data    RW Data    ZI Data      Debug   Library Name

       606         30          0          4          0        332   mc_w.l

    ----------------------------------------------------------------------
       608         30          0          4          0        332   Library Totals

    ----------------------------------------------------------------------

==============================================================================


      Code (inc. data)   RO Data    RW Data    ZI Data      Debug   

      7808        898        504        116       5884     490644   Grand Totals
      7808        898        504        116       5884     490644   ELF Image Totals
      7808        898        504        116          0          0   ROM Totals

==============================================================================

    Total RO  Size (Code + RO Data)                 8312 (   8.12kB)
    Total RW  Size (RW Data + ZI Data)              6000 (   5.86kB)
    Total ROM Size (Code + RO Data + RW Data)       8428 (   8.23kB)

==============================================================================

