Component: ARM Compiler 5.06 update 7 (build 960) Tool: armlink [4d3601]

==============================================================================

Section Cross References

    startup_n32g45x.o(RESET) refers to startup_n32g45x.o(STACK) for __initial_sp
    startup_n32g45x.o(RESET) refers to startup_n32g45x.o(.text) for Reset_Handler
    startup_n32g45x.o(RESET) refers to n32g45x_it.o(i.NMI_Handler) for NMI_Handler
    startup_n32g45x.o(RESET) refers to n32g45x_it.o(i.HardFault_Handler) for HardFault_Handler
    startup_n32g45x.o(RESET) refers to n32g45x_it.o(i.MemManage_Handler) for MemManage_Handler
    startup_n32g45x.o(RESET) refers to n32g45x_it.o(i.BusFault_Handler) for BusFault_Handler
    startup_n32g45x.o(RESET) refers to n32g45x_it.o(i.UsageFault_Handler) for UsageFault_Handler
    startup_n32g45x.o(RESET) refers to port.o(.emb_text) for SVC_Handler
    startup_n32g45x.o(RESET) refers to n32g45x_it.o(i.DebugMon_Handler) for DebugMon_Handler
    startup_n32g45x.o(RESET) refers to main.o(i.SysTick_Handler) for SysTick_Handler
    startup_n32g45x.o(RESET) refers to n32g45x_it.o(i.RTC_WKUP_IRQHandler) for RTC_WKUP_IRQHandler
    startup_n32g45x.o(RESET) refers to n32g45x_it.o(i.EXTI0_IRQHandler) for EXTI0_IRQHandler
    startup_n32g45x.o(RESET) refers to n32g45x_it.o(i.EXTI1_IRQHandler) for EXTI1_IRQHandler
    startup_n32g45x.o(RESET) refers to n32g45x_it.o(i.TIM2_IRQHandler) for TIM2_IRQHandler
    startup_n32g45x.o(RESET) refers to n32g45x_it.o(i.USART1_IRQHandler) for USART1_IRQHandler
    startup_n32g45x.o(RESET) refers to n32g45x_it.o(i.EXTI15_10_IRQHandler) for EXTI15_10_IRQHandler
    startup_n32g45x.o(RESET) refers to n32g45x_it.o(i.UART5_IRQHandler) for UART5_IRQHandler
    startup_n32g45x.o(.text) refers to system_n32g45x.o(i.SystemInit) for SystemInit
    startup_n32g45x.o(.text) refers to entry.o(.ARM.Collect$$$$00000000) for __main
    system_n32g45x.o(i.SetSysClock) refers to system_n32g45x.o(.data) for SystemCoreClock
    system_n32g45x.o(i.SystemCoreClockUpdate) refers to system_n32g45x.o(.data) for SystemCoreClock
    system_n32g45x.o(i.SystemCoreClockUpdate) refers to system_n32g45x.o(.constdata) for AHBPrescTable
    system_n32g45x.o(i.SystemInit) refers to system_n32g45x.o(i.SetSysClock) for SetSysClock
    system_n32g45x.o(i.SystemInit) refers to system_n32g45x.o(i.SetVDDDBKTrim) for SetVDDDBKTrim
    n32g45x_adc.o(i.ADC_ConfigClk) refers to n32g45x_rcc.o(i.RCC_ConfigAdcPllClk) for RCC_ConfigAdcPllClk
    n32g45x_adc.o(i.ADC_ConfigClk) refers to n32g45x_rcc.o(i.RCC_ConfigAdcHclk) for RCC_ConfigAdcHclk
    n32g45x_adc.o(i.ADC_ConfigClk) refers to n32g45x_adc.o(i.ADC_AHB_Clock_Mode_Config) for ADC_AHB_Clock_Mode_Config
    n32g45x_adc.o(i.ADC_ConfigClk) refers to n32g45x_adc.o(i.ADC_PLL_Clock_Mode_Config) for ADC_PLL_Clock_Mode_Config
    n32g45x_adc.o(i.ADC_DeInit) refers to n32g45x_rcc.o(i.RCC_EnableAHBPeriphReset) for RCC_EnableAHBPeriphReset
    n32g45x_bkp.o(i.BKP_DeInit) refers to n32g45x_rcc.o(i.RCC_EnableBackupReset) for RCC_EnableBackupReset
    n32g45x_can.o(i.CAN_DeInit) refers to n32g45x_rcc.o(i.RCC_EnableAPB1PeriphReset) for RCC_EnableAPB1PeriphReset
    n32g45x_can.o(i.CAN_GetIntStatus) refers to n32g45x_can.o(i.CheckINTStatus) for CheckINTStatus
    n32g45x_comp.o(i.COMP_GetIntStsOneComp) refers to n32g45x_comp.o(i.COMP_GetIntSts) for COMP_GetIntSts
    n32g45x_dac.o(i.DAC_DeInit) refers to n32g45x_rcc.o(i.RCC_EnableAPB1PeriphReset) for RCC_EnableAPB1PeriphReset
    n32g45x_dvp.o(i.DVP_ResetReg) refers to n32g45x_rcc.o(i.RCC_EnableAPB2PeriphReset) for RCC_EnableAPB2PeriphReset
    n32g45x_eth.o(i.ETH_ConfigDmaPtpRxDescInChainMode) refers to n32g45x_eth.o(.data) for DMARxDescToGet
    n32g45x_eth.o(i.ETH_ConfigDmaPtpTxDescInChainMode) refers to n32g45x_eth.o(.data) for DMATxDescToSet
    n32g45x_eth.o(i.ETH_ConfigDmaRxDescInChainMode) refers to n32g45x_eth.o(.data) for DMARxDescToGet
    n32g45x_eth.o(i.ETH_ConfigDmaRxDescInRingMode) refers to n32g45x_eth.o(.data) for DMARxDescToGet
    n32g45x_eth.o(i.ETH_ConfigDmaTxDescInChainMode) refers to n32g45x_eth.o(.data) for DMATxDescToSet
    n32g45x_eth.o(i.ETH_ConfigDmaTxDescInRingMode) refers to n32g45x_eth.o(.data) for DMATxDescToSet
    n32g45x_eth.o(i.ETH_ConfigGpio) refers to n32g45x_gpio.o(i.GPIO_ConfigPinRemap) for GPIO_ConfigPinRemap
    n32g45x_eth.o(i.ETH_ConfigGpio) refers to n32g45x_gpio.o(i.GPIO_InitPeripheral) for GPIO_InitPeripheral
    n32g45x_eth.o(i.ETH_DeInit) refers to n32g45x_rcc.o(i.RCC_EnableAHBPeriphReset) for RCC_EnableAHBPeriphReset
    n32g45x_eth.o(i.ETH_DropRxPacket) refers to n32g45x_eth.o(.data) for DMARxDescToGet
    n32g45x_eth.o(i.ETH_EnablePhyLoopBack) refers to n32g45x_eth.o(i.ETH_ReadPhyRegister) for ETH_ReadPhyRegister
    n32g45x_eth.o(i.ETH_EnablePhyLoopBack) refers to n32g45x_eth.o(i.ETH_WritePhyRegister) for ETH_WritePhyRegister
    n32g45x_eth.o(i.ETH_EnableTxRx) refers to n32g45x_eth.o(i.ETH_EnableMacTx) for ETH_EnableMacTx
[...]
    ../fplib/microlib/fpfix.c                0x00000000   Number         0  dfixul.o ABSOLUTE
    ../fplib/microlib/fpmul.c                0x00000000   Number         0  dmul.o ABSOLUTE
    ..\DRIVER\src\bsp_adc.c                  0x00000000   Number         0  bsp_adc.o ABSOLUTE
    ..\DRIVER\src\bsp_exti.c                 0x00000000   Number         0  bsp_exti.o ABSOLUTE
    ..\DRIVER\src\bsp_iic.c                  0x00000000   Number         0  bsp_iic.o ABSOLUTE
    ..\DRIVER\src\bsp_led.c                  0x00000000   Number         0  bsp_led.o ABSOLUTE
    ..\DRIVER\src\bsp_rcc.c                  0x00000000   Number         0  bsp_rcc.o ABSOLUTE
    ..\DRIVER\src\bsp_rtc.c                  0x00000000   Number         0  bsp_rtc.o ABSOLUTE
    ..\DRIVER\src\bsp_tim.c                  0x00000000   Number         0  bsp_tim.o ABSOLUTE
    ..\DRIVER\src\bsp_uart.c                 0x00000000   Number         0  bsp_uart.o ABSOLUTE
    ..\DRIVER\src\debug.c                    0x00000000   Number         0  debug.o ABSOLUTE
    ..\FreeRTOS\croutine.c                   0x00000000   Number         0  croutine.o ABSOLUTE
    ..\FreeRTOS\event_groups.c               0x00000000   Number         0  event_groups.o ABSOLUTE
    ..\FreeRTOS\list.c                       0x00000000   Number         0  list.o ABSOLUTE
    ..\FreeRTOS\portable\MemMang\heap_4.c    0x00000000   Number         0  heap_4.o ABSOLUTE
    ..\FreeRTOS\portable\RVDS\ARM_CM4F\port.c 0x00000000   Number         0  port.o ABSOLUTE
    ..\FreeRTOS\queue.c                      0x00000000   Number         0  queue.o ABSOLUTE
    ..\FreeRTOS\stream_buffer.c              0x00000000   Number         0  stream_buffer.o ABSOLUTE
    ..\FreeRTOS\tasks.c                      0x00000000   Number         0  tasks.o ABSOLUTE
    ..\FreeRTOS\timers.c                     0x00000000   Number         0  timers.o ABSOLUTE
    ..\FreeRTOS_Cellular_Interface\1.0.1\FreeRTOS-Cellular-Interface\source\cellular_3gpp_api.c 0x00000000   Number         0  cellular_3gpp_api.o ABSOLUTE
    ..\FreeRTOS_Cellular_Interface\1.0.1\FreeRTOS-Cellular-Interface\source\cellular_3gpp_urc_handler.c 0x00000000   Number         0  cellular_3gpp_urc_handler.o ABSOLUTE
    ..\FreeRTOS_Cellular_Interface\1.0.1\FreeRTOS-Cellular-Interface\source\cellular_at_core.c 0x00000000   Number         0  cellular_at_core.o ABSOLUTE
    ..\FreeRTOS_Cellular_Interface\1.0.1\FreeRTOS-Cellular-Interface\source\cellular_bg96.c 0x00000000   Number         0  cellular_bg96.o ABSOLUTE
    ..\FreeRTOS_Cellular_Interface\1.0.1\FreeRTOS-Cellular-Interface\source\cellular_bg96_api.c 0x00000000   Number         0  cellular_bg96_api.o ABSOLUTE
    ..\FreeRTOS_Cellular_Interface\1.0.1\FreeRTOS-Cellular-Interface\source\cellular_bg96_urc_handler.c 0x00000000   Number         0  cellular_bg96_urc_handler.o ABSOLUTE
    ..\FreeRTOS_Cellular_Interface\1.0.1\FreeRTOS-Cellular-Interface\source\cellular_bg96_wrapper.c 0x00000000   Number         0  cellular_bg96_wrapper.o ABSOLUTE
    ..\FreeRTOS_Cellular_Interface\1.0.1\FreeRTOS-Cellular-Interface\source\cellular_comm_interface.c 0x00000000   Number         0  cellular_comm_interface.o ABSOLUTE
    ..\FreeRTOS_Cellular_Interface\1.0.1\FreeRTOS-Cellular-Interface\source\cellular_common.c 0x00000000   Number         0  cellular_common.o ABSOLUTE
    ..\FreeRTOS_Cellular_Interface\1.0.1\FreeRTOS-Cellular-Interface\source\cellular_common_api.c 0x00000000   Number         0  cellular_common_api.o ABSOLUTE
    ..\FreeRTOS_Cellular_Interface\1.0.1\FreeRTOS-Cellular-Interface\source\cellular_pkthandler.c 0x00000000   Number         0  cellular_pkthandler.o ABSOLUTE
    ..\FreeRTOS_Cellular_Interface\1.0.1\FreeRTOS-Cellular-Interface\source\cellular_pktio.c 0x00000000   Number         0  cellular_pktio.o ABSOLUTE
    ..\FreeRTOS_Cellular_Interface\1.0.1\FreeRTOS-Cellular-Interface\source\cellular_platform.c 0x00000000   Number         0  cellular_platform.o ABSOLUTE
    ..\FreeRTOS_Cellular_Interface\1.0.1\FreeRTOS-Cellular-Interface\source\cellular_setup.c 0x00000000   Number         0  cellular_setup.o ABSOLUTE
    ..\USER\src\BG77.c                       0x00000000   Number         0  bg77.o ABSOLUTE
    ..\USER\src\Delay.c                      0x00000000   Number         0  delay.o ABSOLUTE
    ..\USER\src\OTA.c                        0x00000000   Number         0  ota.o ABSOLUTE
    ..\USER\src\aisc.c                       0x00000000   Number         0  aisc.o ABSOLUTE
    ..\USER\src\main.c                       0x00000000   Number         0  main.o ABSOLUTE
    ..\USER\src\n32g45x_it.c                 0x00000000   Number         0  n32g45x_it.o ABSOLUTE
    ..\\DRIVER\\src\\bsp_adc.c               0x00000000   Number         0  bsp_adc.o ABSOLUTE
    ..\\DRIVER\\src\\bsp_exti.c              0x00000000   Number         0  bsp_exti.o ABSOLUTE
    ..\\DRIVER\\src\\bsp_iic.c               0x00000000   Number         0  bsp_iic.o ABSOLUTE
    ..\\DRIVER\\src\\bsp_led.c               0x00000000   Number         0  bsp_led.o ABSOLUTE
    ..\\DRIVER\\src\\bsp_rcc.c               0x00000000   Number         0  bsp_rcc.o ABSOLUTE
    ..\\DRIVER\\src\\bsp_rtc.c               0x00000000   Number         0  bsp_rtc.o ABSOLUTE
    ..\\DRIVER\\src\\bsp_tim.c               0x00000000   Number         0  bsp_tim.o ABSOLUTE
    ..\\DRIVER\\src\\bsp_uart.c              0x00000000   Number         0  bsp_uart.o ABSOLUTE
    ..\\DRIVER\\src\\debug.c                 0x00000000   Number         0  debug.o ABSOLUTE
    ..\\FreeRTOS\\croutine.c                 0x00000000   Number         0  croutine.o ABSOLUTE
    ..\\FreeRTOS\\event_groups.c             0x00000000   Number         0  event_groups.o ABSOLUTE
    ..\\FreeRTOS\\list.c                     0x00000000   Number         0  list.o ABSOLUTE
    ..\\FreeRTOS\\portable\\MemMang\\heap_4.c 0x00000000   Number         0  heap_4.o ABSOLUTE
    ..\\FreeRTOS\\portable\\RVDS\\ARM_CM4F\\port.c 0x00000000   Number         0  port.o ABSOLUTE
    ..\\FreeRTOS\\queue.c                    0x00000000   Number         0  queue.o ABSOLUTE
    ..\\FreeRTOS\\stream_buffer.c            0x00000000   Number         0  stream_buffer.o ABSOLUTE
    ..\\FreeRTOS\\tasks.c                    0x00000000   Number         0  tasks.o ABSOLUTE
    ..\\FreeRTOS\\timers.c                   0x00000000   Number         0  timers.o ABSOLUTE
    ..\\FreeRTOS_Cellular_Interface\\1.0.1\\FreeRTOS-Cellular-Interface\\source\\cellular_3gpp_api.c 0x00000000   Number         0  cellular_3gpp_api.o ABSOLUTE
    ..\\FreeRTOS_Cellular_Interface\\1.0.1\\FreeRTOS-Cellular-Interface\\source\\cellular_3gpp_urc_handler.c 0x00000000   Number         0  cellular_3gpp_urc_handler.o ABSOLUTE
    ..\\FreeRTOS_Cellular_Interface\\1.0.1\\FreeRTOS-Cellular-Interface\\source\\cellular_at_core.c 0x00000000   Number         0  cellular_at_core.o ABSOLUTE
    ..\\FreeRTOS_Cellular_Interface\\1.0.1\\FreeRTOS-Cellular-Interface\\source\\cellular_bg96.c 0x00000000   Number         0  cellular_bg96.o ABSOLUTE
    ..\\FreeRTOS_Cellular_Interface\\1.0.1\\FreeRTOS-Cellular-Interface\\source\\cellular_bg96_api.c 0x00000000   Number         0  cellular_bg96_api.o ABSOLUTE
    ..\\FreeRTOS_Cellular_Interface\\1.0.1\\FreeRTOS-Cellular-Interface\\source\\cellular_bg96_urc_handler.c 0x00000000   Number         0  cellular_bg96_urc_handler.o ABSOLUTE
    ..\\FreeRTOS_Cellular_Interface\\1.0.1\\FreeRTOS-Cellular-Interface\\source\\cellular_bg96_wrapper.c 0x00000000   Number         0  cellular_bg96_wrapper.o ABSOLUTE
    ..\\FreeRTOS_Cellular_Interface\\1.0.1\\FreeRTOS-Cellular-Interface\\source\\cellular_comm_interface.c 0x00000000   Number         0  cellular_comm_interface.o ABSOLUTE
    ..\\FreeRTOS_Cellular_Interface\\1.0.1\\FreeRTOS-Cellular-Interface\\source\\cellular_common.c 0x00000000   Number         0  cellular_common.o ABSOLUTE
    ..\\FreeRTOS_Cellular_Interface\\1.0.1\\FreeRTOS-Cellular-Interface\\source\\cellular_common_api.c 0x00000000   Number         0  cellular_common_api.o ABSOLUTE
    ..\\FreeRTOS_Cellular_Interface\\1.0.1\\FreeRTOS-Cellular-Interface\\source\\cellular_pkthandler.c 0x00000000   Number         0  cellular_pkthandler.o ABSOLUTE
    ..\\FreeRTOS_Cellular_Interface\\1.0.1\\FreeRTOS-Cellular-Interface\\source\\cellular_pktio.c 0x00000000   Number         0  cellular_pktio.o ABSOLUTE
    ..\\FreeRTOS_Cellular_Interface\\1.0.1\\FreeRTOS-Cellular-Interface\\source\\cellular_platform.c 0x00000000   Number         0  cellular_platform.o ABSOLUTE
    ..\\FreeRTOS_Cellular_Interface\\1.0.1\\FreeRTOS-Cellular-Interface\\source\\cellular_setup.c 0x00000000   Number         0  cellular_setup.o ABSOLUTE
    ..\\USER\\src\\BG77.c                    0x00000000   Number         0  bg77.o ABSOLUTE
    ..\\USER\\src\\Delay.c                   0x00000000   Number         0  delay.o ABSOLUTE
    ..\\USER\\src\\OTA.c                     0x00000000   Number         0  ota.o ABSOLUTE
    ..\\USER\\src\\aisc.c                    0x00000000   Number         0  aisc.o ABSOLUTE
    ..\\USER\\src\\main.c                    0x00000000   Number         0  main.o ABSOLUTE
    ..\\USER\\src\\n32g45x_it.c              0x00000000   Number         0  n32g45x_it.o ABSOLUTE
    ..\\firmware\\CMSIS\\device\\system_n32g45x.c 0x00000000   Number         0  system_n32g45x.o ABSOLUTE
    ..\\firmware\\n32g45x_std_periph_driver\\src\\misc.c 0x00000000   Number         0  misc.o ABSOLUTE
    ..\\firmware\\n32g45x_std_periph_driver\\src\\n32g45x_adc.c 0x00000000   Number         0  n32g45x_adc.o ABSOLUTE
    ..\\firmware\\n32g45x_std_periph_driver\\src\\n32g45x_bkp.c 0x00000000   Number         0  n32g45x_bkp.o ABSOLUTE
    ..\\firmware\\n32g45x_std_periph_driver\\src\\n32g45x_can.c 0x00000000   Number         0  n32g45x_can.o ABSOLUTE
    ..\\firmware\\n32g45x_std_periph_driver\\src\\n32g45x_comp.c 0x00000000   Number         0  n32g45x_comp.o ABSOLUTE
    ..\\firmware\\n32g45x_std_periph_driver\\src\\n32g45x_crc.c 0x00000000   Number         0  n32g45x_crc.o ABSOLUTE
    ..\\firmware\\n32g45x_std_periph_driver\\src\\n32g45x_dac.c 0x00000000   Number         0  n32g45x_dac.o ABSOLUTE
    ..\\firmware\\n32g45x_std_periph_driver\\src\\n32g45x_dbg.c 0x00000000   Number         0  n32g45x_dbg.o ABSOLUTE
    ..\\firmware\\n32g45x_std_periph_driver\\src\\n32g45x_dma.c 0x00000000   Number         0  n32g45x_dma.o ABSOLUTE
    ..\\firmware\\n32g45x_std_periph_driver\\src\\n32g45x_dvp.c 0x00000000   Number         0  n32g45x_dvp.o ABSOLUTE
    ..\\firmware\\n32g45x_std_periph_driver\\src\\n32g45x_eth.c 0x00000000   Number         0  n32g45x_eth.o ABSOLUTE
    ..\\firmware\\n32g45x_std_periph_driver\\src\\n32g45x_exti.c 0x00000000   Number         0  n32g45x_exti.o ABSOLUTE
    ..\\firmware\\n32g45x_std_periph_driver\\src\\n32g45x_flash.c 0x00000000   Number         0  n32g45x_flash.o ABSOLUTE
    ..\\firmware\\n32g45x_std_periph_driver\\src\\n32g45x_gpio.c 0x00000000   Number         0  n32g45x_gpio.o ABSOLUTE
    ..\\firmware\\n32g45x_std_periph_driver\\src\\n32g45x_i2c.c 0x00000000   Number         0  n32g45x_i2c.o ABSOLUTE
    ..\\firmware\\n32g45x_std_periph_driver\\src\\n32g45x_iwdg.c 0x00000000   Number         0  n32g45x_iwdg.o ABSOLUTE
    ..\\firmware\\n32g45x_std_periph_driver\\src\\n32g45x_opamp.c 0x00000000   Number         0  n32g45x_opamp.o ABSOLUTE
    ..\\firmware\\n32g45x_std_periph_driver\\src\\n32g45x_pwr.c 0x00000000   Number         0  n32g45x_pwr.o ABSOLUTE
    ..\\firmware\\n32g45x_std_periph_driver\\src\\n32g45x_qspi.c 0x00000000   Number         0  n32g45x_qspi.o ABSOLUTE
    ..\\firmware\\n32g45x_std_periph_driver\\src\\n32g45x_rcc.c 0x00000000   Number         0  n32g45x_rcc.o ABSOLUTE
    ..\\firmware\\n32g45x_std_periph_driver\\src\\n32g45x_rtc.c 0x00000000   Number         0  n32g45x_rtc.o ABSOLUTE
    ..\\firmware\\n32g45x_std_periph_driver\\src\\n32g45x_sdio.c 0x00000000   Number         0  n32g45x_sdio.o ABSOLUTE
    ..\\firmware\\n32g45x_std_periph_driver\\src\\n32g45x_spi.c 0x00000000   Number         0  n32g45x_spi.o ABSOLUTE
    ..\\firmware\\n32g45x_std_periph_driver\\src\\n32g45x_tim.c 0x00000000   Number         0  n32g45x_tim.o ABSOLUTE
    ..\\firmware\\n32g45x_std_periph_driver\\src\\n32g45x_tsc.c 0x00000000   Number         0  n32g45x_tsc.o ABSOLUTE
    ..\\firmware\\n32g45x_std_periph_driver\\src\\n32g45x_usart.c 0x00000000   Number         0  n32g45x_usart.o ABSOLUTE
    ..\\firmware\\n32g45x_std_periph_driver\\src\\n32g45x_wwdg.c 0x00000000   Number         0  n32g45x_wwdg.o ABSOLUTE
    ..\firmware\CMSIS\device\startup\startup_n32g45x.s 0x00000000   Number         0  startup_n32g45x.o ABSOLUTE
    ..\firmware\CMSIS\device\system_n32g45x.c 0x00000000   Number         0  system_n32g45x.o ABSOLUTE
    ..\firmware\n32g45x_std_periph_driver\src\misc.c 0x00000000   Number         0  misc.o ABSOLUTE
    ..\firmware\n32g45x_std_periph_driver\src\n32g45x_adc.c 0x00000000   Number         0  n32g45x_adc.o ABSOLUTE
    ..\firmware\n32g45x_std_periph_driver\src\n32g45x_bkp.c 0x00000000   Number         0  n32g45x_bkp.o ABSOLUTE
    ..\firmware\n32g45x_std_periph_driver\src\n32g45x_can.c 0x00000000   Number         0  n32g45x_can.o ABSOLUTE
    ..\firmware\n32g45x_std_periph_driver\src\n32g45x_comp.c 0x00000000   Number         0  n32g45x_comp.o ABSOLUTE
    ..\firmware\n32g45x_std_periph_driver\src\n32g45x_crc.c 0x00000000   Number         0  n32g45x_crc.o ABSOLUTE
    ..\firmware\n32g45x_std_periph_driver\src\n32g45x_dac.c 0x00000000   Number         0  n32g45x_dac.o ABSOLUTE
    ..\firmware\n32g45x_std_periph_driver\src\n32g45x_dbg.c 0x00000000   Number         0  n32g45x_dbg.o ABSOLUTE
    ..\firmware\n32g45x_std_periph_driver\src\n32g45x_dma.c 0x00000000   Number         0  n32g45x_dma.o ABSOLUTE
    ..\firmware\n32g45x_std_periph_driver\src\n32g45x_dvp.c 0x00000000   Number         0  n32g45x_dvp.o ABSOLUTE
    ..\firmware\n32g45x_std_periph_driver\src\n32g45x_eth.c 0x00000000   Number         0  n32g45x_eth.o ABSOLUTE
    ..\firmware\n32g45x_std_periph_driver\src\n32g45x_exti.c 0x00000000   Number         0  n32g45x_exti.o ABSOLUTE
    ..\firmware\n32g45x_std_periph_driver\src\n32g45x_flash.c 0x00000000   Number         0  n32g45x_flash.o ABSOLUTE
    ..\firmware\n32g45x_std_periph_driver\src\n32g45x_gpio.c 0x00000000   Number         0  n32g45x_gpio.o ABSOLUTE
    ..\firmware\n32g45x_std_periph_driver\src\n32g45x_i2c.c 0x00000000   Number         0  n32g45x_i2c.o ABSOLUTE
    ..\firmware\n32g45x_std_periph_driver\src\n32g45x_iwdg.c 0x00000000   Number         0  n32g45x_iwdg.o ABSOLUTE
    ..\firmware\n32g45x_std_periph_driver\src\n32g45x_opamp.c 0x00000000   Number         0  n32g45x_opamp.o ABSOLUTE
    ..\firmware\n32g45x_std_periph_driver\src\n32g45x_pwr.c 0x00000000   Number         0  n32g45x_pwr.o ABSOLUTE
    ..\firmware\n32g45x_std_periph_driver\src\n32g45x_qspi.c 0x00000000   Number         0  n32g45x_qspi.o ABSOLUTE
    ..\firmware\n32g45x_std_periph_driver\src\n32g45x_rcc.c 0x00000000   Number         0  n32g45x_rcc.o ABSOLUTE
    ..\firmware\n32g45x_std_periph_driver\src\n32g45x_rtc.c 0x00000000   Number         0  n32g45x_rtc.o ABSOLUTE
    ..\firmware\n32g45x_std_periph_driver\src\n32g45x_sdio.c 0x00000000   Number         0  n32g45x_sdio.o ABSOLUTE
    ..\firmware\n32g45x_std_periph_driver\src\n32g45x_spi.c 0x00000000   Number         0  n32g45x_spi.o ABSOLUTE
    ..\firmware\n32g45x_std_periph_driver\src\n32g45x_tim.c 0x00000000   Number         0  n32g45x_tim.o ABSOLUTE
    ..\firmware\n32g45x_std_periph_driver\src\n32g45x_tsc.c 0x00000000   Number         0  n32g45x_tsc.o ABSOLUTE
    ..\firmware\n32g45x_std_periph_driver\src\n32g45x_usart.c 0x00000000   Number         0  n32g45x_usart.o ABSOLUTE
    ..\firmware\n32g45x_std_periph_driver\src\n32g45x_wwdg.c 0x00000000   Number         0  n32g45x_wwdg.o ABSOLUTE
    cdrcmple.s                               0x00000000   Number         0  cdrcmple.o ABSOLUTE
    dc.s                                     0x00000000   Number         0  dc.o ABSOLUTE
    handlers.s                               0x00000000   Number         0  handlers.o ABSOLUTE
    init.s                                   0x00000000   Number         0  init.o ABSOLUTE
    RESET                                    0x08000000   Section      408  startup_n32g45x.o(RESET)
    .ARM.Collect$$$$00000000                 0x08000198   Section        0  entry.o(.ARM.Collect$$$$00000000)
    .ARM.Collect$$$$00000001                 0x08000198   Section        4  entry2.o(.ARM.Collect$$$$00000001)
    .ARM.Collect$$$$00000004                 0x0800019c   Section        4  entry5.o(.ARM.Collect$$$$00000004)
    .ARM.Collect$$$$00000008                 0x080001a0   Section        0  entry7b.o(.ARM.Collect$$$$00000008)
    .ARM.Collect$$$$0000000A                 0x080001a0   Section        0  entry8b.o(.ARM.Collect$$$$0000000A)
    .ARM.Collect$$$$0000000B                 0x080001a0   Section        8  entry9a.o(.ARM.Collect$$$$0000000B)
    .ARM.Collect$$$$0000000E                 0x080001a8   Section        4  entry12b.o(.ARM.Collect$$$$0000000E)
    .ARM.Collect$$$$0000000F                 0x080001ac   Section        0  entry10a.o(.ARM.Collect$$$$0000000F)
    .ARM.Collect$$$$00000011                 0x080001ac   Section        0  entry11a.o(.ARM.Collect$$$$00000011)
    .ARM.Collect$$$$00002712                 0x080001ac   Section        4  entry2.o(.ARM.Collect$$$$00002712)
    __lit__00000000                          0x080001ac   Data           4  entry2.o(.ARM.Collect$$$$00002712)
    .emb_text                                0x080001b0   Section      190  port.o(.emb_text)
    $v0                                      0x080001b0   Number         0  port.o(.emb_text)
    .text                                    0x08000270   Section       36  startup_n32g45x.o(.text)
    $v0                                      0x08000270   Number         0  startup_n32g45x.o(.text)
    RESERVE48_IRQHandler                     0x0800028b   Thumb Code     0  startup_n32g45x.o(.text)
    .text                                    0x08000294   Section        0  memmovea.o(.text)
    .text                                    0x080002d4   Section        0  memseta.o(.text)
    .text                                    0x080002f8   Section        0  uldiv.o(.text)
    .text                                    0x0800035c   Section       36  init.o(.text)
    .text                                    0x08000380   Section        0  llshl.o(.text)
    .text                                    0x0800039e   Section        0  llushr.o(.text)
    i.BusFault_Handler                       0x080003be   Section        0  n32g45x_it.o(i.BusFault_Handler)
    i.CommTimeOut_CallBack                   0x080003c2   Section        0  bsp_iic.o(i.CommTimeOut_CallBack)
    i.DEBUG_INIT                             0x080003c4   Section        0  debug.o(i.DEBUG_INIT)
    i.DebugMon_Handler                       0x08000460   Section        0  n32g45x_it.o(i.DebugMon_Handler)
    i.EXTI0_IRQHandler                       0x08000462   Section        0  n32g45x_it.o(i.EXTI0_IRQHandler)
    i.EXTI15_10_IRQHandler                   0x08000474   Section        0  n32g45x_it.o(i.EXTI15_10_IRQHandler)
    i.EXTI1_IRQHandler                       0x0800049c   Section        0  n32g45x_it.o(i.EXTI1_IRQHandler)
    i.EXTI_ClrITPendBit                      0x080004cc   Section        0  n32g45x_exti.o(i.EXTI_ClrITPendBit)
    i.EXTI_GetITStatus                       0x080004d8   Section        0  n32g45x_exti.o(i.EXTI_GetITStatus)
    i.EXTI_InitPeripheral                    0x08000500   Section        0  n32g45x_exti.o(i.EXTI_InitPeripheral)
    i.FLASH_PrefetchBufSet                   0x08000594   Section        0  n32g45x_flash.o(i.FLASH_PrefetchBufSet)
    i.FLASH_SetLatency                       0x080005b0   Section        0  n32g45x_flash.o(i.FLASH_SetLatency)
    i.GPIO_ConfigEXTILine                    0x080005c8   Section        0  n32g45x_gpio.o(i.GPIO_ConfigEXTILine)
    i.GPIO_ConfigPinRemap                    0x08000608   Section        0  n32g45x_gpio.o(i.GPIO_ConfigPinRemap)
    i.GPIO_InitPeripheral                    0x0800083c   Section        0  n32g45x_gpio.o(i.GPIO_InitPeripheral)
    i.GPIO_ResetBits                         0x08000952   Section        0  n32g45x_gpio.o(i.GPIO_ResetBits)
    i.GPIO_SetBits                           0x08000956   Section        0  n32g45x_gpio.o(i.GPIO_SetBits)
    i.HardFault_Handler                      0x0800095c   Section        0  n32g45x_it.o(i.HardFault_Handler)
    i.I2C_CheckEvent                         0x08000980   Section        0  n32g45x_i2c.o(i.I2C_CheckEvent)
    i.I2C_Enable                             0x080009aa   Section        0  n32g45x_i2c.o(i.I2C_Enable)
    i.I2C_GetLastEvent                       0x080009c2   Section        0  n32g45x_i2c.o(i.I2C_GetLastEvent)
    i.I2C_RecvData                           0x080009dc   Section        0  n32g45x_i2c.o(i.I2C_RecvData)
    i.InterfaceClose                         0x080009e4   Section        0  cellular_comm_interface.o(i.InterfaceClose)
    i.InterfaceOpen                          0x080009ea   Section        0  cellular_comm_interface.o(i.InterfaceOpen)
    i.InterfaceRecv                          0x080009f0   Section        0  cellular_comm_interface.o(i.InterfaceRecv)
    i.InterfaceSend                          0x08000a80   Section        0  cellular_comm_interface.o(i.InterfaceSend)
    i.KeyInputExtiInit                       0x08000abc   Section        0  bsp_exti.o(i.KeyInputExtiInit)
    i.KeyWakeupInit                          0x08000b24   Section        0  bsp_exti.o(i.KeyWakeupInit)
    i.LED1_CMD                               0x08000b50   Section        0  bsp_led.o(i.LED1_CMD)
    i.LED1_INIT                              0x08000b70   Section        0  bsp_led.o(i.LED1_INIT)
    i.LED2_CMD                               0x08000b9c   Section        0  bsp_led.o(i.LED2_CMD)
    i.LED2_INIT                              0x08000bbc   Section        0  bsp_led.o(i.LED2_INIT)
    i.Led1Blink                              0x08000be8   Section        0  bsp_led.o(i.Led1Blink)
    i.MemManage_Handler                      0x08000bfc   Section        0  n32g45x_it.o(i.MemManage_Handler)
    i.NMI_Handler                            0x08000c00   Section        0  n32g45x_it.o(i.NMI_Handler)
    i.NVIC_Configuration                     0x08000c02   Section        0  bsp_uart.o(i.NVIC_Configuration)
    NVIC_Configuration                       0x08000c03   Thumb Code    36  bsp_uart.o(i.NVIC_Configuration)
    i.NVIC_Configuration                     0x08000c26   Section        0  debug.o(i.NVIC_Configuration)
    NVIC_Configuration                       0x08000c27   Thumb Code    34  debug.o(i.NVIC_Configuration)
    i.NVIC_Init                              0x08000c48   Section        0  misc.o(i.NVIC_Init)
    i.NVIC_PriorityGroupConfig               0x08000cb8   Section        0  misc.o(i.NVIC_PriorityGroupConfig)
    i.PWR_BackupAccessEnable                 0x08000ccc   Section        0  n32g45x_pwr.o(i.PWR_BackupAccessEnable)
    i.PWR_EnterSTOP2Mode                     0x08000cd8   Section        0  n32g45x_pwr.o(i.PWR_EnterSTOP2Mode)
    i.PWR_WakeUpPinEnable                    0x08000d20   Section        0  n32g45x_pwr.o(i.PWR_WakeUpPinEnable)
    i.RCC_ConfigHclk                         0x08000d2c   Section        0  n32g45x_rcc.o(i.RCC_ConfigHclk)
    i.RCC_ConfigHse                          0x08000d44   Section        0  n32g45x_rcc.o(i.RCC_ConfigHse)
    i.RCC_ConfigPclk1                        0x08000d90   Section        0  n32g45x_rcc.o(i.RCC_ConfigPclk1)
    i.RCC_ConfigPclk2                        0x08000da8   Section        0  n32g45x_rcc.o(i.RCC_ConfigPclk2)
    i.RCC_ConfigPll                          0x08000dc0   Section        0  n32g45x_rcc.o(i.RCC_ConfigPll)
    i.RCC_ConfigSysclk                       0x08000de0   Section        0  n32g45x_rcc.o(i.RCC_ConfigSysclk)
    i.RCC_DeInit                             0x08000df8   Section        0  n32g45x_rcc.o(i.RCC_DeInit)
    i.RCC_EnableAPB1PeriphClk                0x08000e58   Section        0  n32g45x_rcc.o(i.RCC_EnableAPB1PeriphClk)
    i.RCC_EnableAPB1PeriphReset              0x08000e78   Section        0  n32g45x_rcc.o(i.RCC_EnableAPB1PeriphReset)
    i.RCC_EnableAPB2PeriphClk                0x08000e98   Section        0  n32g45x_rcc.o(i.RCC_EnableAPB2PeriphClk)
    i.RCC_EnableAPB2PeriphReset              0x08000eb8   Section        0  n32g45x_rcc.o(i.RCC_EnableAPB2PeriphReset)
    i.RCC_EnableBackupReset                  0x08000ed8   Section        0  n32g45x_rcc.o(i.RCC_EnableBackupReset)
    i.RCC_EnablePll                          0x08000ee4   Section        0  n32g45x_rcc.o(i.RCC_EnablePll)
    i.RCC_GetClocksFreqValue                 0x08000ef0   Section        0  n32g45x_rcc.o(i.RCC_GetClocksFreqValue)
    i.RCC_GetFlagStatus                      0x08000ffc   Section        0  n32g45x_rcc.o(i.RCC_GetFlagStatus)
    i.RCC_GetSysclkSrc                       0x08001038   Section        0  n32g45x_rcc.o(i.RCC_GetSysclkSrc)
    i.RCC_WaitHseStable                      0x08001048   Section        0  n32g45x_rcc.o(i.RCC_WaitHseStable)
    i.RTC_ClrIntPendingBit                   0x08001080   Section        0  n32g45x_rtc.o(i.RTC_ClrIntPendingBit)
    i.RTC_GetITStatus                        0x080010a0   Section        0  n32g45x_rtc.o(i.RTC_GetITStatus)
    i.RTC_WKUP_IRQHandler                    0x080010d0   Section        0  n32g45x_it.o(i.RTC_WKUP_IRQHandler)
    i.Rev_Data_From_Aisc                     0x080010ee   Section        0  aisc.o(i.Rev_Data_From_Aisc)
    i.SetSysClock                            0x080010fc   Section        0  system_n32g45x.o(i.SetSysClock)
    SetSysClock                              0x080010fd   Thumb Code   218  system_n32g45x.o(i.SetSysClock)
    i.SetSysClockToHSE                       0x080011f0   Section        0  bsp_rcc.o(i.SetSysClockToHSE)
    i.SetSysClockToPLL                       0x08001248   Section        0  bsp_rcc.o(i.SetSysClockToPLL)
    i.SetVDDDBKTrim                          0x08001398   Section        0  system_n32g45x.o(i.SetVDDDBKTrim)
    SetVDDDBKTrim                            0x08001399   Thumb Code    70  system_n32g45x.o(i.SetVDDDBKTrim)
    i.StartStop2Mode                         0x080013ec   Section        0  main.o(i.StartStop2Mode)
    i.SysTick_CLKSourceConfig                0x080014ac   Section        0  misc.o(i.SysTick_CLKSourceConfig)
    i.SysTick_Handler                        0x080014c2   Section        0  main.o(i.SysTick_Handler)
    i.SysTick_Init                           0x080014d4   Section        0  main.o(i.SysTick_Init)
    i.SystemInit                             0x08001514   Section        0  system_n32g45x.o(i.SystemInit)
    i.TIM2_IRQHandler                        0x080015e0   Section        0  n32g45x_it.o(i.TIM2_IRQHandler)
    i.TIM_ClrIntPendingBit                   0x08001624   Section        0  n32g45x_tim.o(i.TIM_ClrIntPendingBit)
    i.TIM_GetIntStatus                       0x0800162a   Section        0  n32g45x_tim.o(i.TIM_GetIntStatus)
    i.UART5_IRQHandler                       0x0800164c   Section        0  n32g45x_it.o(i.UART5_IRQHandler)
    i.USART1_INIT                            0x0800167c   Section        0  bsp_uart.o(i.USART1_INIT)
    i.USART1_IRQHandler                      0x08001714   Section        0  n32g45x_it.o(i.USART1_IRQHandler)
    i.USART_ClrIntPendingBit                 0x080017fc   Section        0  n32g45x_usart.o(i.USART_ClrIntPendingBit)
    i.USART_ConfigInt                        0x0800181a   Section        0  n32g45x_usart.o(i.USART_ConfigInt)
    i.USART_DeInit                           0x08001864   Section        0  n32g45x_usart.o(i.USART_DeInit)
    i.USART_Enable                           0x0800193c   Section        0  n32g45x_usart.o(i.USART_Enable)
    i.USART_GetFlagStatus                    0x08001954   Section        0  n32g45x_usart.o(i.USART_GetFlagStatus)
    i.USART_GetIntStatus                     0x0800196e   Section        0  n32g45x_usart.o(i.USART_GetIntStatus)
    i.USART_Init                             0x080019c4   Section        0  n32g45x_usart.o(i.USART_Init)
    i.USART_ReceiveData                      0x08001a8c   Section        0  n32g45x_usart.o(i.USART_ReceiveData)
    i.USART_SendData                         0x08001a96   Section        0  n32g45x_usart.o(i.USART_SendData)
    i.UsageFault_Handler                     0x08001a9e   Section        0  n32g45x_it.o(i.UsageFault_Handler)
    i.__0printf$4                            0x08001aa4   Section        0  printf4.o(i.__0printf$4)
    i.__scatterload_copy                     0x08001ac4   Section       14  handlers.o(i.__scatterload_copy)
    i.__scatterload_null                     0x08001ad2   Section        2  handlers.o(i.__scatterload_null)
    i.__scatterload_zeroinit                 0x08001ad4   Section       14  handlers.o(i.__scatterload_zeroinit)
    i._printf_core                           0x08001ae4   Section        0  printf4.o(i._printf_core)
    _printf_core                             0x08001ae5   Thumb Code   552  printf4.o(i._printf_core)
    i.delay_ms                               0x08001d10   Section        0  main.o(i.delay_ms)
    i.fputc                                  0x08001d30   Section        0  debug.o(i.fputc)
    i.i2c_slave_recv                         0x08001d94   Section        0  bsp_iic.o(i.i2c_slave_recv)
    i.led1_task                              0x08001e38   Section        0  main.o(i.led1_task)
    i.led2_task                              0x08001e46   Section        0  main.o(i.led2_task)
    i.main                                   0x08001e58   Section        0  main.o(i.main)
    i.prvAddCurrentTaskToDelayedList         0x08001ef4   Section        0  tasks.o(i.prvAddCurrentTaskToDelayedList)
    prvAddCurrentTaskToDelayedList           0x08001ef5   Thumb Code   124  tasks.o(i.prvAddCurrentTaskToDelayedList)
    i.prvAddNewTaskToReadyList               0x08001f8c   Section        0  tasks.o(i.prvAddNewTaskToReadyList)
    prvAddNewTaskToReadyList                 0x08001f8d   Thumb Code   156  tasks.o(i.prvAddNewTaskToReadyList)
    i.prvHeapInit                            0x08002044   Section        0  heap_4.o(i.prvHeapInit)
    prvHeapInit                              0x08002045   Thumb Code    98  heap_4.o(i.prvHeapInit)
    i.prvInitialiseNewTask                   0x080020c0   Section        0  tasks.o(i.prvInitialiseNewTask)
    prvInitialiseNewTask                     0x080020c1   Thumb Code   190  tasks.o(i.prvInitialiseNewTask)
    i.prvInitialiseTaskLists                 0x08002180   Section        0  tasks.o(i.prvInitialiseTaskLists)
    prvInitialiseTaskLists                   0x08002181   Thumb Code    70  tasks.o(i.prvInitialiseTaskLists)
    i.prvInsertBlockIntoFreeList             0x080021e8   Section        0  heap_4.o(i.prvInsertBlockIntoFreeList)
    prvInsertBlockIntoFreeList               0x080021e9   Thumb Code    96  heap_4.o(i.prvInsertBlockIntoFreeList)
    i.prvResetNextTaskUnblockTime            0x08002250   Section        0  tasks.o(i.prvResetNextTaskUnblockTime)
    prvResetNextTaskUnblockTime              0x08002251   Thumb Code    40  tasks.o(i.prvResetNextTaskUnblockTime)
    i.prvTaskExitError                       0x08002280   Section        0  port.o(i.prvTaskExitError)
    prvTaskExitError                         0x08002281   Thumb Code    60  port.o(i.prvTaskExitError)
    i.pvPortMalloc                           0x080022c0   Section        0  heap_4.o(i.pvPortMalloc)
    i.pxPortInitialiseStack                  0x0800242c   Section        0  port.o(i.pxPortInitialiseStack)
    i.uxListRemove                           0x08002458   Section        0  list.o(i.uxListRemove)
    i.vListInitialise                        0x08002480   Section        0  list.o(i.vListInitialise)
    i.vListInitialiseItem                    0x0800249a   Section        0  list.o(i.vListInitialiseItem)
    i.vListInsert                            0x080024a0   Section        0  list.o(i.vListInsert)
    i.vListInsertEnd                         0x080024d4   Section        0  list.o(i.vListInsertEnd)
    i.vPortEnterCritical                     0x080024ec   Section        0  port.o(i.vPortEnterCritical)
    i.vPortExitCritical                      0x08002540   Section        0  port.o(i.vPortExitCritical)
    i.vPortFree                              0x0800257c   Section        0  heap_4.o(i.vPortFree)
    i.vTaskDelay                             0x08002620   Section        0  tasks.o(i.vTaskDelay)
    i.vTaskSuspendAll                        0x0800267c   Section        0  tasks.o(i.vTaskSuspendAll)
    i.vTaskSwitchContext                     0x0800268c   Section        0  tasks.o(i.vTaskSwitchContext)
    i.xPortSysTickHandler                    0x08002718   Section        0  port.o(i.xPortSysTickHandler)
    i.xTaskCreate                            0x0800274c   Section        0  tasks.o(i.xTaskCreate)
    i.xTaskGetSchedulerState                 0x080027ac   Section        0  tasks.o(i.xTaskGetSchedulerState)
    i.xTaskGetTickCount                      0x080027cc   Section        0  tasks.o(i.xTaskGetTickCount)
    i.xTaskIncrementTick                     0x080027d8   Section        0  tasks.o(i.xTaskIncrementTick)
    i.xTaskResumeAll                         0x08002920   Section        0  tasks.o(i.xTaskResumeAll)
    .constdata                               0x08002a24   Section       64  n32g45x_rcc.o(.constdata)
    s_ApbAhbPresTable                        0x08002a24   Data          16  n32g45x_rcc.o(.constdata)
    s_AdcHclkPresTable                       0x08002a34   Data          16  n32g45x_rcc.o(.constdata)
    s_AdcPllClkPresTable                     0x08002a44   Data          32  n32g45x_rcc.o(.constdata)
    .data                                    0x20020000   Section        4  system_n32g45x.o(.data)
    .data                                    0x20020004   Section        3  bsp_uart.o(.data)
    .data                                    0x20020008   Section        5  bsp_iic.o(.data)
    I2CTimeout                               0x20020008   Data           4  bsp_iic.o(.data)
    .data                                    0x2002000d   Section        1  bsp_rcc.o(.data)
    .data                                    0x2002000e   Section        3  bsp_tim.o(.data)
    .data                                    0x20020014   Section        4  debug.o(.data)
    is_lr_sent                               0x20020014   Data           4  debug.o(.data)
    .data                                    0x20020018   Section       13  main.o(.data)
    .data                                    0x20020025   Section        2  aisc.o(.data)
    .data                                    0x20020028   Section       64  tasks.o(.data)
    pxDelayedTaskList                        0x2002002c   Data           4  tasks.o(.data)
    pxOverflowDelayedTaskList                0x20020030   Data           4  tasks.o(.data)
    uxDeletedTasksWaitingCleanUp             0x20020034   Data           4  tasks.o(.data)
    uxCurrentNumberOfTasks                   0x20020038   Data           4  tasks.o(.data)
    xTickCount                               0x2002003c   Data           4  tasks.o(.data)
    uxTopReadyPriority                       0x20020040   Data           4  tasks.o(.data)
    xSchedulerRunning                        0x20020044   Data           4  tasks.o(.data)
    xPendedTicks                             0x20020048   Data           4  tasks.o(.data)
    xYieldPending                            0x2002004c   Data           4  tasks.o(.data)
    xNumOfOverflows                          0x20020050   Data           4  tasks.o(.data)
    uxTaskNumber                             0x20020054   Data           4  tasks.o(.data)
    xNextTaskUnblockTime                     0x20020058   Data           4  tasks.o(.data)
    xIdleTaskHandle                          0x2002005c   Data           4  tasks.o(.data)
    uxSchedulerSuspended                     0x20020064   Data           4  tasks.o(.data)
    .data                                    0x20020068   Section       32  heap_4.o(.data)
    xStart                                   0x20020068   Data           8  heap_4.o(.data)
    pxEnd                                    0x20020070   Data           4  heap_4.o(.data)
    xFreeBytesRemaining                      0x20020074   Data           4  heap_4.o(.data)
    xMinimumEverFreeBytesRemaining           0x20020078   Data           4  heap_4.o(.data)
    xNumberOfSuccessfulAllocations           0x2002007c   Data           4  heap_4.o(.data)
    xNumberOfSuccessfulFrees                 0x20020080   Data           4  heap_4.o(.data)
    xBlockAllocatedBit                       0x20020084   Data           4  heap_4.o(.data)
    .data                                    0x20020088   Section       12  port.o(.data)
    uxCriticalNesting                        0x20020088   Data           4  port.o(.data)
    ucMaxSysCallPriority                     0x2002008c   Data           1  port.o(.data)
    ulMaxPRIGROUPValue                       0x20020090   Data           4  port.o(.data)
    .data                                    0x20020094   Section       20  cellular_comm_interface.o(.data)
    .data                                    0x200200a8   Section        4  stdout.o(.data)
    .bss                                     0x200200ac   Section      200  bsp_uart.o(.bss)
    .bss                                     0x20020174   Section      100  aisc.o(.bss)
    .bss                                     0x200201d8   Section     1070  bg77.o(.bss)
    .bss                                     0x20020608   Section      200  tasks.o(.bss)
    pxReadyTasksLists                        0x20020608   Data         100  tasks.o(.bss)
    xDelayedTaskList1                        0x2002066c   Data          20  tasks.o(.bss)
    xDelayedTaskList2                        0x20020680   Data          20  tasks.o(.bss)
    xPendingReadyList                        0x20020694   Data          20  tasks.o(.bss)
    xTasksWaitingTermination                 0x200206a8   Data          20  tasks.o(.bss)
    xSuspendedTaskList                       0x200206bc   Data          20  tasks.o(.bss)
    .bss                                     0x200206d0   Section     6144  heap_4.o(.bss)
    ucHeap                                   0x200206d0   Data        6144  heap_4.o(.bss)
    .bss                                     0x20021ed0   Section      255  cellular_comm_interface.o(.bss)
    STACK                                    0x20021fd0   Section     5376  startup_n32g45x.o(STACK)

    Global Symbols

    Symbol Name                              Value     Ov Type        Size  Object(Section)

    BuildAttributes$$THM_ISAv4$E$P$D$K$B$S$7EM$VFPi3$EXTD16$VFPS$VFMA$PE$A:L22UL41UL21$X:L11$S22US41US21$IEEE1$IW$USESV6$~STKCKD$USESV7$~SHL$OSPACE$ROPI$EBA8$MICROLIB$REQ8$PRES8$EABIv2 0x00000000   Number         0  anon$$obj.o ABSOLUTE
    __ARM_use_no_argv                        0x00000000   Number         0  main.o ABSOLUTE
    _printf_a                                0x00000000   Number         0  stubs.o ABSOLUTE
    _printf_c                                0x00000000   Number         0  stubs.o ABSOLUTE
    _printf_charcount                        0x00000000   Number         0  stubs.o ABSOLUTE
    _printf_d                                0x00000000   Number         0  stubs.o ABSOLUTE
    _printf_e                                0x00000000   Number         0  stubs.o ABSOLUTE
    _printf_f                                0x00000000   Number         0  stubs.o ABSOLUTE
    _printf_flags                            0x00000000   Number         0  stubs.o ABSOLUTE
    _printf_fp_dec                           0x00000000   Number         0  stubs.o ABSOLUTE
    _printf_fp_hex                           0x00000000   Number         0  stubs.o ABSOLUTE
    _printf_g                                0x00000000   Number         0  stubs.o ABSOLUTE
    _printf_i                                0x00000000   Number         0  stubs.o ABSOLUTE
    _printf_int_dec                          0x00000000   Number         0  stubs.o ABSOLUTE
    _printf_l                                0x00000000   Number         0  stubs.o ABSOLUTE
    _printf_lc                               0x00000000   Number         0  stubs.o ABSOLUTE
    _printf_ll                               0x00000000   Number         0  stubs.o ABSOLUTE
    _printf_lld                              0x00000000   Number         0  stubs.o ABSOLUTE
    _printf_lli                              0x00000000   Number         0  stubs.o ABSOLUTE
    _printf_llo                              0x00000000   Number         0  stubs.o ABSOLUTE
    _printf_llu                              0x00000000   Number         0  stubs.o ABSOLUTE
    _printf_llx                              0x00000000   Number         0  stubs.o ABSOLUTE
    _printf_longlong_dec                     0x00000000   Number         0  stubs.o ABSOLUTE
    _printf_longlong_hex                     0x00000000   Number         0  stubs.o ABSOLUTE
    _printf_longlong_oct                     0x00000000   Number         0  stubs.o ABSOLUTE
    _printf_ls                               0x00000000   Number         0  stubs.o ABSOLUTE
    _printf_mbtowc                           0x00000000   Number         0  stubs.o ABSOLUTE
    _printf_n                                0x00000000   Number         0  stubs.o ABSOLUTE
    _printf_o                                0x00000000   Number         0  stubs.o ABSOLUTE
    _printf_p                                0x00000000   Number         0  stubs.o ABSOLUTE
    _printf_percent                          0x00000000   Number         0  stubs.o ABSOLUTE
    _printf_pre_padding                      0x00000000   Number         0  stubs.o ABSOLUTE
    _printf_return_value                     0x00000000   Number         0  stubs.o ABSOLUTE
    _printf_s                                0x00000000   Number         0  stubs.o ABSOLUTE
    _printf_sizespec                         0x00000000   Number         0  stubs.o ABSOLUTE
    _printf_str                              0x00000000   Number         0  stubs.o ABSOLUTE
    _printf_truncate_signed                  0x00000000   Number         0  stubs.o ABSOLUTE
    _printf_truncate_unsigned                0x00000000   Number         0  stubs.o ABSOLUTE
    _printf_u                                0x00000000   Number         0  stubs.o ABSOLUTE
    _printf_wc                               0x00000000   Number         0  stubs.o ABSOLUTE
    _printf_wctomb                           0x00000000   Number         0  stubs.o ABSOLUTE
    _printf_widthprec                        0x00000000   Number         0  stubs.o ABSOLUTE
    _printf_x                                0x00000000   Number         0  stubs.o ABSOLUTE
    __arm_fini_                               - Undefined Weak Reference
    __cpp_initialize__aeabi_                  - Undefined Weak Reference
    __cxa_finalize                            - Undefined Weak Reference
    __decompress                              - Undefined Weak Reference
    _clock_init                               - Undefined Weak Reference
    _microlib_exit                            - Undefined Weak Reference
    __Vectors_Size                           0x00000198   Number         0  startup_n32g45x.o ABSOLUTE
    __Vectors                                0x08000000   Data           4  startup_n32g45x.o(RESET)
    __Vectors_End                            0x08000198   Data           0  startup_n32g45x.o(RESET)
    __main                                   0x08000199   Thumb Code     0  entry.o(.ARM.Collect$$$$00000000)
    _main_stk                                0x08000199   Thumb Code     0  entry2.o(.ARM.Collect$$$$00000001)
    _main_scatterload                        0x0800019d   Thumb Code     0  entry5.o(.ARM.Collect$$$$00000004)
    __main_after_scatterload                 0x080001a1   Thumb Code     0  entry5.o(.ARM.Collect$$$$00000004)
    _main_clock                              0x080001a1   Thumb Code     0  entry7b.o(.ARM.Collect$$$$00000008)
    _main_cpp_init                           0x080001a1   Thumb Code     0  entry8b.o(.ARM.Collect$$$$0000000A)
    _main_init                               0x080001a1   Thumb Code     0  entry9a.o(.ARM.Collect$$$$0000000B)
    __rt_lib_shutdown_fini                   0x080001a9   Thumb Code     0  entry12b.o(.ARM.Collect$$$$0000000E)
    __rt_final_cpp                           0x080001ad   Thumb Code     0  entry10a.o(.ARM.Collect$$$$0000000F)
    __rt_final_exit                          0x080001ad   Thumb Code     0  entry11a.o(.ARM.Collect$$$$00000011)
    SVC_Handler                              0x080001b1   Thumb Code    28  port.o(.emb_text)
    __asm___6_port_c_39a90d8d__prvStartFirstTask 0x080001d1   Thumb Code    36  port.o(.emb_text)
    __asm___6_port_c_39a90d8d__prvEnableVFP  0x080001f9   Thumb Code    16  port.o(.emb_text)
    PendSV_Handler                           0x0800020d   Thumb Code    88  port.o(.emb_text)
    vPortGetIPSR                             0x08000269   Thumb Code     6  port.o(.emb_text)
    Reset_Handler                            0x08000271   Thumb Code     8  startup_n32g45x.o(.text)
    ADC1_2_IRQHandler                        0x0800028b   Thumb Code     0  startup_n32g45x.o(.text)
    ADC3_4_IRQHandler                        0x0800028b   Thumb Code     0  startup_n32g45x.o(.text)
    CAN1_RX1_IRQHandler                      0x0800028b   Thumb Code     0  startup_n32g45x.o(.text)
    CAN1_SCE_IRQHandler                      0x0800028b   Thumb Code     0  startup_n32g45x.o(.text)
    CAN2_RX0_IRQHandler                      0x0800028b   Thumb Code     0  startup_n32g45x.o(.text)
    CAN2_RX1_IRQHandler                      0x0800028b   Thumb Code     0  startup_n32g45x.o(.text)
    CAN2_SCE_IRQHandler                      0x0800028b   Thumb Code     0  startup_n32g45x.o(.text)
    CAN2_TX_IRQHandler                       0x0800028b   Thumb Code     0  startup_n32g45x.o(.text)
    COMP7_IRQHandler                         0x0800028b   Thumb Code     0  startup_n32g45x.o(.text)
    COMP_1_2_3_IRQHandler                    0x0800028b   Thumb Code     0  startup_n32g45x.o(.text)
    COMP_4_5_6_IRQHandler                    0x0800028b   Thumb Code     0  startup_n32g45x.o(.text)
    DMA1_Channel1_IRQHandler                 0x0800028b   Thumb Code     0  startup_n32g45x.o(.text)
    DMA1_Channel2_IRQHandler                 0x0800028b   Thumb Code     0  startup_n32g45x.o(.text)
    DMA1_Channel3_IRQHandler                 0x0800028b   Thumb Code     0  startup_n32g45x.o(.text)
    DMA1_Channel4_IRQHandler                 0x0800028b   Thumb Code     0  startup_n32g45x.o(.text)
    DMA1_Channel5_IRQHandler                 0x0800028b   Thumb Code     0  startup_n32g45x.o(.text)
    DMA1_Channel6_IRQHandler                 0x0800028b   Thumb Code     0  startup_n32g45x.o(.text)
    DMA1_Channel7_IRQHandler                 0x0800028b   Thumb Code     0  startup_n32g45x.o(.text)
    DMA1_Channel8_IRQHandler                 0x0800028b   Thumb Code     0  startup_n32g45x.o(.text)
    DMA2_Channel1_IRQHandler                 0x0800028b   Thumb Code     0  startup_n32g45x.o(.text)
    DMA2_Channel2_IRQHandler                 0x0800028b   Thumb Code     0  startup_n32g45x.o(.text)
    DMA2_Channel3_IRQHandler                 0x0800028b   Thumb Code     0  startup_n32g45x.o(.text)
    DMA2_Channel4_IRQHandler                 0x0800028b   Thumb Code     0  startup_n32g45x.o(.text)
    DMA2_Channel5_IRQHandler                 0x0800028b   Thumb Code     0  startup_n32g45x.o(.text)
    DMA2_Channel6_IRQHandler                 0x0800028b   Thumb Code     0  startup_n32g45x.o(.text)
    DMA2_Channel7_IRQHandler                 0x0800028b   Thumb Code     0  startup_n32g45x.o(.text)
    DMA2_Channel8_IRQHandler                 0x0800028b   Thumb Code     0  startup_n32g45x.o(.text)
    DVP_IRQHandler                           0x0800028b   Thumb Code     0  startup_n32g45x.o(.text)
    ETH_IRQHandler                           0x0800028b   Thumb Code     0  startup_n32g45x.o(.text)
    ETH_WKUP_IRQHandler                      0x0800028b   Thumb Code     0  startup_n32g45x.o(.text)
    EXTI2_IRQHandler                         0x0800028b   Thumb Code     0  startup_n32g45x.o(.text)
    EXTI3_IRQHandler                         0x0800028b   Thumb Code     0  startup_n32g45x.o(.text)
    EXTI4_IRQHandler                         0x0800028b   Thumb Code     0  startup_n32g45x.o(.text)
    EXTI9_5_IRQHandler                       0x0800028b   Thumb Code     0  startup_n32g45x.o(.text)
    FLASH_IRQHandler                         0x0800028b   Thumb Code     0  startup_n32g45x.o(.text)
    I2C1_ER_IRQHandler                       0x0800028b   Thumb Code     0  startup_n32g45x.o(.text)
    I2C1_EV_IRQHandler                       0x0800028b   Thumb Code     0  startup_n32g45x.o(.text)
    I2C2_ER_IRQHandler                       0x0800028b   Thumb Code     0  startup_n32g45x.o(.text)
    I2C2_EV_IRQHandler                       0x0800028b   Thumb Code     0  startup_n32g45x.o(.text)
    I2C3_ER_IRQHandler                       0x0800028b   Thumb Code     0  startup_n32g45x.o(.text)
    I2C3_EV_IRQHandler                       0x0800028b   Thumb Code     0  startup_n32g45x.o(.text)
    I2C4_ER_IRQHandler                       0x0800028b   Thumb Code     0  startup_n32g45x.o(.text)
    I2C4_EV_IRQHandler                       0x0800028b   Thumb Code     0  startup_n32g45x.o(.text)
    MMU_IRQHandler                           0x0800028b   Thumb Code     0  startup_n32g45x.o(.text)
    PVD_IRQHandler                           0x0800028b   Thumb Code     0  startup_n32g45x.o(.text)
    QSPI_IRQHandler                          0x0800028b   Thumb Code     0  startup_n32g45x.o(.text)
    RCC_IRQHandler                           0x0800028b   Thumb Code     0  startup_n32g45x.o(.text)
    RSRAM_IRQHandler                         0x0800028b   Thumb Code     0  startup_n32g45x.o(.text)
    RTCAlarm_IRQHandler                      0x0800028b   Thumb Code     0  startup_n32g45x.o(.text)
    SAC_IRQHandler                           0x0800028b   Thumb Code     0  startup_n32g45x.o(.text)
    SDIO_IRQHandler                          0x0800028b   Thumb Code     0  startup_n32g45x.o(.text)
    SPI1_IRQHandler                          0x0800028b   Thumb Code     0  startup_n32g45x.o(.text)
    SPI2_IRQHandler                          0x0800028b   Thumb Code     0  startup_n32g45x.o(.text)
    SPI3_IRQHandler                          0x0800028b   Thumb Code     0  startup_n32g45x.o(.text)
    TAMPER_IRQHandler                        0x0800028b   Thumb Code     0  startup_n32g45x.o(.text)
    TIM1_BRK_IRQHandler                      0x0800028b   Thumb Code     0  startup_n32g45x.o(.text)
    TIM1_CC_IRQHandler                       0x0800028b   Thumb Code     0  startup_n32g45x.o(.text)
    TIM1_TRG_COM_IRQHandler                  0x0800028b   Thumb Code     0  startup_n32g45x.o(.text)
    TIM1_UP_IRQHandler                       0x0800028b   Thumb Code     0  startup_n32g45x.o(.text)
    TIM3_IRQHandler                          0x0800028b   Thumb Code     0  startup_n32g45x.o(.text)
    TIM4_IRQHandler                          0x0800028b   Thumb Code     0  startup_n32g45x.o(.text)
    TIM5_IRQHandler                          0x0800028b   Thumb Code     0  startup_n32g45x.o(.text)
    TIM6_IRQHandler                          0x0800028b   Thumb Code     0  startup_n32g45x.o(.text)
    TIM7_IRQHandler                          0x0800028b   Thumb Code     0  startup_n32g45x.o(.text)
    TIM8_BRK_IRQHandler                      0x0800028b   Thumb Code     0  startup_n32g45x.o(.text)
    TIM8_CC_IRQHandler                       0x0800028b   Thumb Code     0  startup_n32g45x.o(.text)
    TIM8_TRG_COM_IRQHandler                  0x0800028b   Thumb Code     0  startup_n32g45x.o(.text)
    TIM8_UP_IRQHandler                       0x0800028b   Thumb Code     0  startup_n32g45x.o(.text)
    TSC_IRQHandler                           0x0800028b   Thumb Code     0  startup_n32g45x.o(.text)
    UART4_IRQHandler                         0x0800028b   Thumb Code     0  startup_n32g45x.o(.text)
    UART6_IRQHandler                         0x0800028b   Thumb Code     0  startup_n32g45x.o(.text)
    UART7_IRQHandler                         0x0800028b   Thumb Code     0  startup_n32g45x.o(.text)
    USART2_IRQHandler                        0x0800028b   Thumb Code     0  startup_n32g45x.o(.text)
    USART3_IRQHandler                        0x0800028b   Thumb Code     0  startup_n32g45x.o(.text)
    USBWakeUp_IRQHandler                     0x0800028b   Thumb Code     0  startup_n32g45x.o(.text)
    USB_HP_CAN1_TX_IRQHandler                0x0800028b   Thumb Code     0  startup_n32g45x.o(.text)
    USB_LP_CAN1_RX0_IRQHandler               0x0800028b   Thumb Code     0  startup_n32g45x.o(.text)
    WWDG_IRQHandler                          0x0800028b   Thumb Code     0  startup_n32g45x.o(.text)
    ___aeabi_memcpy8$move                    0x08000295   Thumb Code     0  memmovea.o(.text)
    __aeabi_memcpy                           0x08000295   Thumb Code    64  memmovea.o(.text)
    __aeabi_memcpy4                          0x08000295   Thumb Code     0  memmovea.o(.text)
    __aeabi_memmove                          0x08000295   Thumb Code     0  memmovea.o(.text)
    __aeabi_memmove4                         0x08000295   Thumb Code     0  memmovea.o(.text)
    __aeabi_memmove8                         0x08000295   Thumb Code     0  memmovea.o(.text)
    __aeabi_memset                           0x080002d5   Thumb Code    14  memseta.o(.text)
    __aeabi_memset4                          0x080002d5   Thumb Code     0  memseta.o(.text)
    __aeabi_memset8                          0x080002d5   Thumb Code     0  memseta.o(.text)
    __aeabi_memclr                           0x080002e3   Thumb Code     4  memseta.o(.text)
    __aeabi_memclr4                          0x080002e3   Thumb Code     0  memseta.o(.text)
    __aeabi_memclr8                          0x080002e3   Thumb Code     0  memseta.o(.text)
    memset                                   0x080002e7   Thumb Code    18  memseta.o(.text)
    __aeabi_uldivmod                         0x080002f9   Thumb Code    98  uldiv.o(.text)
    __scatterload                            0x0800035d   Thumb Code    28  init.o(.text)
    __scatterload_rt2                        0x0800035d   Thumb Code     0  init.o(.text)
    __aeabi_llsl                             0x08000381   Thumb Code    30  llshl.o(.text)
    _ll_shift_l                              0x08000381   Thumb Code     0  llshl.o(.text)
    __aeabi_llsr                             0x0800039f   Thumb Code    32  llushr.o(.text)
    _ll_ushift_r                             0x0800039f   Thumb Code     0  llushr.o(.text)
    BusFault_Handler                         0x080003bf   Thumb Code     4  n32g45x_it.o(i.BusFault_Handler)
    CommTimeOut_CallBack                     0x080003c3   Thumb Code     2  bsp_iic.o(i.CommTimeOut_CallBack)
    DEBUG_INIT                               0x080003c5   Thumb Code   144  debug.o(i.DEBUG_INIT)
    DebugMon_Handler                         0x08000461   Thumb Code     2  n32g45x_it.o(i.DebugMon_Handler)
    EXTI0_IRQHandler                         0x08000463   Thumb Code    18  n32g45x_it.o(i.EXTI0_IRQHandler)
    EXTI15_10_IRQHandler                     0x08000475   Thumb Code    36  n32g45x_it.o(i.EXTI15_10_IRQHandler)
    EXTI1_IRQHandler                         0x0800049d   Thumb Code    34  n32g45x_it.o(i.EXTI1_IRQHandler)
    EXTI_ClrITPendBit                        0x080004cd   Thumb Code     6  n32g45x_exti.o(i.EXTI_ClrITPendBit)
    EXTI_GetITStatus                         0x080004d9   Thumb Code    34  n32g45x_exti.o(i.EXTI_GetITStatus)
    EXTI_InitPeripheral                      0x08000501   Thumb Code   142  n32g45x_exti.o(i.EXTI_InitPeripheral)
    FLASH_PrefetchBufSet                     0x08000595   Thumb Code    22  n32g45x_flash.o(i.FLASH_PrefetchBufSet)
    FLASH_SetLatency                         0x080005b1   Thumb Code    18  n32g45x_flash.o(i.FLASH_SetLatency)
    GPIO_ConfigEXTILine                      0x080005c9   Thumb Code    60  n32g45x_gpio.o(i.GPIO_ConfigEXTILine)
    GPIO_ConfigPinRemap                      0x08000609   Thumb Code   554  n32g45x_gpio.o(i.GPIO_ConfigPinRemap)
    GPIO_InitPeripheral                      0x0800083d   Thumb Code   278  n32g45x_gpio.o(i.GPIO_InitPeripheral)
    GPIO_ResetBits                           0x08000953   Thumb Code     4  n32g45x_gpio.o(i.GPIO_ResetBits)
    GPIO_SetBits                             0x08000957   Thumb Code     4  n32g45x_gpio.o(i.GPIO_SetBits)
    HardFault_Handler                        0x0800095d   Thumb Code    16  n32g45x_it.o(i.HardFault_Handler)
    I2C_CheckEvent                           0x08000981   Thumb Code    42  n32g45x_i2c.o(i.I2C_CheckEvent)
    I2C_Enable                               0x080009ab   Thumb Code    24  n32g45x_i2c.o(i.I2C_Enable)
    I2C_GetLastEvent                         0x080009c3   Thumb Code    26  n32g45x_i2c.o(i.I2C_GetLastEvent)
    I2C_RecvData                             0x080009dd   Thumb Code     8  n32g45x_i2c.o(i.I2C_RecvData)
    InterfaceClose                           0x080009e5   Thumb Code     6  cellular_comm_interface.o(i.InterfaceClose)
    InterfaceOpen                            0x080009eb   Thumb Code     6  cellular_comm_interface.o(i.InterfaceOpen)
    InterfaceRecv                            0x080009f1   Thumb Code   128  cellular_comm_interface.o(i.InterfaceRecv)
    InterfaceSend                            0x08000a81   Thumb Code    54  cellular_comm_interface.o(i.InterfaceSend)
    KeyInputExtiInit                         0x08000abd   Thumb Code   104  bsp_exti.o(i.KeyInputExtiInit)
    KeyWakeupInit                            0x08000b25   Thumb Code    38  bsp_exti.o(i.KeyWakeupInit)
    LED1_CMD                                 0x08000b51   Thumb Code    28  bsp_led.o(i.LED1_CMD)
    LED1_INIT                                0x08000b71   Thumb Code    38  bsp_led.o(i.LED1_INIT)
    LED2_CMD                                 0x08000b9d   Thumb Code    28  bsp_led.o(i.LED2_CMD)
    LED2_INIT                                0x08000bbd   Thumb Code    38  bsp_led.o(i.LED2_INIT)
    Led1Blink                                0x08000be9   Thumb Code    14  bsp_led.o(i.Led1Blink)
    MemManage_Handler                        0x08000bfd   Thumb Code     4  n32g45x_it.o(i.MemManage_Handler)
    NMI_Handler                              0x08000c01   Thumb Code     2  n32g45x_it.o(i.NMI_Handler)
    NVIC_Init                                0x08000c49   Thumb Code   100  misc.o(i.NVIC_Init)
    NVIC_PriorityGroupConfig                 0x08000cb9   Thumb Code    10  misc.o(i.NVIC_PriorityGroupConfig)
    PWR_BackupAccessEnable                   0x08000ccd   Thumb Code     6  n32g45x_pwr.o(i.PWR_BackupAccessEnable)
    PWR_EnterSTOP2Mode                       0x08000cd9   Thumb Code    62  n32g45x_pwr.o(i.PWR_EnterSTOP2Mode)
    PWR_WakeUpPinEnable                      0x08000d21   Thumb Code     6  n32g45x_pwr.o(i.PWR_WakeUpPinEnable)
    RCC_ConfigHclk                           0x08000d2d   Thumb Code    18  n32g45x_rcc.o(i.RCC_ConfigHclk)
    RCC_ConfigHse                            0x08000d45   Thumb Code    70  n32g45x_rcc.o(i.RCC_ConfigHse)
    RCC_ConfigPclk1                          0x08000d91   Thumb Code    18  n32g45x_rcc.o(i.RCC_ConfigPclk1)
    RCC_ConfigPclk2                          0x08000da9   Thumb Code    20  n32g45x_rcc.o(i.RCC_ConfigPclk2)
    RCC_ConfigPll                            0x08000dc1   Thumb Code    24  n32g45x_rcc.o(i.RCC_ConfigPll)
    RCC_ConfigSysclk                         0x08000de1   Thumb Code    18  n32g45x_rcc.o(i.RCC_ConfigSysclk)
    RCC_DeInit                               0x08000df9   Thumb Code    78  n32g45x_rcc.o(i.RCC_DeInit)
    RCC_EnableAPB1PeriphClk                  0x08000e59   Thumb Code    26  n32g45x_rcc.o(i.RCC_EnableAPB1PeriphClk)
    RCC_EnableAPB1PeriphReset                0x08000e79   Thumb Code    26  n32g45x_rcc.o(i.RCC_EnableAPB1PeriphReset)
    RCC_EnableAPB2PeriphClk                  0x08000e99   Thumb Code    26  n32g45x_rcc.o(i.RCC_EnableAPB2PeriphClk)
    RCC_EnableAPB2PeriphReset                0x08000eb9   Thumb Code    26  n32g45x_rcc.o(i.RCC_EnableAPB2PeriphReset)
    RCC_EnableBackupReset                    0x08000ed9   Thumb Code     6  n32g45x_rcc.o(i.RCC_EnableBackupReset)
    RCC_EnablePll                            0x08000ee5   Thumb Code     6  n32g45x_rcc.o(i.RCC_EnablePll)
    RCC_GetClocksFreqValue                   0x08000ef1   Thumb Code   240  n32g45x_rcc.o(i.RCC_GetClocksFreqValue)
    RCC_GetFlagStatus                        0x08000ffd   Thumb Code    56  n32g45x_rcc.o(i.RCC_GetFlagStatus)
    RCC_GetSysclkSrc                         0x08001039   Thumb Code    10  n32g45x_rcc.o(i.RCC_GetSysclkSrc)
    RCC_WaitHseStable                        0x08001049   Thumb Code    56  n32g45x_rcc.o(i.RCC_WaitHseStable)
    RTC_ClrIntPendingBit                     0x08001081   Thumb Code    28  n32g45x_rtc.o(i.RTC_ClrIntPendingBit)
    RTC_GetITStatus                          0x080010a1   Thumb Code    42  n32g45x_rtc.o(i.RTC_GetITStatus)
    RTC_WKUP_IRQHandler                      0x080010d1   Thumb Code    30  n32g45x_it.o(i.RTC_WKUP_IRQHandler)
    Rev_Data_From_Aisc                       0x080010ef   Thumb Code    12  aisc.o(i.Rev_Data_From_Aisc)
    SetSysClockToHSE                         0x080011f1   Thumb Code    84  bsp_rcc.o(i.SetSysClockToHSE)
    SetSysClockToPLL                         0x08001249   Thumb Code   298  bsp_rcc.o(i.SetSysClockToPLL)
    StartStop2Mode                           0x080013ed   Thumb Code   136  main.o(i.StartStop2Mode)
    SysTick_CLKSourceConfig                  0x080014ad   Thumb Code    22  misc.o(i.SysTick_CLKSourceConfig)
    SysTick_Handler                          0x080014c3   Thumb Code    16  main.o(i.SysTick_Handler)
    SysTick_Init                             0x080014d5   Thumb Code    54  main.o(i.SysTick_Init)
    SystemInit                               0x08001515   Thumb Code   166  system_n32g45x.o(i.SystemInit)
    TIM2_IRQHandler                          0x080015e1   Thumb Code    62  n32g45x_it.o(i.TIM2_IRQHandler)
    TIM_ClrIntPendingBit                     0x08001625   Thumb Code     6  n32g45x_tim.o(i.TIM_ClrIntPendingBit)
    TIM_GetIntStatus                         0x0800162b   Thumb Code    34  n32g45x_tim.o(i.TIM_GetIntStatus)
    UART5_IRQHandler                         0x0800164d   Thumb Code    42  n32g45x_it.o(i.UART5_IRQHandler)
    USART1_INIT                              0x0800167d   Thumb Code   142  bsp_uart.o(i.USART1_INIT)
    USART1_IRQHandler                        0x08001715   Thumb Code   198  n32g45x_it.o(i.USART1_IRQHandler)
    USART_ClrIntPendingBit                   0x080017fd   Thumb Code    30  n32g45x_usart.o(i.USART_ClrIntPendingBit)
    USART_ConfigInt                          0x0800181b   Thumb Code    74  n32g45x_usart.o(i.USART_ConfigInt)
    USART_DeInit                             0x08001865   Thumb Code   186  n32g45x_usart.o(i.USART_DeInit)
    USART_Enable                             0x0800193d   Thumb Code    24  n32g45x_usart.o(i.USART_Enable)
    USART_GetFlagStatus                      0x08001955   Thumb Code    26  n32g45x_usart.o(i.USART_GetFlagStatus)
    USART_GetIntStatus                       0x0800196f   Thumb Code    84  n32g45x_usart.o(i.USART_GetIntStatus)
    USART_Init                               0x080019c5   Thumb Code   188  n32g45x_usart.o(i.USART_Init)
    USART_ReceiveData                        0x08001a8d   Thumb Code    10  n32g45x_usart.o(i.USART_ReceiveData)
    USART_SendData                           0x08001a97   Thumb Code     8  n32g45x_usart.o(i.USART_SendData)
    UsageFault_Handler                       0x08001a9f   Thumb Code     4  n32g45x_it.o(i.UsageFault_Handler)
    __0printf$4                              0x08001aa5   Thumb Code    22  printf4.o(i.__0printf$4)
    __1printf$4                              0x08001aa5   Thumb Code     0  printf4.o(i.__0printf$4)
    __2printf                                0x08001aa5   Thumb Code     0  printf4.o(i.__0printf$4)
    __scatterload_copy                       0x08001ac5   Thumb Code    14  handlers.o(i.__scatterload_copy)
    __scatterload_null                       0x08001ad3   Thumb Code     2  handlers.o(i.__scatterload_null)
    __scatterload_zeroinit                   0x08001ad5   Thumb Code    14  handlers.o(i.__scatterload_zeroinit)
    delay_ms                                 0x08001d11   Thumb Code    32  main.o(i.delay_ms)
    fputc                                    0x08001d31   Thumb Code    90  debug.o(i.fputc)
    i2c_slave_recv                           0x08001d95   Thumb Code   148  bsp_iic.o(i.i2c_slave_recv)
    led1_task                                0x08001e39   Thumb Code    14  main.o(i.led1_task)
    led2_task                                0x08001e47   Thumb Code    16  main.o(i.led2_task)
    main                                     0x08001e59   Thumb Code   106  main.o(i.main)
    pvPortMalloc                             0x080022c1   Thumb Code   338  heap_4.o(i.pvPortMalloc)
    pxPortInitialiseStack                    0x0800242d   Thumb Code    38  port.o(i.pxPortInitialiseStack)
    uxListRemove                             0x08002459   Thumb Code    40  list.o(i.uxListRemove)
    vListInitialise                          0x08002481   Thumb Code    26  list.o(i.vListInitialise)
    vListInitialiseItem                      0x0800249b   Thumb Code     6  list.o(i.vListInitialiseItem)
    vListInsert                              0x080024a1   Thumb Code    52  list.o(i.vListInsert)
    vListInsertEnd                           0x080024d5   Thumb Code    24  list.o(i.vListInsertEnd)
    vPortEnterCritical                       0x080024ed   Thumb Code    76  port.o(i.vPortEnterCritical)
    vPortExitCritical                        0x08002541   Thumb Code    56  port.o(i.vPortExitCritical)
    vPortFree                                0x0800257d   Thumb Code   150  heap_4.o(i.vPortFree)
    vTaskDelay                               0x08002621   Thumb Code    82  tasks.o(i.vTaskDelay)
    vTaskSuspendAll                          0x0800267d   Thumb Code    12  tasks.o(i.vTaskSuspendAll)
    vTaskSwitchContext                       0x0800268d   Thumb Code   118  tasks.o(i.vTaskSwitchContext)
    xPortSysTickHandler                      0x08002719   Thumb Code    46  port.o(i.xPortSysTickHandler)
    xTaskCreate                              0x0800274d   Thumb Code    96  tasks.o(i.xTaskCreate)
    xTaskGetSchedulerState                   0x080027ad   Thumb Code    24  tasks.o(i.xTaskGetSchedulerState)
    xTaskGetTickCount                        0x080027cd   Thumb Code     6  tasks.o(i.xTaskGetTickCount)
    xTaskIncrementTick                       0x080027d9   Thumb Code   282  tasks.o(i.xTaskIncrementTick)
    xTaskResumeAll                           0x08002921   Thumb Code   224  tasks.o(i.xTaskResumeAll)
    Region$$Table$$Base                      0x08002a64   Number         0  anon$$obj.o(Region$$Table)
    Region$$Table$$Limit                     0x08002a84   Number         0  anon$$obj.o(Region$$Table)
    SystemCoreClock                          0x20020000   Data           4  system_n32g45x.o(.data)
    RxCount                                  0x20020004   Data           2  bsp_uart.o(.data)
    IDLE_FLAG                                0x20020006   Data           1  bsp_uart.o(.data)
    rxDataNum                                0x2002000c   Data           1  bsp_iic.o(.data)
    HSEStartUpStatus                         0x2002000d   Data           1  bsp_rcc.o(.data)
    Timer_ms                                 0x2002000e   Data           2  bsp_tim.o(.data)
    Timer_flag                               0x20020010   Data           1  bsp_tim.o(.data)
    LED1Task_Handler                         0x20020018   Data           4  main.o(.data)
    LED2Task_Handler                         0x2002001c   Data           4  main.o(.data)
    AiscTask_Handler                         0x20020020   Data           4  main.o(.data)
    test                                     0x20020024   Data           1  main.o(.data)
    Aisc_RxCnt                               0x20020025   Data           1  aisc.o(.data)
    Aisc_RxEnd                               0x20020026   Data           1  aisc.o(.data)
    pxCurrentTCB                             0x20020028   Data           4  tasks.o(.data)
    uxTopUsedPriority                        0x20020060   Data           4  tasks.o(.data)
    cellular_rev_start_f                     0x20020094   Data           1  cellular_comm_interface.o(.data)
    cellular_rev_end_f                       0x20020095   Data           1  cellular_comm_interface.o(.data)
    cellularRxCount                          0x20020096   Data           1  cellular_comm_interface.o(.data)
    CellularCommInterface                    0x20020098   Data          16  cellular_comm_interface.o(.data)
    __stdout                                 0x200200a8   Data           4  stdout.o(.data)
    RxBuf                                    0x200200ac   Data         200  bsp_uart.o(.bss)
    Aisc_RxBuf                               0x20020174   Data         100  aisc.o(.bss)
    BG77_Handle                              0x200201d8   Data        1070  bg77.o(.bss)
    cellular_buf                             0x20021ed0   Data         255  cellular_comm_interface.o(.bss)
    __initial_sp                             0x200234d0   Data           0  startup_n32g45x.o(STACK)



==============================================================================

Memory Map of the image

  Image Entry point : 0x08000199

  Load Region LR_IROM1 (Base: 0x08000000, Size: 0x00002b30, Max: 0x00040000, ABSOLUTE)

    Execution Region ER_IROM1 (Exec base: 0x08000000, Load base: 0x08000000, Size: 0x00002a84, Max: 0x00040000, ABSOLUTE)

    Exec Addr    Load Addr    Size         Type   Attr      Idx    E Section Name        Object

    0x08000000   0x08000000   0x00000198   Data   RO            3    RESET               startup_n32g45x.o
    0x08000198   0x08000198   0x00000000   Code   RO         9348  * .ARM.Collect$$$$00000000  mc_w.l(entry.o)
    0x08000198   0x08000198   0x00000004   Code   RO         9680    .ARM.Collect$$$$00000001  mc_w.l(entry2.o)
    0x0800019c   0x0800019c   0x00000004   Code   RO         9683    .ARM.Collect$$$$00000004  mc_w.l(entry5.o)
    0x080001a0   0x080001a0   0x00000000   Code   RO         9685    .ARM.Collect$$$$00000008  mc_w.l(entry7b.o)
    0x080001a0   0x080001a0   0x00000000   Code   RO         9687    .ARM.Collect$$$$0000000A  mc_w.l(entry8b.o)
    0x080001a0   0x080001a0   0x00000008   Code   RO         9688    .ARM.Collect$$$$0000000B  mc_w.l(entry9a.o)
    0x080001a8   0x080001a8   0x00000004   Code   RO         9695    .ARM.Collect$$$$0000000E  mc_w.l(entry12b.o)
    0x080001ac   0x080001ac   0x00000000   Code   RO         9690    .ARM.Collect$$$$0000000F  mc_w.l(entry10a.o)
    0x080001ac   0x080001ac   0x00000000   Code   RO         9692    .ARM.Collect$$$$00000011  mc_w.l(entry11a.o)
    0x080001ac   0x080001ac   0x00000004   Code   RO         9681    .ARM.Collect$$$$00002712  mc_w.l(entry2.o)
    0x080001b0   0x080001b0   0x000000be   Code   RO         7174    .emb_text           port.o
    0x0800026e   0x0800026e   0x00000002   PAD
    0x08000270   0x08000270   0x00000024   Code   RO            4    .text               startup_n32g45x.o
    0x08000294   0x08000294   0x00000040   Code   RO         9383    .text               mc_w.l(memmovea.o)
    0x080002d4   0x080002d4   0x00000024   Code   RO         9387    .text               mc_w.l(memseta.o)
    0x080002f8   0x080002f8   0x00000062   Code   RO         9699    .text               mc_w.l(uldiv.o)
    0x0800035a   0x0800035a   0x00000002   PAD
    0x0800035c   0x0800035c   0x00000024   Code   RO         9721    .text               mc_w.l(init.o)
    0x08000380   0x08000380   0x0000001e   Code   RO         9723    .text               mc_w.l(llshl.o)
    0x0800039e   0x0800039e   0x00000020   Code   RO         9725    .text               mc_w.l(llushr.o)
    0x080003be   0x080003be   0x00000004   Code   RO         5635    i.BusFault_Handler  n32g45x_it.o
    0x080003c2   0x080003c2   0x00000002   Code   RO         5073    i.CommTimeOut_CallBack  bsp_iic.o
    0x080003c4   0x080003c4   0x0000009c   Code   RO         5409    i.DEBUG_INIT        debug.o
    0x08000460   0x08000460   0x00000002   Code   RO         5636    i.DebugMon_Handler  n32g45x_it.o
    0x08000462   0x08000462   0x00000012   Code   RO         5637    i.EXTI0_IRQHandler  n32g45x_it.o
    0x08000474   0x08000474   0x00000028   Code   RO         5638    i.EXTI15_10_IRQHandler  n32g45x_it.o
    0x0800049c   0x0800049c   0x00000030   Code   RO         5639    i.EXTI1_IRQHandler  n32g45x_it.o
    0x080004cc   0x080004cc   0x0000000c   Code   RO         1892    i.EXTI_ClrITPendBit  n32g45x_exti.o
    0x080004d8   0x080004d8   0x00000028   Code   RO         1895    i.EXTI_GetITStatus  n32g45x_exti.o
    0x08000500   0x08000500   0x00000094   Code   RO         1897    i.EXTI_InitPeripheral  n32g45x_exti.o
    0x08000594   0x08000594   0x0000001c   Code   RO         1980    i.FLASH_PrefetchBufSet  n32g45x_flash.o
    0x080005b0   0x080005b0   0x00000018   Code   RO         1985    i.FLASH_SetLatency  n32g45x_flash.o
    0x080005c8   0x080005c8   0x00000040   Code   RO         2145    i.GPIO_ConfigEXTILine  n32g45x_gpio.o
    0x08000608   0x08000608   0x00000234   Code   RO         2148    i.GPIO_ConfigPinRemap  n32g45x_gpio.o
    0x0800083c   0x0800083c   0x00000116   Code   RO         2152    i.GPIO_InitPeripheral  n32g45x_gpio.o
    0x08000952   0x08000952   0x00000004   Code   RO         2158    i.GPIO_ResetBits    n32g45x_gpio.o
    0x08000956   0x08000956   0x00000004   Code   RO         2159    i.GPIO_SetBits      n32g45x_gpio.o
    0x0800095a   0x0800095a   0x00000002   PAD
    0x0800095c   0x0800095c   0x00000024   Code   RO         5640    i.HardFault_Handler  n32g45x_it.o
    0x08000980   0x08000980   0x0000002a   Code   RO         2276    i.I2C_CheckEvent    n32g45x_i2c.o
    0x080009aa   0x080009aa   0x00000018   Code   RO         2288    i.I2C_Enable        n32g45x_i2c.o
    0x080009c2   0x080009c2   0x0000001a   Code   RO         2300    i.I2C_GetLastEvent  n32g45x_i2c.o
    0x080009dc   0x080009dc   0x00000008   Code   RO         2305    i.I2C_RecvData      n32g45x_i2c.o
    0x080009e4   0x080009e4   0x00000006   Code   RO         9267    i.InterfaceClose    cellular_comm_interface.o
    0x080009ea   0x080009ea   0x00000006   Code   RO         9268    i.InterfaceOpen     cellular_comm_interface.o
    0x080009f0   0x080009f0   0x00000090   Code   RO         9269    i.InterfaceRecv     cellular_comm_interface.o
    0x08000a80   0x08000a80   0x0000003c   Code   RO         9270    i.InterfaceSend     cellular_comm_interface.o
    0x08000abc   0x08000abc   0x00000068   Code   RO         4796    i.KeyInputExtiInit  bsp_exti.o
    0x08000b24   0x08000b24   0x0000002c   Code   RO         4797    i.KeyWakeupInit     bsp_exti.o
    0x08000b50   0x08000b50   0x00000020   Code   RO         5121    i.LED1_CMD          bsp_led.o
    0x08000b70   0x08000b70   0x0000002c   Code   RO         5122    i.LED1_INIT         bsp_led.o
    0x08000b9c   0x08000b9c   0x00000020   Code   RO         5123    i.LED2_CMD          bsp_led.o
    0x08000bbc   0x08000bbc   0x0000002c   Code   RO         5124    i.LED2_INIT         bsp_led.o
    0x08000be8   0x08000be8   0x00000014   Code   RO         5125    i.Led1Blink         bsp_led.o
    0x08000bfc   0x08000bfc   0x00000004   Code   RO         5641    i.MemManage_Handler  n32g45x_it.o
    0x08000c00   0x08000c00   0x00000002   Code   RO         5642    i.NMI_Handler       n32g45x_it.o
    0x08000c02   0x08000c02   0x00000024   Code   RO         5015    i.NVIC_Configuration  bsp_uart.o
    0x08000c26   0x08000c26   0x00000022   Code   RO         5410    i.NVIC_Configuration  debug.o
    0x08000c48   0x08000c48   0x00000070   Code   RO          170    i.NVIC_Init         misc.o
    0x08000cb8   0x08000cb8   0x00000014   Code   RO          171    i.NVIC_PriorityGroupConfig  misc.o
    0x08000ccc   0x08000ccc   0x0000000c   Code   RO         2630    i.PWR_BackupAccessEnable  n32g45x_pwr.o
    0x08000cd8   0x08000cd8   0x00000048   Code   RO         2634    i.PWR_EnterSTOP2Mode  n32g45x_pwr.o
    0x08000d20   0x08000d20   0x0000000c   Code   RO         2640    i.PWR_WakeUpPinEnable  n32g45x_pwr.o
    0x08000d2c   0x08000d2c   0x00000018   Code   RO         2887    i.RCC_ConfigHclk    n32g45x_rcc.o
    0x08000d44   0x08000d44   0x0000004c   Code   RO         2888    i.RCC_ConfigHse     n32g45x_rcc.o
    0x08000d90   0x08000d90   0x00000018   Code   RO         2893    i.RCC_ConfigPclk1   n32g45x_rcc.o
    0x08000da8   0x08000da8   0x00000018   Code   RO         2894    i.RCC_ConfigPclk2   n32g45x_rcc.o
    0x08000dc0   0x08000dc0   0x00000020   Code   RO         2895    i.RCC_ConfigPll     n32g45x_rcc.o
    0x08000de0   0x08000de0   0x00000018   Code   RO         2898    i.RCC_ConfigSysclk  n32g45x_rcc.o
    0x08000df8   0x08000df8   0x00000060   Code   RO         2902    i.RCC_DeInit        n32g45x_rcc.o
    0x08000e58   0x08000e58   0x00000020   Code   RO         2905    i.RCC_EnableAPB1PeriphClk  n32g45x_rcc.o
    0x08000e78   0x08000e78   0x00000020   Code   RO         2906    i.RCC_EnableAPB1PeriphReset  n32g45x_rcc.o
    0x08000e98   0x08000e98   0x00000020   Code   RO         2907    i.RCC_EnableAPB2PeriphClk  n32g45x_rcc.o
    0x08000eb8   0x08000eb8   0x00000020   Code   RO         2908    i.RCC_EnableAPB2PeriphReset  n32g45x_rcc.o
    0x08000ed8   0x08000ed8   0x0000000c   Code   RO         2910    i.RCC_EnableBackupReset  n32g45x_rcc.o
    0x08000ee4   0x08000ee4   0x0000000c   Code   RO         2914    i.RCC_EnablePll     n32g45x_rcc.o
    0x08000ef0   0x08000ef0   0x0000010c   Code   RO         2917    i.RCC_GetClocksFreqValue  n32g45x_rcc.o
    0x08000ffc   0x08000ffc   0x0000003c   Code   RO         2919    i.RCC_GetFlagStatus  n32g45x_rcc.o
    0x08001038   0x08001038   0x00000010   Code   RO         2921    i.RCC_GetSysclkSrc  n32g45x_rcc.o
    0x08001048   0x08001048   0x00000038   Code   RO         2924    i.RCC_WaitHseStable  n32g45x_rcc.o
    0x08001080   0x08001080   0x00000020   Code   RO         3168    i.RTC_ClrIntPendingBit  n32g45x_rtc.o
    0x080010a0   0x080010a0   0x00000030   Code   RO         3194    i.RTC_GetITStatus   n32g45x_rtc.o
    0x080010d0   0x080010d0   0x0000001e   Code   RO         5643    i.RTC_WKUP_IRQHandler  n32g45x_it.o
    0x080010ee   0x080010ee   0x0000000c   Code   RO         5748    i.Rev_Data_From_Aisc  aisc.o
    0x080010fa   0x080010fa   0x00000002   PAD
    0x080010fc   0x080010fc   0x000000f4   Code   RO           13    i.SetSysClock       system_n32g45x.o
    0x080011f0   0x080011f0   0x00000058   Code   RO         5317    i.SetSysClockToHSE  bsp_rcc.o
    0x08001248   0x08001248   0x00000150   Code   RO         5319    i.SetSysClockToPLL  bsp_rcc.o
    0x08001398   0x08001398   0x00000054   Code   RO           14    i.SetVDDDBKTrim     system_n32g45x.o
    0x080013ec   0x080013ec   0x000000c0   Code   RO         5544    i.StartStop2Mode    main.o
    0x080014ac   0x080014ac   0x00000016   Code   RO          174    i.SysTick_CLKSourceConfig  misc.o
    0x080014c2   0x080014c2   0x00000010   Code   RO         5546    i.SysTick_Handler   main.o
    0x080014d2   0x080014d2   0x00000002   PAD
    0x080014d4   0x080014d4   0x00000040   Code   RO         5547    i.SysTick_Init      main.o
    0x08001514   0x08001514   0x000000cc   Code   RO           16    i.SystemInit        system_n32g45x.o
    0x080015e0   0x080015e0   0x00000044   Code   RO         5644    i.TIM2_IRQHandler   n32g45x_it.o
    0x08001624   0x08001624   0x00000006   Code   RO         3803    i.TIM_ClrIntPendingBit  n32g45x_tim.o
    0x0800162a   0x0800162a   0x00000022   Code   RO         3871    i.TIM_GetIntStatus  n32g45x_tim.o
    0x0800164c   0x0800164c   0x00000030   Code   RO         5645    i.UART5_IRQHandler  n32g45x_it.o
    0x0800167c   0x0800167c   0x00000098   Code   RO         5017    i.USART1_INIT       bsp_uart.o
    0x08001714   0x08001714   0x000000e8   Code   RO         5646    i.USART1_IRQHandler  n32g45x_it.o
    0x080017fc   0x080017fc   0x0000001e   Code   RO         4553    i.USART_ClrIntPendingBit  n32g45x_usart.o
    0x0800181a   0x0800181a   0x0000004a   Code   RO         4554    i.USART_ConfigInt   n32g45x_usart.o
    0x08001864   0x08001864   0x000000d8   Code   RO         4558    i.USART_DeInit      n32g45x_usart.o
    0x0800193c   0x0800193c   0x00000018   Code   RO         4559    i.USART_Enable      n32g45x_usart.o
    0x08001954   0x08001954   0x0000001a   Code   RO         4566    i.USART_GetFlagStatus  n32g45x_usart.o
    0x0800196e   0x0800196e   0x00000054   Code   RO         4567    i.USART_GetIntStatus  n32g45x_usart.o
    0x080019c2   0x080019c2   0x00000002   PAD
    0x080019c4   0x080019c4   0x000000c8   Code   RO         4568    i.USART_Init        n32g45x_usart.o
    0x08001a8c   0x08001a8c   0x0000000a   Code   RO         4569    i.USART_ReceiveData  n32g45x_usart.o
    0x08001a96   0x08001a96   0x00000008   Code   RO         4571    i.USART_SendData    n32g45x_usart.o
    0x08001a9e   0x08001a9e   0x00000004   Code   RO         5647    i.UsageFault_Handler  n32g45x_it.o
    0x08001aa2   0x08001aa2   0x00000002   PAD
    0x08001aa4   0x08001aa4   0x00000020   Code   RO         9528    i.__0printf$4       mc_w.l(printf4.o)
    0x08001ac4   0x08001ac4   0x0000000e   Code   RO         9735    i.__scatterload_copy  mc_w.l(handlers.o)
    0x08001ad2   0x08001ad2   0x00000002   Code   RO         9736    i.__scatterload_null  mc_w.l(handlers.o)
    0x08001ad4   0x08001ad4   0x0000000e   Code   RO         9737    i.__scatterload_zeroinit  mc_w.l(handlers.o)
    0x08001ae2   0x08001ae2   0x00000002   PAD
    0x08001ae4   0x08001ae4   0x0000022c   Code   RO         9535    i._printf_core      mc_w.l(printf4.o)
    0x08001d10   0x08001d10   0x00000020   Code   RO         5548    i.delay_ms          main.o
    0x08001d30   0x08001d30   0x00000064   Code   RO         5411    i.fputc             debug.o
    0x08001d94   0x08001d94   0x000000a4   Code   RO         5075    i.i2c_slave_recv    bsp_iic.o
    0x08001e38   0x08001e38   0x0000000e   Code   RO         5550    i.led1_task         main.o
    0x08001e46   0x08001e46   0x00000010   Code   RO         5551    i.led2_task         main.o
    0x08001e56   0x08001e56   0x00000002   PAD
    0x08001e58   0x08001e58   0x0000009c   Code   RO         5552    i.main              main.o
    0x08001ef4   0x08001ef4   0x00000098   Code   RO         6547    i.prvAddCurrentTaskToDelayedList  tasks.o
    0x08001f8c   0x08001f8c   0x000000b8   Code   RO         6548    i.prvAddNewTaskToReadyList  tasks.o
    0x08002044   0x08002044   0x0000007c   Code   RO         7107    i.prvHeapInit       heap_4.o
    0x080020c0   0x080020c0   0x000000be   Code   RO         6552    i.prvInitialiseNewTask  tasks.o
    0x0800217e   0x0800217e   0x00000002   PAD
    0x08002180   0x08002180   0x00000068   Code   RO         6553    i.prvInitialiseTaskLists  tasks.o
    0x080021e8   0x080021e8   0x00000068   Code   RO         7108    i.prvInsertBlockIntoFreeList  heap_4.o
    0x08002250   0x08002250   0x00000030   Code   RO         6555    i.prvResetNextTaskUnblockTime  tasks.o
    0x08002280   0x08002280   0x00000040   Code   RO         7175    i.prvTaskExitError  port.o
    0x080022c0   0x080022c0   0x0000016c   Code   RO         7109    i.pvPortMalloc      heap_4.o
    0x0800242c   0x0800242c   0x0000002c   Code   RO         7176    i.pxPortInitialiseStack  port.o
    0x08002458   0x08002458   0x00000028   Code   RO         6103    i.uxListRemove      list.o
    0x08002480   0x08002480   0x0000001a   Code   RO         6104    i.vListInitialise   list.o
    0x0800249a   0x0800249a   0x00000006   Code   RO         6105    i.vListInitialiseItem  list.o
    0x080024a0   0x080024a0   0x00000034   Code   RO         6106    i.vListInsert       list.o
    0x080024d4   0x080024d4   0x00000018   Code   RO         6107    i.vListInsertEnd    list.o
    0x080024ec   0x080024ec   0x00000054   Code   RO         7178    i.vPortEnterCritical  port.o
    0x08002540   0x08002540   0x0000003c   Code   RO         7179    i.vPortExitCritical  port.o
    0x0800257c   0x0800257c   0x000000a4   Code   RO         7110    i.vPortFree         heap_4.o
    0x08002620   0x08002620   0x0000005c   Code   RO         6567    i.vTaskDelay        tasks.o
    0x0800267c   0x0800267c   0x00000010   Code   RO         6585    i.vTaskSuspendAll   tasks.o
    0x0800268c   0x0800268c   0x0000008c   Code   RO         6586    i.vTaskSwitchContext  tasks.o
    0x08002718   0x08002718   0x00000034   Code   RO         7183    i.xPortSysTickHandler  port.o
    0x0800274c   0x0800274c   0x00000060   Code   RO         6589    i.xTaskCreate       tasks.o
    0x080027ac   0x080027ac   0x00000020   Code   RO         6596    i.xTaskGetSchedulerState  tasks.o
    0x080027cc   0x080027cc   0x0000000c   Code   RO         6597    i.xTaskGetTickCount  tasks.o
    0x080027d8   0x080027d8   0x00000148   Code   RO         6599    i.xTaskIncrementTick  tasks.o
    0x08002920   0x08002920   0x00000104   Code   RO         6603    i.xTaskResumeAll    tasks.o
    0x08002a24   0x08002a24   0x00000040   Data   RO         2925    .constdata          n32g45x_rcc.o
    0x08002a64   0x08002a64   0x00000020   Data   RO         9733    Region$$Table       anon$$obj.o


    Execution Region RW_IRAM1 (Exec base: 0x20020000, Load base: 0x08002a84, Size: 0x000034d0, Max: 0x00004000, ABSOLUTE)

    Exec Addr    Load Addr    Size         Type   Attr      Idx    E Section Name        Object

    0x20020000   0x08002a84   0x00000004   Data   RW           18    .data               system_n32g45x.o
    0x20020004   0x08002a88   0x00000003   Data   RW         5021    .data               bsp_uart.o
    0x20020007   0x08002a8b   0x00000001   PAD
    0x20020008   0x08002a8c   0x00000005   Data   RW         5077    .data               bsp_iic.o
    0x2002000d   0x08002a91   0x00000001   Data   RW         5321    .data               bsp_rcc.o
    0x2002000e   0x08002a92   0x00000003   Data   RW         5371    .data               bsp_tim.o
    0x20020011   0x08002a95   0x00000003   PAD
    0x20020014   0x08002a98   0x00000004   Data   RW         5412    .data               debug.o
    0x20020018   0x08002a9c   0x0000000d   Data   RW         5554    .data               main.o
    0x20020025   0x08002aa9   0x00000002   Data   RW         5751    .data               aisc.o
    0x20020027   0x08002aab   0x00000001   PAD
    0x20020028   0x08002aac   0x00000040   Data   RW         6606    .data               tasks.o
    0x20020068   0x08002aec   0x00000020   Data   RW         7116    .data               heap_4.o
    0x20020088   0x08002b0c   0x0000000c   Data   RW         7184    .data               port.o
    0x20020094   0x08002b18   0x00000014   Data   RW         9273    .data               cellular_comm_interface.o
    0x200200a8   0x08002b2c   0x00000004   Data   RW         9696    .data               mc_w.l(stdout.o)
    0x200200ac        -       0x000000c8   Zero   RW         5020    .bss                bsp_uart.o
    0x20020174        -       0x00000064   Zero   RW         5750    .bss                aisc.o
    0x200201d8        -       0x0000042e   Zero   RW         5815    .bss                bg77.o
    0x20020606   0x08002b30   0x00000002   PAD
    0x20020608        -       0x000000c8   Zero   RW         6605    .bss                tasks.o
    0x200206d0        -       0x00001800   Zero   RW         7115    .bss                heap_4.o
    0x20021ed0        -       0x000000ff   Zero   RW         9272    .bss                cellular_comm_interface.o
    0x20021fcf   0x08002b30   0x00000001   PAD
    0x20021fd0        -       0x00001500   Zero   RW            1    STACK               startup_n32g45x.o


==============================================================================

Image component sizes


      Code (inc. data)   RO Data    RW Data    ZI Data      Debug   Object Name

        12          0          0          2        100       1132   aisc.o
         0          0          0          0       1070       1730   bg77.o
       148          6          0          0          0     309043   bsp_exti.o
       166         16          0          5          0       2556   bsp_iic.o
       172         26          0          0          0       2546   bsp_led.o
       424         42          0          1          0       1963   bsp_rcc.o
         0          0          0          0          0       1236   bsp_rtc.o
         0          0          0          3          0        250   bsp_tim.o
       188         10          0          3        200       1816   bsp_uart.o
       216         22          0         20        255       6314   cellular_comm_interface.o
       290         22          0          4          0       1953   debug.o
         0          0          0          0          0       7484   event_groups.o
       756         74          0         32       6144       4459   heap_4.o
       148          0          0          0          0       3246   list.o
       490        116          0         13          0       3970   main.o
       154         22          0          0          0       2329   misc.o
       200         18          0          0          0       2373   n32g45x_exti.o
        52         12          0          0          0       1238   n32g45x_flash.o
       914         14          0          0          0       5506   n32g45x_gpio.o
       100          0          0          0          0       4428   n32g45x_i2c.o
       536         84          0          0          0       6481   n32g45x_it.o
        96         22          0          0          0       1812   n32g45x_pwr.o
       852        128         64          0          0      14437   n32g45x_rcc.o
        80         10          0          0          0       1337   n32g45x_rtc.o
        40          0          0          0          0       1954   n32g45x_tim.o
       672         42          0          0          0       8110   n32g45x_usart.o
       494         44          0         12          0       8927   port.o
        36          8        408          0       5376        900   startup_n32g45x.o
       532         78          0          4          0     351669   system_n32g45x.o
      1654        230          0         64        200      19318   tasks.o
         0          0          0          0          0       2536   timers.o

    ----------------------------------------------------------------------
      9438       1046        504        168      13348     783053   Object Totals
         0          0         32          0          0          0   (incl. Generated)
        16          0          0          5          3          0   (incl. Padding)

    ----------------------------------------------------------------------

      Code (inc. data)   RO Data    RW Data    ZI Data      Debug   Library Member Name

         0          0          0          0          0          0   entry.o
         0          0          0          0          0          0   entry10a.o
         0          0          0          0          0          0   entry11a.o
         4          0          0          0          0          0   entry12b.o
         8          4          0          0          0          0   entry2.o
         4          0          0          0          0          0   entry5.o
         0          0          0          0          0          0   entry7b.o
         0          0          0          0          0          0   entry8b.o
         8          4          0          0          0          0   entry9a.o
        30          0          0          0          0          0   handlers.o
        36          8          0          0          0         68   init.o
        30          0          0          0          0         68   llshl.o
        32          0          0          0          0         68   llushr.o
        64          0          0          0          0         76   memmovea.o
        36          0          0          0          0        108   memseta.o
       588         14          0          0          0        184   printf4.o
         0          0          0          4          0          0   stdout.o
        98          0          0          0          0         92   uldiv.o

    ----------------------------------------------------------------------
       942         30          0          4          0        664   Library Totals
         4          0          0          0          0          0   (incl. Padding)

    ----------------------------------------------------------------------

      Code (inc. data)   RO Data    RW Data    ZI Data      Debug   Library Name

       938         30          0          4          0        664   mc_w.l

    ----------------------------------------------------------------------
       942         30          0          4          0        664   Library Totals

    ----------------------------------------------------------------------

==============================================================================


      Code (inc. data)   RO Data    RW Data    ZI Data      Debug   

     10380       1076        504        172      13348     772061   Grand Totals
     10380       1076        504        172      13348     772061   ELF Image Totals
     10380       1076        504        172          0          0   ROM Totals

==============================================================================

    Total RO  Size (Code + RO Data)                10884 (  10.63kB)
    Total RW  Size (RW Data + ZI Data)             13520 (  13.20kB)
    Total ROM Size (Code + RO Data + RW Data)      11056 (  10.80kB)

==============================================================================

