<html>
<body>
<pre>
<h1>�Vision Build Log</h1>
<h2>Tool Versions:</h2>
IDE-Version: ��Vision V5.41.0.0
Copyright (C) 2024 ARM Ltd and ARM Germany GmbH. All rights reserved.
License Information: Owen Administrator, fmdiot, LIC=----
 
Tool Versions:
Toolchain:       MDK-Lite  Version: 5.41.0.0
Toolchain Path:  D:\Keil\ARM\ARMCC\Bin
C Compiler:      Armcc.exe V5.06 update 7 (build 960)
Assembler:       Armasm.exe V5.06 update 7 (build 960)
Linker/Locator:  ArmLink.exe V5.06 update 7 (build 960)
Library Manager: ArmAr.exe V5.06 update 7 (build 960)
Hex Converter:   FromElf.exe V5.06 update 7 (build 960)
CPU DLL:         SARMCM3.DLL V5.41.0.0
Dialog DLL:      DCM.DLL V1.17.5.0
Target DLL:      Segger\JL2CM3.dll V2.99.45.0
Dialog DLL:      TCM.DLL V1.56.4.0
 
<h2>Project:</h2>
E:\Projects\E-Key\SW\Nation_Transplantation\Nation\MDK-ARM\Interrupt.uvprojx
Project File Date:  02/27/2025

<h2>Output:</h2>
*** Using Compiler 'V5.06 update 7 (build 960)', folder: 'D:\Keil\ARM\ARMCC\Bin'
Rebuild target 'N32G45x'
assembling startup_n32g45x.s...
compiling misc.c...
compiling system_n32g45x.c...
compiling n32g45x_can.c...
compiling n32g45x_bkp.c...
compiling n32g45x_crc.c...
compiling n32g45x_comp.c...
compiling n32g45x_adc.c...
compiling n32g45x_dbg.c...
compiling n32g45x_dvp.c...
compiling n32g45x_dma.c...
compiling n32g45x_dac.c...
compiling n32g45x_flash.c...
compiling n32g45x_exti.c...
compiling n32g45x_eth.c...
compiling n32g45x_rcc.c...
compiling n32g45x_opamp.c...
compiling n32g45x_iwdg.c...
compiling n32g45x_pwr.c...
compiling n32g45x_qspi.c...
compiling n32g45x_i2c.c...
compiling n32g45x_gpio.c...
compiling n32g45x_wwdg.c...
compiling n32g45x_spi.c...
compiling n32g45x_tsc.c...
compiling n32g45x_usart.c...
compiling n32g45x_sdio.c...
compiling n32g45x_tim.c...
compiling n32g45x_rtc.c...
compiling bsp_rcc.c...
..\DRIVER\src\bsp_rcc.c(228): warning:  #223-D: function "printf" declared implicitly
      log_info("--------------------------------\n");
..\DRIVER\src\bsp_rcc.c: 1 warning, 0 errors
compiling bsp_exti.c...
compiling bsp_led.c...
compiling bsp_tim.c...
compiling bsp_uart.c...
compiling bsp_rtc.c...
compiling bsp_iic.c...
..\DRIVER\src\bsp_iic.c(159): warning:  #223-D: function "printf" declared implicitly
      log_info("***** NVIC system reset! *****\r\n");
..\DRIVER\src\bsp_iic.c(185): warning:  #223-D: function "printf" declared implicitly
          log_info("***** IIC module by RCC reset! *****\r\n");
..\DRIVER\src\bsp_iic.c(212): warning:  #223-D: function "printf" declared implicitly
              log_info("***** IIC module self reset! *****\r\n");
..\DRIVER\src\bsp_iic.c(227): warning:  #223-D: function "printf" declared implicitly
      log_info("...ErrCode:%d\r\n", errcode);
..\DRIVER\src\bsp_iic.c(236): warning:  #1-D: last line of file ends without a newline
  }
..\DRIVER\src\bsp_iic.c: 5 warnings, 0 errors
compiling main.c...
..\USER\src\main.c(202): warning:  #177-D: variable "GPIO_InitStructure"  was declared but never referenced
  	GPIO_InitType GPIO_InitStructure;
..\USER\src\main.c: 1 warning, 0 errors
compiling Delay.c...
compiling aisc.c...
compiling debug.c...
compiling bsp_adc.c...
compiling n32g45x_it.c...
..\USER\src\n32g45x_it.c(72): warning:  #223-D: function "printf" declared implicitly
  	printf("HardFault_Handler\n");
..\USER\src\n32g45x_it.c(197): warning:  #550-D: variable "temp"  was set but never used
  	u8 temp;
..\USER\src\n32g45x_it.c: 2 warnings, 0 errors
compiling BG77.c...
..\USER\src\BG77.c(24): warning:  #223-D: function "printf" declared implicitly
  				printf("bg77 reset\n");
..\USER\src\BG77.c(181): warning:  #167-D: argument of type "u8 *" is incompatible with parameter of type "const char *"
  			  if(strstr(BG77.RxBuf,"+++")) //退出透传
..\USER\src\BG77.c(220): warning:  #177-D: variable "ret"  was declared but never referenced
  	u16 ret;
..\USER\src\BG77.c(221): warning:  #177-D: variable "startTime"  was declared but never referenced
  	uint32_t startTime = 0; // 获取当前系统时间
..\USER\src\BG77.c(222): warning:  #177-D: variable "elapsedTime"  was declared but never referenced
  	uint32_t elapsedTime;
..\USER\src\BG77.c(307): warning:  #223-D: function "printf" declared implicitly
  				printf("waiting csq\n");
..\USER\src\BG77.c(335): warning:  #940-D: missing return statement at end of non-void function "Net_Register" 
  }
..\USER\src\BG77.c(387): warning:  #940-D: missing return statement at end of non-void function "Get_IP" 
  }
..\USER\src\BG77.c(385): warning:  #177-D: variable "Ptr"  was declared but never referenced
    char *Ptr;
..\USER\src\BG77.c(386): warning:  #177-D: variable "IP"  was declared but never referenced
  	char IP[6] = {0};
..\USER\src\BG77.c(399): warning:  #223-D: function "printf" declared implicitly
  		printf("bg77 start success\n");
..\USER\src\BG77.c: 11 warnings, 0 errors
compiling croutine.c...
compiling stream_buffer.c...
compiling list.c...
compiling OTA.c...
compiling event_groups.c...
compiling queue.c...
compiling tasks.c...
compiling heap_4.c...
compiling port.c...
compiling timers.c...
linking...
Program Size: Code=16252 RO-data=652 RW-data=192 ZI-data=12568  
FromELF: creating hex file...
After Build - User command #1: fromelf --bin --output=.\bin\NationKey.bin .\Objects\NationKey.axf
After Build - User command #2: fromelf --vhx -d --32x1 .\Objects\NationKey.axf --output=.\bin\NationKey.dua
".\Objects\NationKey.axf" - 0 Error(s), 20 Warning(s).

<h2>Software Packages used:</h2>

Package Vendor: Nationstech
                http://www.keil.com/pack/Nationstech.N32G45x_DFP.1.0.6.pack
                Nationstech::N32G45x_DFP@1.0.6
                Nationstech N32G45x Series Device Support, Drivers and Examples

<h2>Collection of Component include folders:</h2>
  D:/Keil/Nationstech/N32G45x_DFP/1.0.6/firmware/CMSIS/device

<h2>Collection of Component Files used:</h2>
Build Time Elapsed:  00:00:17
</pre>
</body>
</html>
