Archive member included to satisfy reference by file (symbol)

C:/Program Files/SEGGER/SEGGER Embedded Studio for ARM 5.42a/lib/libc_v7em_fpv4_sp_d16_hard_t_le_eabi.a(libc2.o)
                              Output/Release/Obj/libuarte_pca10040/nrf_log_str_formatter.o (isprint)
C:/Program Files/SEGGER/SEGGER Embedded Studio for ARM 5.42a/lib/libc_v7em_fpv4_sp_d16_hard_t_le_eabi.a(libc2_asm.o)
                              Output/Release/Obj/libuarte_pca10040/nrf_log_frontend.o (memcpy)
C:/Program Files/SEGGER/SEGGER Embedded Studio for ARM 5.42a/lib/libc_v7em_fpv4_sp_d16_hard_t_le_eabi.a(libvfprintf.o)
                              (__vfprintf_long)
C:/Program Files/SEGGER/SEGGER Embedded Studio for ARM 5.42a/lib/libc_v7em_fpv4_sp_d16_hard_t_le_eabi.a(libvfscanf.o)
                              (__vfscanf_long)
C:/Program Files/SEGGER/SEGGER Embedded Studio for ARM 5.42a/lib/libc_v7em_fpv4_sp_d16_hard_t_le_eabi.a(libc.o)
                              C:/Program Files/SEGGER/SEGGER Embedded Studio for ARM 5.42a/lib/libc_v7em_fpv4_sp_d16_hard_t_le_eabi.a(libc2.o) (__heap_lock)
C:/Program Files/SEGGER/SEGGER Embedded Studio for ARM 5.42a/lib/libc_v7em_fpv4_sp_d16_hard_t_le_eabi.a(libc_asm.o)
                              C:/Program Files/SEGGER/SEGGER Embedded Studio for ARM 5.42a/lib/libc_v7em_fpv4_sp_d16_hard_t_le_eabi.a(libc2.o) (__aeabi_uldivmod)
C:/Program Files/SEGGER/SEGGER Embedded Studio for ARM 5.42a/lib/libdebugio_v7em_fpv4_sp_d16_hard_t_le_eabi.a(libdebugio.o)
                              Output/Release/Obj/libuarte_pca10040/thumb_crt0.o (debug_fopen)
C:/Program Files/SEGGER/SEGGER Embedded Studio for ARM 5.42a/lib/libdebugio_v7em_fpv4_sp_d16_hard_t_le_eabi.a(do_nv_debug_operation.o)
                              C:/Program Files/SEGGER/SEGGER Embedded Studio for ARM 5.42a/lib/libdebugio_v7em_fpv4_sp_d16_hard_t_le_eabi.a(libdebugio.o) (__do_nvdebug_operation)
C:/Program Files/SEGGER/SEGGER Embedded Studio for ARM 5.42a/lib/libdebugio_v7em_fpv4_sp_d16_hard_t_le_eabi.a(mempoll_debug_operations.o)
                              (__do_debug_operation_mempoll)
C:/Program Files/SEGGER/SEGGER Embedded Studio for ARM 5.42a/lib/libm_v7em_fpv4_sp_d16_hard_t_le_eabi.a(libm_asm.o)
                              C:/Program Files/SEGGER/SEGGER Embedded Studio for ARM 5.42a/lib/libc_v7em_fpv4_sp_d16_hard_t_le_eabi.a(libc2.o) (__aeabi_dadd)
C:/Program Files/SEGGER/SEGGER Embedded Studio for ARM 5.42a/lib/libm_v7em_fpv4_sp_d16_hard_t_le_eabi.a(libm2.o)
                              C:/Program Files/SEGGER/SEGGER Embedded Studio for ARM 5.42a/lib/libc_v7em_fpv4_sp_d16_hard_t_le_eabi.a(libvfprintf.o) (frexp)

Discarded input sections

 .text          0x0000000000000000        0x0 Output/Release/Obj/libuarte_pca10040/thumb_crt0.o
 .data          0x0000000000000000        0x0 Output/Release/Obj/libuarte_pca10040/thumb_crt0.o
 .bss           0x0000000000000000        0x0 Output/Release/Obj/libuarte_pca10040/thumb_crt0.o
 .text.__aeabi_read_tp
                0x0000000000000000        0x8 Output/Release/Obj/libuarte_pca10040/thumb_crt0.o
 .text.abort    0x0000000000000000        0x2 Output/Release/Obj/libuarte_pca10040/thumb_crt0.o
 .text.__assert
                0x0000000000000000        0x2 Output/Release/Obj/libuarte_pca10040/thumb_crt0.o
 .text.__assert_func
                0x0000000000000000        0x2 Output/Release/Obj/libuarte_pca10040/thumb_crt0.o
 .text.__aeabi_assert
                0x0000000000000000        0x2 Output/Release/Obj/libuarte_pca10040/thumb_crt0.o
 .text.__sync_synchronize
                0x0000000000000000        0x2 Output/Release/Obj/libuarte_pca10040/thumb_crt0.o
 .text.__getchar
                0x0000000000000000        0x4 Output/Release/Obj/libuarte_pca10040/thumb_crt0.o
 .text.__putchar
                0x0000000000000000        0x4 Output/Release/Obj/libuarte_pca10040/thumb_crt0.o
 .text.__open   0x0000000000000000        0x4 Output/Release/Obj/libuarte_pca10040/thumb_crt0.o
 .text.__close  0x0000000000000000        0x4 Output/Release/Obj/libuarte_pca10040/thumb_crt0.o
 .text.__write  0x0000000000000000        0xa Output/Release/Obj/libuarte_pca10040/thumb_crt0.o
 .text.__read   0x0000000000000000        0xa Output/Release/Obj/libuarte_pca10040/thumb_crt0.o
 .text.__seek   0x0000000000000000       0x1a Output/Release/Obj/libuarte_pca10040/thumb_crt0.o
 .text.remove   0x0000000000000000        0x4 Output/Release/Obj/libuarte_pca10040/thumb_crt0.o
 .text.rename   0x0000000000000000        0x4 Output/Release/Obj/libuarte_pca10040/thumb_crt0.o
 .bss.__user_locale_name_buffer
                0x0000000000000000        0x4 Output/Release/Obj/libuarte_pca10040/thumb_crt0.o
 .stack         0x0000000000000000        0x0 Output/Release/Obj/libuarte_pca10040/thumb_crt0.o
 .stack_process
                0x0000000000000000        0x0 Output/Release/Obj/libuarte_pca10040/thumb_crt0.o
 .heap          0x0000000000000000        0x0 Output/Release/Obj/libuarte_pca10040/thumb_crt0.o
[...]
Memory Configuration

Name             Origin             Length             Attributes
UNPLACED_SECTIONS 0x0000000100000000 0x0000000000000000 xw
RAM1             0x0000000020000000 0x0000000000010000 xw
FLASH1           0x0000000000000000 0x0000000000080000 xw
*default*        0x0000000000000000 0xffffffffffffffff

Linker script and memory map

                0x0000000000000000                __do_debug_operation = __do_debug_operation_mempoll
                0x0000000000000000                __vfprintf = __vfprintf_long
                0x0000000000000000                __vfscanf = __vfscanf_long
                0x0000000020000000                __RAM1_segment_start__ = 0x20000000
                0x0000000020010000                __RAM1_segment_end__ = 0x20010000
                0x0000000000010000                __RAM1_segment_size__ = 0x10000
                0x0000000000000000                __FLASH1_segment_start__ = 0x0
                0x0000000000080000                __FLASH1_segment_end__ = 0x80000
                0x0000000000080000                __FLASH1_segment_size__ = 0x80000
                0x0000000000002000                __HEAPSIZE__ = 0x2000
                0x0000000000000000                __STACKSIZE_PROCESS__ = 0x0
                0x0000000000002000                __STACKSIZE__ = 0x2000
                0x0000000020000000                __vectors_ram_load_start__ = 0x20000000

.vectors_ram    0x0000000020000000        0x0
                0x0000000020000000                __vectors_ram_start__ = .
                0x0000000020000000                __app_ram_start__ = __vectors_ram_start__
 *(.vectors_ram .vectors_ram.*)
                0x0000000020000000                __vectors_ram_end__ = (__vectors_ram_start__ + SIZEOF (.vectors_ram))
                0x0000000000000000                __vectors_ram_size__ = SIZEOF (.vectors_ram)
                0x0000000020000000                __vectors_ram_load_end__ = __vectors_ram_end__
                0x0000000000000001                . = ASSERT (((__vectors_ram_start__ == __vectors_ram_end__) || ((__vectors_ram_end__ - __RAM1_segment_start__) <= __RAM1_segment_size__)), error: .vectors_ram is too large to fit in RAM1 memory segment)
                0x0000000020000000                __nrf_sections_run_load_start__ = ALIGN (__vectors_ram_end__, 0x4)

.nrf_sections_run
                0x0000000020000000        0x0
                0x0000000020000000                __nrf_sections_run_start__ = .
                0x0000000020000000                __start_nrf_sections_run = __nrf_sections_run_start__
 *(.nrf_sections_run .nrf_sections_run.*)
                0x0000000020000000                __nrf_sections_run_end__ = (__nrf_sections_run_start__ + SIZEOF (.nrf_sections_run))
                0x0000000000000000                __nrf_sections_run_size__ = SIZEOF (.nrf_sections_run)
                0x0000000020000000                __nrf_sections_run_load_end__ = __nrf_sections_run_end__
                0x0000000000000001                . = ASSERT (((__nrf_sections_run_start__ == __nrf_sections_run_end__) || ((__nrf_sections_run_end__ - __RAM1_segment_start__) <= __RAM1_segment_size__)), error: .nrf_sections_run is too large to fit in RAM1 memory segment)
                0x0000000000000000                __vectors_load_start__ = 0x0

.vectors        0x0000000000000000      0x200
                0x0000000000000000                __vectors_start__ = .
 *(.vectors .vectors.*)
 .vectors       0x0000000000000000      0x200 Output/Release/Obj/libuarte_pca10040/ses_startup_nrf52.o
                0x0000000000000000                _vectors
                0x0000000000000200                __vectors_end__ = (__vectors_start__ + SIZEOF (.vectors))
                0x0000000000000200                __vectors_size__ = SIZEOF (.vectors)
                0x0000000000000200                __vectors_load_end__ = __vectors_end__
                0x0000000000000001                . = ASSERT (((__vectors_start__ == __vectors_end__) || ((__vectors_end__ - __FLASH1_segment_start__) <= __FLASH1_segment_size__)), error: .vectors is too large to fit in FLASH1 memory segment)
                0x0000000000000200                __init_load_start__ = ALIGN (__vectors_end__, 0x4)

.init           0x0000000000000200      0x1d0
                0x0000000000000200                __init_start__ = .
 *(.init .init.*)
 .init          0x0000000000000200      0x15c Output/Release/Obj/libuarte_pca10040/thumb_crt0.o
                0x0000000000000200                _start
                0x00000000000002b4                exit
 .init          0x000000000000035c       0x18 Output/Release/Obj/libuarte_pca10040/ses_startup_nrf52.o
                0x000000000000035c                NMI_Handler
                0x000000000000035e                HardFault_Handler
                0x0000000000000360                MemoryManagement_Handler
                0x0000000000000362                BusFault_Handler
                0x0000000000000364                UsageFault_Handler
                0x0000000000000366                SVC_Handler
                0x0000000000000368                DebugMon_Handler
                0x000000000000036a                PendSV_Handler
                0x000000000000036c                SysTick_Handler
                0x000000000000036e                PWM1_IRQHandler
                0x000000000000036e                SWI2_EGU2_IRQHandler
                0x000000000000036e                RADIO_IRQHandler
                0x000000000000036e                PDM_IRQHandler
                0x000000000000036e                TEMP_IRQHandler
                0x000000000000036e                QDEC_IRQHandler
                0x000000000000036e                SWI0_EGU0_IRQHandler
                0x000000000000036e                FPU_IRQHandler
                0x000000000000036e                SPIM0_SPIS0_TWIM0_TWIS0_SPI0_TWI0_IRQHandler
                0x000000000000036e                GPIOTE_IRQHandler
                0x000000000000036e                TIMER4_IRQHandler
                0x000000000000036e                I2S_IRQHandler
                0x000000000000036e                SWI4_EGU4_IRQHandler
                0x000000000000036e                Dummy_Handler
                0x000000000000036e                TIMER1_IRQHandler
                0x000000000000036e                PWM2_IRQHandler
                0x000000000000036e                ECB_IRQHandler
                0x000000000000036e                SPIM1_SPIS1_TWIM1_TWIS1_SPI1_TWI1_IRQHandler
                0x000000000000036e                SAADC_IRQHandler
                0x000000000000036e                CCM_AAR_IRQHandler
                0x000000000000036e                WDT_IRQHandler
                0x000000000000036e                TIMER3_IRQHandler
                0x000000000000036e                SWI5_EGU5_IRQHandler
                0x000000000000036e                RNG_IRQHandler
                0x000000000000036e                RTC2_IRQHandler
                0x000000000000036e                PWM0_IRQHandler
                0x000000000000036e                SWI3_EGU3_IRQHandler
                0x000000000000036e                SWI1_EGU1_IRQHandler
                0x000000000000036e                SPIM2_SPIS2_SPI2_IRQHandler
                0x000000000000036e                NFCT_IRQHandler
                0x000000000000036e                TIMER2_IRQHandler
                0x000000000000036e                MWU_IRQHandler
                0x000000000000036e                COMP_LPCOMP_IRQHandler
                0x0000000000000370                nRFInitialize
 .init          0x0000000000000374       0x5c Output/Release/Obj/libuarte_pca10040/ses_startup_nrf_common.o
                0x0000000000000374                Reset_Handler
                0x0000000000000378                afterInitialize
                0x000000000000039c                InitializeUserMemorySections
                0x00000000000003d0                __init_end__ = (__init_start__ + SIZEOF (.init))
                0x00000000000001d0                __init_size__ = SIZEOF (.init)
                0x00000000000003d0                __init_load_end__ = __init_end__
                0x0000000000000001                . = ASSERT (((__init_start__ == __init_end__) || ((__init_end__ - __FLASH1_segment_start__) <= __FLASH1_segment_size__)), error: .init is too large to fit in FLASH1 memory segment)
                0x00000000000003d0                __init_rodata_load_start__ = ALIGN (__init_end__, 0x4)

.init_rodata    0x00000000000003d0        0x0
                0x00000000000003d0                __init_rodata_start__ = .
 *(.init_rodata .init_rodata.*)
                0x00000000000003d0                __init_rodata_end__ = (__init_rodata_start__ + SIZEOF (.init_rodata))
                0x0000000000000000                __init_rodata_size__ = SIZEOF (.init_rodata)
                0x00000000000003d0                __init_rodata_load_end__ = __init_rodata_end__
                0x0000000000000001                . = ASSERT (((__init_rodata_start__ == __init_rodata_end__) || ((__init_rodata_end__ - __FLASH1_segment_start__) <= __FLASH1_segment_size__)), error: .init_rodata is too large to fit in FLASH1 memory segment)
                0x00000000000003d0                __text_load_start__ = ALIGN (__init_rodata_end__, 0x4)

.text           0x00000000000003d0     0x3508
                0x00000000000003d0                __text_start__ = .
 *(.text .text.* .glue_7t .glue_7 .gnu.linkonce.t.* .gcc_except_table .ARM.extab* .gnu.linkonce.armextab.*)
 .glue_7        0x00000000000003d0        0x0 linker stubs
 .glue_7t       0x00000000000003d0        0x0 linker stubs
 .text.nrf_log_backend_rtt_flush
                0x00000000000003d0        0x2 Output/Release/Obj/libuarte_pca10040/nrf_log_backend_rtt.o
 *fill*         0x00000000000003d2        0x2 
 .text.nrf_log_backend_rtt_put
                0x00000000000003d4       0x1c Output/Release/Obj/libuarte_pca10040/nrf_log_backend_rtt.o
 .text.serial_tx
                0x00000000000003f0       0x50 Output/Release/Obj/libuarte_pca10040/nrf_log_backend_rtt.o
 .text.nrf_log_backend_rtt_panic_set
                0x0000000000000440        0x2 Output/Release/Obj/libuarte_pca10040/nrf_log_backend_rtt.o
 .text.nrf_log_backend_rtt_init
                0x0000000000000442        0x4 Output/Release/Obj/libuarte_pca10040/nrf_log_backend_rtt.o
                0x0000000000000442                nrf_log_backend_rtt_init
 .text.nrf_log_backend_serial_put
                0x0000000000000446       0xc2 Output/Release/Obj/libuarte_pca10040/nrf_log_backend_serial.o
                0x0000000000000446                nrf_log_backend_serial_put
 .text.nrf_log_default_backends_init
                0x0000000000000508       0x20 Output/Release/Obj/libuarte_pca10040/nrf_log_default_backends.o
                0x0000000000000508                nrf_log_default_backends_init
 .text.invalid_packets_omit
                0x0000000000000528       0x3a Output/Release/Obj/libuarte_pca10040/nrf_log_frontend.o
 *fill*         0x0000000000000562        0x2 
 .text.buf_prealloc
                0x0000000000000564      0x11c Output/Release/Obj/libuarte_pca10040/nrf_log_frontend.o
 .text.nrf_log_init
                0x0000000000000680       0x28 Output/Release/Obj/libuarte_pca10040/nrf_log_frontend.o
                0x0000000000000680                nrf_log_init
 .text.nrf_log_module_name_get
                0x00000000000006a8       0x38 Output/Release/Obj/libuarte_pca10040/nrf_log_frontend.o
                0x00000000000006a8                nrf_log_module_name_get
 .text.nrf_log_color_id_get
                0x00000000000006e0       0x2c Output/Release/Obj/libuarte_pca10040/nrf_log_frontend.o
                0x00000000000006e0                nrf_log_color_id_get
 .text.log_pending_hook
                0x000000000000070c        0x2 Output/Release/Obj/libuarte_pca10040/nrf_log_frontend.o
                0x000000000000070c                log_pending_hook
 *fill*         0x000000000000070e        0x2 
 .text.buffer_is_empty
                0x0000000000000710       0x14 Output/Release/Obj/libuarte_pca10040/nrf_log_frontend.o
                0x0000000000000710                buffer_is_empty
 .text.nrf_log_frontend_dequeue
                0x0000000000000724      0x200 Output/Release/Obj/libuarte_pca10040/nrf_log_frontend.o
                0x0000000000000724                nrf_log_frontend_dequeue
 .text.std_n    0x0000000000000924       0x90 Output/Release/Obj/libuarte_pca10040/nrf_log_frontend.o
 .text.nrf_log_frontend_std_0
                0x00000000000009b4        0x8 Output/Release/Obj/libuarte_pca10040/nrf_log_frontend.o
                0x00000000000009b4                nrf_log_frontend_std_0
 .text.nrf_log_frontend_std_1
                0x00000000000009bc       0x12 Output/Release/Obj/libuarte_pca10040/nrf_log_frontend.o
                0x00000000000009bc                nrf_log_frontend_std_1
 .text.nrf_log_frontend_std_2
                0x00000000000009ce       0x14 Output/Release/Obj/libuarte_pca10040/nrf_log_frontend.o
                0x00000000000009ce                nrf_log_frontend_std_2
 *fill*         0x00000000000009e2        0x2 
 .text.nrf_log_backend_add
                0x00000000000009e4       0x44 Output/Release/Obj/libuarte_pca10040/nrf_log_frontend.o
                0x00000000000009e4                nrf_log_backend_add
 .text.nrf_log_panic
                0x0000000000000a28       0x28 Output/Release/Obj/libuarte_pca10040/nrf_log_frontend.o
                0x0000000000000a28                nrf_log_panic
 .text.prefix_process
                0x0000000000000a50       0x7c Output/Release/Obj/libuarte_pca10040/nrf_log_str_formatter.o
 .text.postfix_process
                0x0000000000000acc       0x44 Output/Release/Obj/libuarte_pca10040/nrf_log_str_formatter.o
 .text.nrf_log_std_entry_process
                0x0000000000000b10       0xc8 Output/Release/Obj/libuarte_pca10040/nrf_log_str_formatter.o
                0x0000000000000b10                nrf_log_std_entry_process
 .text.nrf_log_hexdump_entry_process
                0x0000000000000bd8       0xb8 Output/Release/Obj/libuarte_pca10040/nrf_log_str_formatter.o
                0x0000000000000bd8                nrf_log_hexdump_entry_process
 .text.bsp_board_led_off
                0x0000000000000c90       0x18 Output/Release/Obj/libuarte_pca10040/boards.o
                0x0000000000000c90                bsp_board_led_off
 .text.bsp_board_leds_off
                0x0000000000000ca8       0x1e Output/Release/Obj/libuarte_pca10040/boards.o
                0x0000000000000ca8                bsp_board_leds_off
 *fill*         0x0000000000000cc6        0x2 
 .text.bsp_board_led_invert
                0x0000000000000cc8       0x24 Output/Release/Obj/libuarte_pca10040/boards.o
                0x0000000000000cc8                bsp_board_led_invert
 .text.bsp_board_init
                0x0000000000000cec       0x3e Output/Release/Obj/libuarte_pca10040/boards.o
                0x0000000000000cec                bsp_board_init
 .text.app_error_handler_bare
                0x0000000000000d2a       0x1a Output/Release/Obj/libuarte_pca10040/app_error.o
                0x0000000000000d2a                app_error_handler_bare
 .text.app_error_fault_handler
                0x0000000000000d44       0x6c Output/Release/Obj/libuarte_pca10040/app_error_weak.o
                0x0000000000000d44                app_error_fault_handler
 .text.compare_func
                0x0000000000000db0       0x18 Output/Release/Obj/libuarte_pca10040/app_timer2.o
 .text.get_now  0x0000000000000dc8       0x38 Output/Release/Obj/libuarte_pca10040/app_timer2.o
 .text.timer_req_schedule
                0x0000000000000e00       0x38 Output/Release/Obj/libuarte_pca10040/app_timer2.o
 .text.timer_expire
                0x0000000000000e38       0x98 Output/Release/Obj/libuarte_pca10040/app_timer2.o
 .text.app_timer_init
                0x0000000000000ed0       0x64 Output/Release/Obj/libuarte_pca10040/app_timer2.o
                0x0000000000000ed0                app_timer_init
 .text.app_timer_create
                0x0000000000000f34       0x24 Output/Release/Obj/libuarte_pca10040/app_timer2.o
                0x0000000000000f34                app_timer_create
 .text.app_timer_start
                0x0000000000000f58       0x52 Output/Release/Obj/libuarte_pca10040/app_timer2.o
                0x0000000000000f58                app_timer_start
 *fill*         0x0000000000000faa        0x2 
 .text.app_timer_cnt_get
                0x0000000000000fac        0xc Output/Release/Obj/libuarte_pca10040/app_timer2.o
                0x0000000000000fac                app_timer_cnt_get
 .text.rtc_irq  0x0000000000000fb8      0x1b8 Output/Release/Obj/libuarte_pca10040/app_timer2.o
 .text.app_util_disable_irq
                0x0000000000001170       0x10 Output/Release/Obj/libuarte_pca10040/app_util_platform.o
                0x0000000000001170                app_util_disable_irq
 .text.app_util_enable_irq
                0x0000000000001180       0x14 Output/Release/Obj/libuarte_pca10040/app_util_platform.o
                0x0000000000001180                app_util_enable_irq
 .text.app_util_critical_region_enter
                0x0000000000001194        0x4 Output/Release/Obj/libuarte_pca10040/app_util_platform.o
                0x0000000000001194                app_util_critical_region_enter
 .text.app_util_critical_region_exit
                0x0000000000001198        0x4 Output/Release/Obj/libuarte_pca10040/app_util_platform.o
                0x0000000000001198                app_util_critical_region_exit
 .text.evt_pending.isra.0
                0x000000000000119c       0x1a Output/Release/Obj/libuarte_pca10040/drv_rtc.o
 *fill*         0x00000000000011b6        0x2 
 .text.drv_rtc_init
                0x00000000000011b8       0xa4 Output/Release/Obj/libuarte_pca10040/drv_rtc.o
                0x00000000000011b8                drv_rtc_init
 .text.drv_rtc_start
                0x000000000000125c        0x8 Output/Release/Obj/libuarte_pca10040/drv_rtc.o
                0x000000000000125c                drv_rtc_start
 .text.drv_rtc_stop
                0x0000000000001264        0x8 Output/Release/Obj/libuarte_pca10040/drv_rtc.o
                0x0000000000001264                drv_rtc_stop
 .text.drv_rtc_compare_set
                0x000000000000126c       0x3e Output/Release/Obj/libuarte_pca10040/drv_rtc.o
                0x000000000000126c                drv_rtc_compare_set
 *fill*         0x00000000000012aa        0x2 
 .text.drv_rtc_windowed_compare_set
                0x00000000000012ac       0xf0 Output/Release/Obj/libuarte_pca10040/drv_rtc.o
                0x00000000000012ac                drv_rtc_windowed_compare_set
 .text.drv_rtc_overflow_enable
                0x000000000000139c       0x10 Output/Release/Obj/libuarte_pca10040/drv_rtc.o
                0x000000000000139c                drv_rtc_overflow_enable
 .text.drv_rtc_overflow_pending
                0x00000000000013ac        0xa Output/Release/Obj/libuarte_pca10040/drv_rtc.o
                0x00000000000013ac                drv_rtc_overflow_pending
 .text.drv_rtc_compare_disable
                0x00000000000013b6       0x14 Output/Release/Obj/libuarte_pca10040/drv_rtc.o
                0x00000000000013b6                drv_rtc_compare_disable
 .text.drv_rtc_compare_pending
                0x00000000000013ca        0xc Output/Release/Obj/libuarte_pca10040/drv_rtc.o
                0x00000000000013ca                drv_rtc_compare_pending
 .text.drv_rtc_counter_get
                0x00000000000013d6        0x8 Output/Release/Obj/libuarte_pca10040/drv_rtc.o
                0x00000000000013d6                drv_rtc_counter_get
 *fill*         0x00000000000013de        0x2 
 .text.drv_rtc_irq_trigger
                0x00000000000013e0       0x24 Output/Release/Obj/libuarte_pca10040/drv_rtc.o
                0x00000000000013e0                drv_rtc_irq_trigger
 .text.RTC1_IRQHandler
                0x0000000000001404       0x14 Output/Release/Obj/libuarte_pca10040/drv_rtc.o
                0x0000000000001404                RTC1_IRQHandler
 .text.nrf_atfifo_init
                0x0000000000001418       0x26 Output/Release/Obj/libuarte_pca10040/nrf_atfifo.o
                0x0000000000001418                nrf_atfifo_init
 .text.nrf_atfifo_item_alloc
                0x000000000000143e       0x54 Output/Release/Obj/libuarte_pca10040/nrf_atfifo.o
                0x000000000000143e                nrf_atfifo_item_alloc
 .text.nrf_atfifo_item_put
                0x0000000000001492       0x20 Output/Release/Obj/libuarte_pca10040/nrf_atfifo.o
                0x0000000000001492                nrf_atfifo_item_put
 .text.nrf_atfifo_item_get
                0x00000000000014b2       0x56 Output/Release/Obj/libuarte_pca10040/nrf_atfifo.o
                0x00000000000014b2                nrf_atfifo_item_get
 .text.nrf_atfifo_item_free
                0x0000000000001508       0x20 Output/Release/Obj/libuarte_pca10040/nrf_atfifo.o
                0x0000000000001508                nrf_atfifo_item_free
 .text.nrf_atomic_u32_fetch_store
                0x0000000000001528       0x16 Output/Release/Obj/libuarte_pca10040/nrf_atomic.o
                0x0000000000001528                nrf_atomic_u32_fetch_store
 .text.nrf_atomic_u32_fetch_or
                0x000000000000153e       0x18 Output/Release/Obj/libuarte_pca10040/nrf_atomic.o
                0x000000000000153e                nrf_atomic_u32_fetch_or
 .text.nrf_atomic_u32_or
                0x0000000000001556       0x18 Output/Release/Obj/libuarte_pca10040/nrf_atomic.o
                0x0000000000001556                nrf_atomic_u32_or
 .text.nrf_atomic_u32_fetch_and
                0x000000000000156e       0x18 Output/Release/Obj/libuarte_pca10040/nrf_atomic.o
                0x000000000000156e                nrf_atomic_u32_fetch_and
 .text.nrf_atomic_u32_and
                0x0000000000001586       0x18 Output/Release/Obj/libuarte_pca10040/nrf_atomic.o
                0x0000000000001586                nrf_atomic_u32_and
 .text.nrf_atomic_u32_add
                0x000000000000159e       0x18 Output/Release/Obj/libuarte_pca10040/nrf_atomic.o
                0x000000000000159e                nrf_atomic_u32_add
 .text.nrf_atomic_u32_sub
                0x00000000000015b6       0x18 Output/Release/Obj/libuarte_pca10040/nrf_atomic.o
                0x00000000000015b6                nrf_atomic_u32_sub
 .text.nrf_atomic_flag_set_fetch
                0x00000000000015ce        0x6 Output/Release/Obj/libuarte_pca10040/nrf_atomic.o
                0x00000000000015ce                nrf_atomic_flag_set_fetch
 .text.nrf_atomic_flag_set
                0x00000000000015d4        0x6 Output/Release/Obj/libuarte_pca10040/nrf_atomic.o
                0x00000000000015d4                nrf_atomic_flag_set
 .text.nrf_atomic_flag_clear_fetch
                0x00000000000015da        0x6 Output/Release/Obj/libuarte_pca10040/nrf_atomic.o
                0x00000000000015da                nrf_atomic_flag_clear_fetch
 .text.nrf_atomic_flag_clear
                0x00000000000015e0        0x6 Output/Release/Obj/libuarte_pca10040/nrf_atomic.o
                0x00000000000015e0                nrf_atomic_flag_clear
 .text.nrf_balloc_init
                0x00000000000015e6       0x2e Output/Release/Obj/libuarte_pca10040/nrf_balloc.o
                0x00000000000015e6                nrf_balloc_init
 .text.nrf_balloc_alloc
                0x0000000000001614       0x40 Output/Release/Obj/libuarte_pca10040/nrf_balloc.o
                0x0000000000001614                nrf_balloc_alloc
 .text.nrf_balloc_free
                0x0000000000001654       0x2a Output/Release/Obj/libuarte_pca10040/nrf_balloc.o
                0x0000000000001654                nrf_balloc_free
 .text.nrf_fprintf_buffer_flush
                0x000000000000167e       0x16 Output/Release/Obj/libuarte_pca10040/nrf_fprintf.o
                0x000000000000167e                nrf_fprintf_buffer_flush
 .text.nrf_fprintf
                0x0000000000001694       0x1c Output/Release/Obj/libuarte_pca10040/nrf_fprintf.o
                0x0000000000001694                nrf_fprintf
 .text.buffer_add
                0x00000000000016b0       0x1e Output/Release/Obj/libuarte_pca10040/nrf_fprintf_format.o
 *fill*         0x00000000000016ce        0x2 
 .text.unsigned_print
                0x00000000000016d0       0xb4 Output/Release/Obj/libuarte_pca10040/nrf_fprintf_format.o
 .text.nrf_fprintf_fmt
                0x0000000000001784      0x294 Output/Release/Obj/libuarte_pca10040/nrf_fprintf_format.o
                0x0000000000001784                nrf_fprintf_fmt
 .text.rx_buffer_schedule
                0x0000000000001a18       0x36 Output/Release/Obj/libuarte_pca10040/nrf_libuarte_async.o
 .text.uart_evt_handler
                0x0000000000001a4e       0xc8 Output/Release/Obj/libuarte_pca10040/nrf_libuarte_async.o
 *fill*         0x0000000000001b16        0x2 
 .text.nrf_libuarte_async_timeout_handler
                0x0000000000001b18       0x84 Output/Release/Obj/libuarte_pca10040/nrf_libuarte_async.o
                0x0000000000001b18                nrf_libuarte_async_timeout_handler
 .text.tmr_evt_handler
                0x0000000000001b9c        0x6 Output/Release/Obj/libuarte_pca10040/nrf_libuarte_async.o
 *fill*         0x0000000000001ba2        0x2 
 .text.nrf_libuarte_async_init
                0x0000000000001ba4      0x1a8 Output/Release/Obj/libuarte_pca10040/nrf_libuarte_async.o
                0x0000000000001ba4                nrf_libuarte_async_init
 .text.nrf_libuarte_async_enable
                0x0000000000001d4c       0x6e Output/Release/Obj/libuarte_pca10040/nrf_libuarte_async.o
                0x0000000000001d4c                nrf_libuarte_async_enable
 .text.nrf_libuarte_async_tx
                0x0000000000001dba        0x6 Output/Release/Obj/libuarte_pca10040/nrf_libuarte_async.o
                0x0000000000001dba                nrf_libuarte_async_tx
 .text.nrf_libuarte_async_rx_free
                0x0000000000001dc0       0x54 Output/Release/Obj/libuarte_pca10040/nrf_libuarte_async.o
                0x0000000000001dc0                nrf_libuarte_async_rx_free
 .text.nrf_uarte_event_clear
                0x0000000000001e14       0x10 Output/Release/Obj/libuarte_pca10040/nrf_libuarte_drv.o
 .text.tmr_evt_handler
                0x0000000000001e24        0x2 Output/Release/Obj/libuarte_pca10040/nrf_libuarte_drv.o
                0x0000000000001e24                tmr_evt_handler
 .text.ppi_free
                0x0000000000001e26       0x44 Output/Release/Obj/libuarte_pca10040/nrf_libuarte_drv.o
 .text.ppi_channel_configure
                0x0000000000001e6a       0x36 Output/Release/Obj/libuarte_pca10040/nrf_libuarte_drv.o
 .text.nrf_libuarte_drv_init
                0x0000000000001ea0      0x288 Output/Release/Obj/libuarte_pca10040/nrf_libuarte_drv.o
                0x0000000000001ea0                nrf_libuarte_drv_init
 .text.nrf_libuarte_drv_tx
                0x0000000000002128       0x8c Output/Release/Obj/libuarte_pca10040/nrf_libuarte_drv.o
                0x0000000000002128                nrf_libuarte_drv_tx
 .text.nrf_libuarte_drv_rx_start
                0x00000000000021b4       0x6a Output/Release/Obj/libuarte_pca10040/nrf_libuarte_drv.o
                0x00000000000021b4                nrf_libuarte_drv_rx_start
 .text.nrf_libuarte_drv_rx_buf_rsp
                0x000000000000221e       0x1a Output/Release/Obj/libuarte_pca10040/nrf_libuarte_drv.o
                0x000000000000221e                nrf_libuarte_drv_rx_buf_rsp
 .text.UARTE0_UART0_IRQHandler
                0x0000000000002238      0x1a8 Output/Release/Obj/libuarte_pca10040/nrf_libuarte_drv.o
                0x0000000000002238                UARTE0_UART0_IRQHandler
 .text.memobj_op
                0x00000000000023e0       0x86 Output/Release/Obj/libuarte_pca10040/nrf_memobj.o
 .text.nrf_memobj_pool_init
                0x0000000000002466        0x4 Output/Release/Obj/libuarte_pca10040/nrf_memobj.o
                0x0000000000002466                nrf_memobj_pool_init
 .text.nrf_memobj_free
                0x000000000000246a       0x2c Output/Release/Obj/libuarte_pca10040/nrf_memobj.o
                0x000000000000246a                nrf_memobj_free
 .text.nrf_memobj_alloc
                0x0000000000002496       0x5e Output/Release/Obj/libuarte_pca10040/nrf_memobj.o
                0x0000000000002496                nrf_memobj_alloc
 .text.nrf_memobj_get
                0x00000000000024f4        0x8 Output/Release/Obj/libuarte_pca10040/nrf_memobj.o
                0x00000000000024f4                nrf_memobj_get
 .text.nrf_memobj_put
                0x00000000000024fc       0x1c Output/Release/Obj/libuarte_pca10040/nrf_memobj.o
                0x00000000000024fc                nrf_memobj_put
 .text.nrf_memobj_write
                0x0000000000002518       0x14 Output/Release/Obj/libuarte_pca10040/nrf_memobj.o
                0x0000000000002518                nrf_memobj_write
 .text.nrf_memobj_read
                0x000000000000252c       0x14 Output/Release/Obj/libuarte_pca10040/nrf_memobj.o
                0x000000000000252c                nrf_memobj_read
 .text.queue_utilization_get
                0x0000000000002540       0x18 Output/Release/Obj/libuarte_pca10040/nrf_queue.o
 .text.nrf_queue_is_full
                0x0000000000002558       0x18 Output/Release/Obj/libuarte_pca10040/nrf_queue.o
                0x0000000000002558                nrf_queue_is_full
 .text.nrf_queue_push
                0x0000000000002570       0x9e Output/Release/Obj/libuarte_pca10040/nrf_queue.o
                0x0000000000002570                nrf_queue_push
 .text.nrf_queue_reset
                0x000000000000260e       0x1e Output/Release/Obj/libuarte_pca10040/nrf_queue.o
                0x000000000000260e                nrf_queue_reset
 .text.nrf_queue_is_empty
                0x000000000000262c        0xe Output/Release/Obj/libuarte_pca10040/nrf_queue.o
                0x000000000000262c                nrf_queue_is_empty
 .text.nrf_queue_generic_pop
                0x000000000000263a       0x7e Output/Release/Obj/libuarte_pca10040/nrf_queue.o
                0x000000000000263a                nrf_queue_generic_pop
 .text.nrf_ringbuf_init
                0x00000000000026b8       0x12 Output/Release/Obj/libuarte_pca10040/nrf_ringbuf.o
                0x00000000000026b8                nrf_ringbuf_init
 .text.nrf_ringbuf_cpy_put
                0x00000000000026ca       0x7e Output/Release/Obj/libuarte_pca10040/nrf_ringbuf.o
                0x00000000000026ca                nrf_ringbuf_cpy_put
 .text.nrf_sortlist_add
                0x0000000000002748       0x20 Output/Release/Obj/libuarte_pca10040/nrf_sortlist.o
                0x0000000000002748                nrf_sortlist_add
 .text.nrf_sortlist_pop
                0x0000000000002768        0xc Output/Release/Obj/libuarte_pca10040/nrf_sortlist.o
                0x0000000000002768                nrf_sortlist_pop
 .text.nrf_sortlist_peek
                0x0000000000002774        0x6 Output/Release/Obj/libuarte_pca10040/nrf_sortlist.o
                0x0000000000002774                nrf_sortlist_peek
 .text.nrf_sortlist_remove
                0x000000000000277a       0x1a Output/Release/Obj/libuarte_pca10040/nrf_sortlist.o
                0x000000000000277a                nrf_sortlist_remove
 .text.clock_clk_started_notify
                0x0000000000002794       0x24 Output/Release/Obj/libuarte_pca10040/nrf_drv_clock.o
 .text.clock_irq_handler
                0x00000000000027b8       0x1c Output/Release/Obj/libuarte_pca10040/nrf_drv_clock.o
 .text.nrf_drv_clock_init
                0x00000000000027d4       0x40 Output/Release/Obj/libuarte_pca10040/nrf_drv_clock.o
                0x00000000000027d4                nrf_drv_clock_init
 .text.nrf_drv_clock_lfclk_request
                0x0000000000002814       0x54 Output/Release/Obj/libuarte_pca10040/nrf_drv_clock.o
                0x0000000000002814                nrf_drv_clock_lfclk_request
 .text.nrf_clock_event_clear
                0x0000000000002868       0x14 Output/Release/Obj/libuarte_pca10040/nrfx_clock.o
 .text.nrfx_clock_init
                0x000000000000287c       0x18 Output/Release/Obj/libuarte_pca10040/nrfx_clock.o
                0x000000000000287c                nrfx_clock_init
 .text.nrfx_clock_enable
                0x0000000000002894       0x24 Output/Release/Obj/libuarte_pca10040/nrfx_clock.o
                0x0000000000002894                nrfx_clock_enable
 .text.nrfx_clock_lfclk_start
                0x00000000000028b8       0x50 Output/Release/Obj/libuarte_pca10040/nrfx_clock.o
                0x00000000000028b8                nrfx_clock_lfclk_start
 .text.POWER_CLOCK_IRQHandler
                0x0000000000002908       0x50 Output/Release/Obj/libuarte_pca10040/nrfx_clock.o
                0x0000000000002908                POWER_CLOCK_IRQHandler
 .text.nrfx_ppi_channel_alloc
                0x0000000000002958       0x5c Output/Release/Obj/libuarte_pca10040/nrfx_ppi.o
                0x0000000000002958                nrfx_ppi_channel_alloc
 .text.nrfx_ppi_channel_free
                0x00000000000029b4       0x3c Output/Release/Obj/libuarte_pca10040/nrfx_ppi.o
                0x00000000000029b4                nrfx_ppi_channel_free
 .text.nrfx_ppi_channel_assign
                0x00000000000029f0       0x40 Output/Release/Obj/libuarte_pca10040/nrfx_ppi.o
                0x00000000000029f0                nrfx_ppi_channel_assign
 .text.nrfx_ppi_channel_fork_assign
                0x0000000000002a30       0x28 Output/Release/Obj/libuarte_pca10040/nrfx_ppi.o
                0x0000000000002a30                nrfx_ppi_channel_fork_assign
 .text.nrfx_ppi_channel_enable
                0x0000000000002a58       0x2c Output/Release/Obj/libuarte_pca10040/nrfx_ppi.o
                0x0000000000002a58                nrfx_ppi_channel_enable
 .text.nrfx_ppi_channel_disable
                0x0000000000002a84       0x2c Output/Release/Obj/libuarte_pca10040/nrfx_ppi.o
                0x0000000000002a84                nrfx_ppi_channel_disable
 .text.nrfx_ppi_group_alloc
                0x0000000000002ab0       0x58 Output/Release/Obj/libuarte_pca10040/nrfx_ppi.o
                0x0000000000002ab0                nrfx_ppi_group_alloc
 .text.nrfx_ppi_group_free
                0x0000000000002b08       0x48 Output/Release/Obj/libuarte_pca10040/nrfx_ppi.o
                0x0000000000002b08                nrfx_ppi_group_free
 .text.nrfx_ppi_group_enable
                0x0000000000002b50       0x2c Output/Release/Obj/libuarte_pca10040/nrfx_ppi.o
                0x0000000000002b50                nrfx_ppi_group_enable
 .text.nrfx_ppi_channels_include_in_group
                0x0000000000002b7c       0x48 Output/Release/Obj/libuarte_pca10040/nrfx_ppi.o
                0x0000000000002b7c                nrfx_ppi_channels_include_in_group
 .text.nrf_rtc_event_clear
                0x0000000000002bc4       0x10 Output/Release/Obj/libuarte_pca10040/nrfx_rtc.o
 .text.nrfx_rtc_init
                0x0000000000002bd4       0x7c Output/Release/Obj/libuarte_pca10040/nrfx_rtc.o
                0x0000000000002bd4                nrfx_rtc_init
 .text.nrfx_rtc_cc_set
                0x0000000000002c50       0x84 Output/Release/Obj/libuarte_pca10040/nrfx_rtc.o
                0x0000000000002c50                nrfx_rtc_cc_set
 .text.RTC0_IRQHandler
                0x0000000000002cd4       0x9c Output/Release/Obj/libuarte_pca10040/nrfx_rtc.o
                0x0000000000002cd4                RTC0_IRQHandler
 .text.nrfx_timer_init
                0x0000000000002d70       0xd0 Output/Release/Obj/libuarte_pca10040/nrfx_timer.o
                0x0000000000002d70                nrfx_timer_init
 .text.nrfx_timer_enable
                0x0000000000002e40       0x1c Output/Release/Obj/libuarte_pca10040/nrfx_timer.o
                0x0000000000002e40                nrfx_timer_enable
 .text.nrfx_timer_clear
                0x0000000000002e5c        0x8 Output/Release/Obj/libuarte_pca10040/nrfx_timer.o
                0x0000000000002e5c                nrfx_timer_clear
 .text.nrfx_timer_compare
                0x0000000000002e64       0x32 Output/Release/Obj/libuarte_pca10040/nrfx_timer.o
                0x0000000000002e64                nrfx_timer_compare
 *fill*         0x0000000000002e96        0x2 
 .text.TIMER0_IRQHandler
                0x0000000000002e98       0x54 Output/Release/Obj/libuarte_pca10040/nrfx_timer.o
                0x0000000000002e98                TIMER0_IRQHandler
 .text.libuarte_rtc_handler
                0x0000000000002eec       0x28 Output/Release/Obj/libuarte_pca10040/main.o
 .text.uart_event_handler
                0x0000000000002f14       0x80 Output/Release/Obj/libuarte_pca10040/main.o
                0x0000000000002f14                uart_event_handler
 .text.startup.main
                0x0000000000002f94       0xf8 Output/Release/Obj/libuarte_pca10040/main.o
                0x0000000000002f94                main
 .text.uart_block_tx
                0x000000000000308c       0xf8 Output/Release/Obj/libuarte_pca10040/main.o
                0x000000000000308c                uart_block_tx
 .text.sendAsciiOverUart
                0x0000000000003184       0x84 Output/Release/Obj/libuarte_pca10040/main.o
                0x0000000000003184                sendAsciiOverUart
 .text.timer_handler_tick
                0x0000000000003208       0x6c Output/Release/Obj/libuarte_pca10040/main.o
 .text._GetAvailWriteSpace
                0x0000000000003274       0x12 Output/Release/Obj/libuarte_pca10040/SEGGER_RTT.o
 .text._WriteNoCheck
                0x0000000000003286       0x38 Output/Release/Obj/libuarte_pca10040/SEGGER_RTT.o
 .text._WriteBlocking
                0x00000000000032be       0x52 Output/Release/Obj/libuarte_pca10040/SEGGER_RTT.o
 .text._DoInit  0x0000000000003310       0x60 Output/Release/Obj/libuarte_pca10040/SEGGER_RTT.o
 .text.SEGGER_RTT_WriteNoLock
                0x0000000000003370       0x60 Output/Release/Obj/libuarte_pca10040/SEGGER_RTT.o
                0x0000000000003370                SEGGER_RTT_WriteNoLock
 .text.SEGGER_RTT_Init
                0x00000000000033d0        0x4 Output/Release/Obj/libuarte_pca10040/SEGGER_RTT.o
                0x00000000000033d0                SEGGER_RTT_Init
 .text.nrf52_errata_12
                0x00000000000033d4       0x1c Output/Release/Obj/libuarte_pca10040/system_nrf52.o
 .text.nrf52_errata_16
                0x00000000000033f0       0x28 Output/Release/Obj/libuarte_pca10040/system_nrf52.o
 .text.nvmc_wait
                0x0000000000003418       0x10 Output/Release/Obj/libuarte_pca10040/system_nrf52.o
                0x0000000000003418                nvmc_wait
 .text.SystemInit
                0x0000000000003428      0x298 Output/Release/Obj/libuarte_pca10040/system_nrf52.o
                0x0000000000003428                SystemInit
 .text.libc.__RAL_ascii_isctype
                0x00000000000036c0       0x1c C:/Program Files/SEGGER/SEGGER Embedded Studio for ARM 5.42a/lib/libc_v7em_fpv4_sp_d16_hard_t_le_eabi.a(libc2.o)
 .text.libc.__RAL_ascii_toupper
                0x00000000000036dc        0xc C:/Program Files/SEGGER/SEGGER Embedded Studio for ARM 5.42a/lib/libc_v7em_fpv4_sp_d16_hard_t_le_eabi.a(libc2.o)
 .text.libc.__RAL_ascii_tolower
                0x00000000000036e8        0xc C:/Program Files/SEGGER/SEGGER Embedded Studio for ARM 5.42a/lib/libc_v7em_fpv4_sp_d16_hard_t_le_eabi.a(libc2.o)
 .text.libc.__RAL_ascii_iswctype
                0x00000000000036f4       0x1c C:/Program Files/SEGGER/SEGGER Embedded Studio for ARM 5.42a/lib/libc_v7em_fpv4_sp_d16_hard_t_le_eabi.a(libc2.o)
 .text.libc.__RAL_ascii_towupper
                0x0000000000003710        0xc C:/Program Files/SEGGER/SEGGER Embedded Studio for ARM 5.42a/lib/libc_v7em_fpv4_sp_d16_hard_t_le_eabi.a(libc2.o)
 .text.libc.__RAL_ascii_towlower
                0x000000000000371c        0xc C:/Program Files/SEGGER/SEGGER Embedded Studio for ARM 5.42a/lib/libc_v7em_fpv4_sp_d16_hard_t_le_eabi.a(libc2.o)
 .text.libc.__RAL_ascii_wctomb
                0x0000000000003728        0xe C:/Program Files/SEGGER/SEGGER Embedded Studio for ARM 5.42a/lib/libc_v7em_fpv4_sp_d16_hard_t_le_eabi.a(libc2.o)
                0x0000000000003728                __RAL_ascii_wctomb
 .text.libc.__RAL_ascii_mbtowc
                0x0000000000003736       0x24 C:/Program Files/SEGGER/SEGGER Embedded Studio for ARM 5.42a/lib/libc_v7em_fpv4_sp_d16_hard_t_le_eabi.a(libc2.o)
                0x0000000000003736                __RAL_ascii_mbtowc
 *fill*         0x000000000000375a        0x2 
 .text.libc.__RAL_isctype
                0x000000000000375c       0x14 C:/Program Files/SEGGER/SEGGER Embedded Studio for ARM 5.42a/lib/libc_v7em_fpv4_sp_d16_hard_t_le_eabi.a(libc2.o)
                0x000000000000375c                __RAL_isctype
 .text.libc.isprint
                0x0000000000003770        0xa C:/Program Files/SEGGER/SEGGER Embedded Studio for ARM 5.42a/lib/libc_v7em_fpv4_sp_d16_hard_t_le_eabi.a(libc2.o)
                0x0000000000003770                isprint
 .text.libc.memcpy
                0x000000000000377a       0x52 C:/Program Files/SEGGER/SEGGER Embedded Studio for ARM 5.42a/lib/libc_v7em_fpv4_sp_d16_hard_t_le_eabi.a(libc2_asm.o)
                0x000000000000377a                __aeabi_memcpy
                0x000000000000377a                memcpy
                0x0000000000003786                __aeabi_memcpy8
                0x0000000000003786                __aeabi_memcpy4
 .text.libc.memset
                0x00000000000037cc       0x66 C:/Program Files/SEGGER/SEGGER Embedded Studio for ARM 5.42a/lib/libc_v7em_fpv4_sp_d16_hard_t_le_eabi.a(libc2_asm.o)
                0x00000000000037cc                memset
 .text.libc.strcpy
                0x0000000000003832       0x44 C:/Program Files/SEGGER/SEGGER Embedded Studio for ARM 5.42a/lib/libc_v7em_fpv4_sp_d16_hard_t_le_eabi.a(libc2_asm.o)
                0x0000000000003832                strcpy
 .text.libc.strlen
                0x0000000000003876       0x60 C:/Program Files/SEGGER/SEGGER Embedded Studio for ARM 5.42a/lib/libc_v7em_fpv4_sp_d16_hard_t_le_eabi.a(libc2_asm.o)
                0x0000000000003876                strlen
                0x00000000000038d8                . = ALIGN (MAX ((__text_start__ + 0x4), .), 0x4)
 *fill*         0x00000000000038d6        0x2 
                0x00000000000038d8                __text_end__ = (__text_start__ + SIZEOF (.text))
                0x0000000000003508                __text_size__ = SIZEOF (.text)
                0x00000000000038d8                __text_load_end__ = __text_end__

.vfp11_veneer   0x0000000100000000        0x0
 .vfp11_veneer  0x0000000100000000        0x0 linker stubs

.v4_bx          0x0000000100000000        0x0
 .v4_bx         0x0000000100000000        0x0 linker stubs

.iplt           0x0000000100000000        0x0
 .iplt          0x0000000100000000        0x0 Output/Release/Obj/libuarte_pca10040/thumb_crt0.o
                0x0000000000000001                . = ASSERT (((__text_start__ == __text_end__) || ((__text_end__ - __FLASH1_segment_start__) <= __FLASH1_segment_size__)), error: .text is too large to fit in FLASH1 memory segment)
                0x00000000000038d8                __nrf_queue_load_start__ = ALIGN (__text_end__, 0x4)

.nrf_queue      0x00000000000038d8       0x28
                0x00000000000038d8                __nrf_queue_start__ = .
                0x00000000000038d8                __start_nrf_queue = __nrf_queue_start__
 *(.nrf_queue*)
 .nrf_queue     0x00000000000038d8       0x28 Output/Release/Obj/libuarte_pca10040/main.o
                0x00000000000038d8                m_buf_queue
                0x00000000000038ec                libuarte_rxdata_queue
                0x0000000000003900                __nrf_queue_end__ = (__nrf_queue_start__ + SIZEOF (.nrf_queue))
                0x0000000000000028                __nrf_queue_size__ = SIZEOF (.nrf_queue)
                0x0000000000003900                __stop_nrf_queue = __nrf_queue_end__
                0x0000000000003900                __nrf_queue_load_end__ = __nrf_queue_end__
                0x0000000000000001                . = ASSERT (((__nrf_queue_start__ == __nrf_queue_end__) || ((__nrf_queue_end__ - __FLASH1_segment_start__) <= __FLASH1_segment_size__)), error: .nrf_queue is too large to fit in FLASH1 memory segment)
                0x0000000000003900                __log_const_data_load_start__ = ALIGN (__nrf_queue_end__, 0x4)

.log_const_data
                0x0000000000003900       0x50
                0x0000000000003900                __log_const_data_start__ = .
                0x0000000000003900                __start_log_const_data = __log_const_data_start__
 *(SORT_BY_NAME(.log_const_data*))
 .log_const_data_CLOCK
                0x0000000000003900        0x8 Output/Release/Obj/libuarte_pca10040/nrfx_clock.o
                0x0000000000003900                m_nrf_log_CLOCK_logs_data_const
 .log_const_data_PPI
                0x0000000000003908        0x8 Output/Release/Obj/libuarte_pca10040/nrfx_ppi.o
                0x0000000000003908                m_nrf_log_PPI_logs_data_const
 .log_const_data_RTC
                0x0000000000003910        0x8 Output/Release/Obj/libuarte_pca10040/nrfx_rtc.o
                0x0000000000003910                m_nrf_log_RTC_logs_data_const
 .log_const_data_TIMER
                0x0000000000003918        0x8 Output/Release/Obj/libuarte_pca10040/nrfx_timer.o
                0x0000000000003918                m_nrf_log_TIMER_logs_data_const
 .log_const_data_app
                0x0000000000003920        0x8 Output/Release/Obj/libuarte_pca10040/nrf_log_frontend.o
                0x0000000000003920                m_nrf_log_app_logs_data_const
 .log_const_data_app_timer
                0x0000000000003928        0x8 Output/Release/Obj/libuarte_pca10040/app_timer2.o
                0x0000000000003928                m_nrf_log_app_timer_logs_data_const
 .log_const_data_clock
                0x0000000000003930        0x8 Output/Release/Obj/libuarte_pca10040/nrf_drv_clock.o
                0x0000000000003930                m_nrf_log_clock_logs_data_const
 .log_const_data_libUARTE
                0x0000000000003938        0x8 Output/Release/Obj/libuarte_pca10040/nrf_libuarte_drv.o
                0x0000000000003938                m_nrf_log_libUARTE_logs_data_const
 .log_const_data_libUARTE_async
                0x0000000000003940        0x8 Output/Release/Obj/libuarte_pca10040/nrf_libuarte_async.o
                0x0000000000003940                m_nrf_log_libUARTE_async_logs_data_const
 .log_const_data_sortlist
                0x0000000000003948        0x8 Output/Release/Obj/libuarte_pca10040/nrf_sortlist.o
                0x0000000000003948                m_nrf_log_sortlist_logs_data_const
                0x0000000000003950                __log_const_data_end__ = (__log_const_data_start__ + SIZEOF (.log_const_data))
                0x0000000000000050                __log_const_data_size__ = SIZEOF (.log_const_data)
                0x0000000000003950                __stop_log_const_data = __log_const_data_end__
                0x0000000000003950                __log_const_data_load_end__ = __log_const_data_end__
                0x0000000000000001                . = ASSERT (((__log_const_data_start__ == __log_const_data_end__) || ((__log_const_data_end__ - __FLASH1_segment_start__) <= __FLASH1_segment_size__)), error: .log_const_data is too large to fit in FLASH1 memory segment)
                0x0000000000003950                __nrf_balloc_load_start__ = ALIGN (__log_const_data_end__, 0x4)

.nrf_balloc     0x0000000000003950       0x28
                0x0000000000003950                __nrf_balloc_start__ = .
                0x0000000000003950                __start_nrf_balloc = __nrf_balloc_start__
 *(.nrf_balloc*)
 .nrf_balloc    0x0000000000003950       0x14 Output/Release/Obj/libuarte_pca10040/nrf_log_frontend.o
                0x0000000000003950                log_mempool
 .nrf_balloc    0x0000000000003964       0x14 Output/Release/Obj/libuarte_pca10040/main.o
                0x0000000000003964                libuarte_rx_pool
                0x0000000000003978                __nrf_balloc_end__ = (__nrf_balloc_start__ + SIZEOF (.nrf_balloc))
                0x0000000000000028                __nrf_balloc_size__ = SIZEOF (.nrf_balloc)
                0x0000000000003978                __stop_nrf_balloc = __nrf_balloc_end__
                0x0000000000003978                __nrf_balloc_load_end__ = __nrf_balloc_end__
                0x0000000000000001                . = ASSERT (((__nrf_balloc_start__ == __nrf_balloc_end__) || ((__nrf_balloc_end__ - __FLASH1_segment_start__) <= __FLASH1_segment_size__)), error: .nrf_balloc is too large to fit in FLASH1 memory segment)
                0x0000000000003978                __log_backends_load_start__ = ALIGN (__nrf_balloc_end__, 0x4)

.log_backends   0x0000000000003978       0x10
                0x0000000000003978                __log_backends_start__ = .
                0x0000000000003978                __start_log_backends = __log_backends_start__
 *(SORT_BY_NAME(.log_backends*))
 .log_backends  0x0000000000003978       0x10 Output/Release/Obj/libuarte_pca10040/nrf_log_default_backends.o
                0x0000000000003988                __log_backends_end__ = (__log_backends_start__ + SIZEOF (.log_backends))
                0x0000000000000010                __log_backends_size__ = SIZEOF (.log_backends)
                0x0000000000003988                __stop_log_backends = __log_backends_end__
                0x0000000000003988                __log_backends_load_end__ = __log_backends_end__
                0x0000000000000001                . = ASSERT (((__log_backends_start__ == __log_backends_end__) || ((__log_backends_end__ - __FLASH1_segment_start__) <= __FLASH1_segment_size__)), error: .log_backends is too large to fit in FLASH1 memory segment)
                0x0000000000003988                __nrf_sections_load_start__ = ALIGN (__log_backends_end__, 0x4)

.nrf_sections   0x0000000000003988        0x0
                0x0000000000003988                __nrf_sections_start__ = .
                0x0000000000003988                __start_nrf_sections = __nrf_sections_start__
 *(.nrf_sections .nrf_sections.*)
                0x0000000000003988                __nrf_sections_end__ = (__nrf_sections_start__ + SIZEOF (.nrf_sections))
                0x0000000000000000                __nrf_sections_size__ = SIZEOF (.nrf_sections)
                0x0000000000003988                __nrf_sections_load_end__ = __nrf_sections_end__
                0x0000000000000001                . = ASSERT (((__nrf_sections_start__ == __nrf_sections_end__) || ((__nrf_sections_end__ - __FLASH1_segment_start__) <= __FLASH1_segment_size__)), error: .nrf_sections is too large to fit in FLASH1 memory segment)
                0x0000000000003988                __log_dynamic_data_load_start__ = ALIGN (__nrf_sections_end__, 0x4)

.log_dynamic_data
                0x0000000020000000        0x0 load address 0x0000000000003988
                0x0000000020000000                __log_dynamic_data_start__ = .
 *(SORT_BY_NAME(.log_dynamic_data*))
                0x0000000020000000                __log_dynamic_data_end__ = (__log_dynamic_data_start__ + SIZEOF (.log_dynamic_data))
                0x0000000000000000                __log_dynamic_data_size__ = SIZEOF (.log_dynamic_data)
                0x0000000000003988                __log_dynamic_data_load_end__ = (__log_dynamic_data_load_start__ + SIZEOF (.log_dynamic_data))
                0x0000000000000001                . = ASSERT (((__log_dynamic_data_load_start__ == __log_dynamic_data_load_end__) || ((__log_dynamic_data_load_end__ - __FLASH1_segment_start__) <= __FLASH1_segment_size__)), error: .log_dynamic_data is too large to fit in FLASH1 memory segment)

.log_dynamic_data_run
                0x0000000020000000        0x0
                0x0000000020000000                __log_dynamic_data_run_start__ = .
                0x0000000020000000                __start_log_dynamic_data = __log_dynamic_data_run_start__
                0x0000000020000000                __log_dynamic_data_run_end__ = (__log_dynamic_data_run_start__ + SIZEOF (.log_dynamic_data))
                0x0000000000000000                __log_dynamic_data_run_size__ = (__log_dynamic_data_run_end__ - __log_dynamic_data_run_start__)
                0x0000000020000000                __stop_log_dynamic_data = __log_dynamic_data_run_end__
                0x0000000020000000                __log_dynamic_data_run_load_end__ = __log_dynamic_data_run_end__
                0x0000000000000001                . = ASSERT (((__log_dynamic_data_run_start__ == __log_dynamic_data_run_end__) || ((__log_dynamic_data_run_end__ - __RAM1_segment_start__) <= __RAM1_segment_size__)), error: .log_dynamic_data_run is too large to fit in RAM1 memory segment)
                0x0000000000003988                __log_filter_data_load_start__ = ALIGN ((__log_dynamic_data_load_start__ + SIZEOF (.log_dynamic_data)), 0x4)

.log_filter_data
                0x0000000020000000        0x0 load address 0x0000000000003988
                0x0000000020000000                __log_filter_data_start__ = .
 *(SORT_BY_NAME(.log_filter_data*))
                0x0000000020000000                __log_filter_data_end__ = (__log_filter_data_start__ + SIZEOF (.log_filter_data))
                0x0000000000000000                __log_filter_data_size__ = SIZEOF (.log_filter_data)
                0x0000000000003988                __log_filter_data_load_end__ = (__log_filter_data_load_start__ + SIZEOF (.log_filter_data))
                0x0000000000000001                . = ASSERT (((__log_filter_data_load_start__ == __log_filter_data_load_end__) || ((__log_filter_data_load_end__ - __FLASH1_segment_start__) <= __FLASH1_segment_size__)), error: .log_filter_data is too large to fit in FLASH1 memory segment)

.log_filter_data_run
                0x0000000020000000        0x0
                0x0000000020000000                __log_filter_data_run_start__ = .
                0x0000000020000000                __start_log_filter_data = __log_filter_data_run_start__
                0x0000000020000000                __log_filter_data_run_end__ = (__log_filter_data_run_start__ + SIZEOF (.log_filter_data))
                0x0000000000000000                __log_filter_data_run_size__ = (__log_filter_data_run_end__ - __log_filter_data_run_start__)
                0x0000000020000000                __stop_log_filter_data = __log_filter_data_run_end__
                0x0000000020000000                __log_filter_data_run_load_end__ = __log_filter_data_run_end__
                0x0000000000000001                . = ASSERT (((__log_filter_data_run_start__ == __log_filter_data_run_end__) || ((__log_filter_data_run_end__ - __RAM1_segment_start__) <= __RAM1_segment_size__)), error: .log_filter_data_run is too large to fit in RAM1 memory segment)
                0x0000000020000000                __nrf_sections_run_end_load_start__ = ALIGN (__log_filter_data_run_end__, 0x4)

.nrf_sections_run_end
                0x0000000020000000        0x0
                0x0000000020000000                __nrf_sections_run_end_start__ = .
                0x0000000020000000                __end_nrf_sections_run = __nrf_sections_run_end_start__
 *(.nrf_sections_run_end .nrf_sections_run_end.*)
                0x0000000020000000                __nrf_sections_run_end_end__ = (__nrf_sections_run_end_start__ + SIZEOF (.nrf_sections_run_end))
                0x0000000000000000                __nrf_sections_run_end_size__ = SIZEOF (.nrf_sections_run_end)
                0x0000000020000000                __nrf_sections_run_end_load_end__ = __nrf_sections_run_end_end__
                0x0000000000000001                . = ASSERT (((__nrf_sections_run_end_start__ == __nrf_sections_run_end_end__) || ((__nrf_sections_run_end_end__ - __RAM1_segment_start__) <= __RAM1_segment_size__)), error: .nrf_sections_run_end is too large to fit in RAM1 memory segment)
                0x0000000000003988                __dtors_load_start__ = ALIGN ((__log_filter_data_load_start__ + SIZEOF (.log_filter_data)), 0x4)

.dtors          0x0000000000003988        0x0
                0x0000000000003988                __dtors_start__ = .
 *(SORT_BY_NAME(.dtors.*))
 *(.dtors)
 *(.fini_array)
 *(SORT_BY_NAME(.fini_array.*))
                0x0000000000003988                __dtors_end__ = (__dtors_start__ + SIZEOF (.dtors))
                0x0000000000000000                __dtors_size__ = SIZEOF (.dtors)
                0x0000000000003988                __dtors_load_end__ = __dtors_end__
                0x0000000000000001                . = ASSERT (((__dtors_start__ == __dtors_end__) || ((__dtors_end__ - __FLASH1_segment_start__) <= __FLASH1_segment_size__)), error: .dtors is too large to fit in FLASH1 memory segment)
                0x0000000000003988                __ctors_load_start__ = ALIGN (__dtors_end__, 0x4)

.ctors          0x0000000000003988        0x0
                0x0000000000003988                __ctors_start__ = .
 *(SORT_BY_NAME(.ctors.*))
 *(.ctors)
 *(.init_array)
 *(SORT_BY_NAME(.init_array.*))
                0x0000000000003988                __ctors_end__ = (__ctors_start__ + SIZEOF (.ctors))
                0x0000000000000000                __ctors_size__ = SIZEOF (.ctors)
                0x0000000000003988                __ctors_load_end__ = __ctors_end__
                0x0000000000000001                . = ASSERT (((__ctors_start__ == __ctors_end__) || ((__ctors_end__ - __FLASH1_segment_start__) <= __FLASH1_segment_size__)), error: .ctors is too large to fit in FLASH1 memory segment)
                0x0000000000003988                __rodata_load_start__ = ALIGN (__ctors_end__, 0x4)

.rodata         0x0000000000003988      0x624
                0x0000000000003988                __rodata_start__ = .
 *(.rodata .rodata.* .gnu.linkonce.r.*)
 *fill*         0x0000000000003988        0x8 
 .rodata.delay_machine_code.0
                0x0000000000003990        0x6 Output/Release/Obj/libuarte_pca10040/nrf_log_backend_rtt.o
 *fill*         0x0000000000003996        0x2 
 .rodata.nrf_log_backend_rtt_api
                0x0000000000003998        0xc Output/Release/Obj/libuarte_pca10040/nrf_log_backend_rtt.o
                0x0000000000003998                nrf_log_backend_rtt_api
 .rodata.str1.1
                0x00000000000039a4       0x10 Output/Release/Obj/libuarte_pca10040/nrf_log_default_backends.o
 .rodata.nrf_log_frontend_dequeue.str1.1
                0x00000000000039b4       0x11 Output/Release/Obj/libuarte_pca10040/nrf_log_frontend.o
 .rodata.str1.1
                0x00000000000039c5        0x4 Output/Release/Obj/libuarte_pca10040/nrf_log_frontend.o
 *fill*         0x00000000000039c9        0x3 
 .rodata.m_log_push_ringbuf
                0x00000000000039cc        0xc Output/Release/Obj/libuarte_pca10040/nrf_log_frontend.o
 .rodata.prefix_process.str1.1
                0x00000000000039d8       0x32 Output/Release/Obj/libuarte_pca10040/nrf_log_str_formatter.o
 .rodata.postfix_process.str1.1
                0x0000000000003a0a       0x32 Output/Release/Obj/libuarte_pca10040/nrf_log_str_formatter.o
                                          0x3 (size before relaxing)
 .rodata.nrf_log_hexdump_entry_process.str1.1
                0x0000000000003a0a        0xf Output/Release/Obj/libuarte_pca10040/nrf_log_str_formatter.o
                                         0x11 (size before relaxing)
 .rodata.str1.1
                0x0000000000003a19       0x4b Output/Release/Obj/libuarte_pca10040/nrf_log_str_formatter.o
                                         0x51 (size before relaxing)
 .rodata.m_colors
                0x0000000000003a64       0x24 Output/Release/Obj/libuarte_pca10040/nrf_log_str_formatter.o
 .rodata.severity_names
                0x0000000000003a88       0x14 Output/Release/Obj/libuarte_pca10040/nrf_log_str_formatter.o
 .rodata.m_board_led_list
                0x0000000000003a9c        0x4 Output/Release/Obj/libuarte_pca10040/boards.o
 .rodata.app_error_fault_handler.str1.1
                0x0000000000003aa0       0x19 Output/Release/Obj/libuarte_pca10040/app_error_weak.o
 .rodata.str1.1
                0x0000000000003ab9        0xa Output/Release/Obj/libuarte_pca10040/app_timer2.o
 *fill*         0x0000000000003ac3        0x1 
 .rodata        0x0000000000003ac4        0x4 Output/Release/Obj/libuarte_pca10040/app_timer2.o
 .rodata.m_app_timer_sortlist
                0x0000000000003ac8        0xc Output/Release/Obj/libuarte_pca10040/app_timer2.o
 .rodata.drv_rtc_init.str1.1
                0x0000000000003ad4       0x34 Output/Release/Obj/libuarte_pca10040/drv_rtc.o
 *fill*         0x0000000000003b08        0x8 
 .rodata.delay_machine_code.0
                0x0000000000003b10        0x6 Output/Release/Obj/libuarte_pca10040/drv_rtc.o
 .rodata._aV2C.0
                0x0000000000003b16       0x10 Output/Release/Obj/libuarte_pca10040/nrf_fprintf_format.o
 .rodata.str1.1
                0x0000000000003b26        0xf Output/Release/Obj/libuarte_pca10040/nrf_libuarte_async.o
 *fill*         0x0000000000003b35        0x1 
 .rodata        0x0000000000003b36        0x6 Output/Release/Obj/libuarte_pca10040/nrf_libuarte_async.o
 .rodata.str1.1
                0x0000000000003b3c        0x9 Output/Release/Obj/libuarte_pca10040/nrf_libuarte_drv.o
 .rodata.str1.1
                0x0000000000003b45        0x9 Output/Release/Obj/libuarte_pca10040/nrf_sortlist.o
 .rodata.str1.1
                0x0000000000003b4e        0x6 Output/Release/Obj/libuarte_pca10040/nrf_drv_clock.o
 .rodata.str1.1
                0x0000000000003b54        0x6 Output/Release/Obj/libuarte_pca10040/nrfx_clock.o
 .rodata.str1.1
                0x0000000000003b5a        0x4 Output/Release/Obj/libuarte_pca10040/nrfx_ppi.o
 .rodata.str1.1
                0x0000000000003b5e        0x4 Output/Release/Obj/libuarte_pca10040/nrfx_rtc.o
 .rodata.str1.1
                0x0000000000003b62        0x6 Output/Release/Obj/libuarte_pca10040/nrfx_timer.o
 .rodata.uart_event_handler.str1.1
                0x0000000000003b68       0x51 Output/Release/Obj/libuarte_pca10040/main.o
 .rodata.main.str1.1
                0x0000000000003bb9       0x19 Output/Release/Obj/libuarte_pca10040/main.o
 .rodata.uart_block_tx.str1.1
                0x0000000000003bd2       0xb5 Output/Release/Obj/libuarte_pca10040/main.o
 .rodata.sendAsciiOverUart.str1.1
                0x0000000000003c87       0x51 Output/Release/Obj/libuarte_pca10040/main.o
 .rodata.timer_handler_tick.str1.1
                0x0000000000003cd8       0x1b Output/Release/Obj/libuarte_pca10040/main.o
 *fill*         0x0000000000003cf3        0x1 
 .rodata.gsUartRx
                0x0000000000003cf4        0xc Output/Release/Obj/libuarte_pca10040/main.o
 .rodata.libuarte
                0x0000000000003d00       0x28 Output/Release/Obj/libuarte_pca10040/main.o
 .rodata.libuarte_libuarte
                0x0000000000003d28       0x10 Output/Release/Obj/libuarte_pca10040/main.o
 .rodata.libuarte_rtc
                0x0000000000003d38        0x8 Output/Release/Obj/libuarte_pca10040/main.o
 .rodata.m_timer_id.3
                0x0000000000003d40        0x4 Output/Release/Obj/libuarte_pca10040/main.o
 .rodata._DoInit.str1.1
                0x0000000000003d44       0x14 Output/Release/Obj/libuarte_pca10040/SEGGER_RTT.o
 .rodata.CSWTCH.15
                0x0000000000003d58        0x5 Output/Release/Obj/libuarte_pca10040/system_nrf52.o
 .rodata.CSWTCH.19
                0x0000000000003d5d        0x5 Output/Release/Obj/libuarte_pca10040/system_nrf52.o
 .rodata.CSWTCH.21
                0x0000000000003d62        0x5 Output/Release/Obj/libuarte_pca10040/system_nrf52.o
 .rodata.CSWTCH.5
                0x0000000000003d67        0x5 Output/Release/Obj/libuarte_pca10040/system_nrf52.o
 .rodata.libc.__RAL_find_locale.str1.4
                0x0000000000003d6c        0xa C:/Program Files/SEGGER/SEGGER Embedded Studio for ARM 5.42a/lib/libc_v7em_fpv4_sp_d16_hard_t_le_eabi.a(libc2.o)
 *fill*         0x0000000000003d76        0x2 
 .rodata.libc.__RAL_ascii_ctype_map
                0x0000000000003d78       0x80 C:/Program Files/SEGGER/SEGGER Embedded Studio for ARM 5.42a/lib/libc_v7em_fpv4_sp_d16_hard_t_le_eabi.a(libc2.o)
                0x0000000000003d78                __RAL_ascii_ctype_map
 .rodata.libc.__RAL_ascii_ctype_mask
                0x0000000000003df8        0xd C:/Program Files/SEGGER/SEGGER Embedded Studio for ARM 5.42a/lib/libc_v7em_fpv4_sp_d16_hard_t_le_eabi.a(libc2.o)
 *fill*         0x0000000000003e05        0x3 
 .rodata.libc.__RAL_c_locale
                0x0000000000003e08        0xc C:/Program Files/SEGGER/SEGGER Embedded Studio for ARM 5.42a/lib/libc_v7em_fpv4_sp_d16_hard_t_le_eabi.a(libc2.o)
                0x0000000000003e08                __RAL_c_locale
 .rodata.libc.__RAL_c_locale_abbrev_day_names
                0x0000000000003e14       0x1d C:/Program Files/SEGGER/SEGGER Embedded Studio for ARM 5.42a/lib/libc_v7em_fpv4_sp_d16_hard_t_le_eabi.a(libc2.o)
                0x0000000000003e14                __RAL_c_locale_abbrev_day_names
 *fill*         0x0000000000003e31        0x3 
 .rodata.libc.__RAL_c_locale_abbrev_month_names
                0x0000000000003e34       0x31 C:/Program Files/SEGGER/SEGGER Embedded Studio for ARM 5.42a/lib/libc_v7em_fpv4_sp_d16_hard_t_le_eabi.a(libc2.o)
                0x0000000000003e34                __RAL_c_locale_abbrev_month_names
 *fill*         0x0000000000003e65        0x3 
 .rodata.libc.__RAL_c_locale_am_pm_indicator
                0x0000000000003e68        0x7 C:/Program Files/SEGGER/SEGGER Embedded Studio for ARM 5.42a/lib/libc_v7em_fpv4_sp_d16_hard_t_le_eabi.a(libc2.o)
                0x0000000000003e68                __RAL_c_locale_am_pm_indicator
 *fill*         0x0000000000003e6f        0x1 
 .rodata.libc.__RAL_c_locale_data
                0x0000000000003e70       0x58 C:/Program Files/SEGGER/SEGGER Embedded Studio for ARM 5.42a/lib/libc_v7em_fpv4_sp_d16_hard_t_le_eabi.a(libc2.o)
                0x0000000000003e70                __RAL_c_locale_data
 .rodata.libc.__RAL_c_locale_date_format
                0x0000000000003ec8        0x9 C:/Program Files/SEGGER/SEGGER Embedded Studio for ARM 5.42a/lib/libc_v7em_fpv4_sp_d16_hard_t_le_eabi.a(libc2.o)
                0x0000000000003ec8                __RAL_c_locale_date_format
 *fill*         0x0000000000003ed1        0x3 
 .rodata.libc.__RAL_c_locale_date_time_format
                0x0000000000003ed4        0xf C:/Program Files/SEGGER/SEGGER Embedded Studio for ARM 5.42a/lib/libc_v7em_fpv4_sp_d16_hard_t_le_eabi.a(libc2.o)
                0x0000000000003ed4                __RAL_c_locale_date_time_format
 *fill*         0x0000000000003ee3        0x1 
 .rodata.libc.__RAL_c_locale_day_names
                0x0000000000003ee4       0x3a C:/Program Files/SEGGER/SEGGER Embedded Studio for ARM 5.42a/lib/libc_v7em_fpv4_sp_d16_hard_t_le_eabi.a(libc2.o)
                0x0000000000003ee4                __RAL_c_locale_day_names
 *fill*         0x0000000000003f1e        0x2 
 .rodata.libc.__RAL_c_locale_month_names
                0x0000000000003f20       0x57 C:/Program Files/SEGGER/SEGGER Embedded Studio for ARM 5.42a/lib/libc_v7em_fpv4_sp_d16_hard_t_le_eabi.a(libc2.o)
                0x0000000000003f20                __RAL_c_locale_month_names
 *fill*         0x0000000000003f77        0x1 
 .rodata.libc.__RAL_c_locale_time_format
                0x0000000000003f78        0x9 C:/Program Files/SEGGER/SEGGER Embedded Studio for ARM 5.42a/lib/libc_v7em_fpv4_sp_d16_hard_t_le_eabi.a(libc2.o)
                0x0000000000003f78                __RAL_c_locale_time_format
 *fill*         0x0000000000003f81        0x3 
 .rodata.libc.__RAL_codeset_ascii
                0x0000000000003f84       0x20 C:/Program Files/SEGGER/SEGGER Embedded Studio for ARM 5.42a/lib/libc_v7em_fpv4_sp_d16_hard_t_le_eabi.a(libc2.o)
                0x0000000000003f84                __RAL_codeset_ascii
 .rodata.libc.__RAL_data_empty_string
                0x0000000000003fa4        0x1 C:/Program Files/SEGGER/SEGGER Embedded Studio for ARM 5.42a/lib/libc_v7em_fpv4_sp_d16_hard_t_le_eabi.a(libc2.o)
                0x0000000000003fa4                __RAL_data_empty_string
 *fill*         0x0000000000003fa5        0x3 
 .rodata.libc.__RAL_data_utf8_period
                0x0000000000003fa8        0x2 C:/Program Files/SEGGER/SEGGER Embedded Studio for ARM 5.42a/lib/libc_v7em_fpv4_sp_d16_hard_t_le_eabi.a(libc2.o)
                0x0000000000003fa8                __RAL_data_utf8_period
                0x0000000000003fac                . = ALIGN (MAX ((__rodata_start__ + 0x4), .), 0x4)
 *fill*         0x0000000000003faa        0x2 
                0x0000000000003fac                __rodata_end__ = (__rodata_start__ + SIZEOF (.rodata))
                0x0000000000000624                __rodata_size__ = SIZEOF (.rodata)
                0x0000000000003fac                __rodata_load_end__ = __rodata_end__

.rel.dyn        0x0000000000003fac        0x0
 .rel.iplt      0x0000000000003fac        0x0 Output/Release/Obj/libuarte_pca10040/thumb_crt0.o
                0x0000000000000001                . = ASSERT (((__rodata_start__ == __rodata_end__) || ((__rodata_end__ - __FLASH1_segment_start__) <= __FLASH1_segment_size__)), error: .rodata is too large to fit in FLASH1 memory segment)
                0x0000000000003fac                __ARM.exidx_load_start__ = ALIGN (__rodata_end__, 0x4)

.ARM.exidx      0x0000000000003fac        0x0
                0x0000000000003fac                __ARM.exidx_start__ = .
                0x0000000000003fac                __exidx_start = __ARM.exidx_start__
 *(.ARM.exidx .ARM.exidx.*)
                0x0000000000003fac                __ARM.exidx_end__ = (__ARM.exidx_start__ + SIZEOF (.ARM.exidx))
                0x0000000000000000                __ARM.exidx_size__ = SIZEOF (.ARM.exidx)
                0x0000000000003fac                __exidx_end = __ARM.exidx_end__
                0x0000000000003fac                __ARM.exidx_load_end__ = __ARM.exidx_end__
                0x0000000000000001                . = ASSERT (((__ARM.exidx_start__ == __ARM.exidx_end__) || ((__ARM.exidx_end__ - __FLASH1_segment_start__) <= __FLASH1_segment_size__)), error: .ARM.exidx is too large to fit in FLASH1 memory segment)
                0x0000000000003fac                __fast_load_start__ = ALIGN (__ARM.exidx_end__, 0x4)

.fast           0x0000000020000000        0x0 load address 0x0000000000003fac
                0x0000000020000000                __fast_start__ = .
 *(.fast .fast.*)
                0x0000000020000000                __fast_end__ = (__fast_start__ + SIZEOF (.fast))
                0x0000000000000000                __fast_size__ = SIZEOF (.fast)
                0x0000000000003fac                __fast_load_end__ = (__fast_load_start__ + SIZEOF (.fast))
                0x0000000000000001                . = ASSERT (((__fast_load_start__ == __fast_load_end__) || ((__fast_load_end__ - __FLASH1_segment_start__) <= __FLASH1_segment_size__)), error: .fast is too large to fit in FLASH1 memory segment)

.fast_run       0x0000000020000000        0x0
                0x0000000020000000                __fast_run_start__ = .
                0x0000000020000000                __fast_run_end__ = (__fast_run_start__ + SIZEOF (.fast))
                0x0000000000000000                __fast_run_size__ = (__fast_run_end__ - __fast_run_start__)
                0x0000000020000000                __fast_run_load_end__ = __fast_run_end__
                0x0000000000000001                . = ASSERT (((__fast_run_start__ == __fast_run_end__) || ((__fast_run_end__ - __RAM1_segment_start__) <= __RAM1_segment_size__)), error: .fast_run is too large to fit in RAM1 memory segment)
                0x0000000000003fac                __data_load_start__ = ALIGN ((__fast_load_start__ + SIZEOF (.fast)), 0x4)

.data           0x0000000020000000       0x6c load address 0x0000000000003fac
                0x0000000020000000                __data_start__ = .
 *(.data .data.* .gnu.linkonce.d.*)
 .data.log_backend_cb_rtt_log_backend
                0x0000000020000000        0x8 Output/Release/Obj/libuarte_pca10040/nrf_log_default_backends.o
 .data.m_rtc_inst
                0x0000000020000008        0x8 Output/Release/Obj/libuarte_pca10040/app_timer2.o
 .data.m_timer_id_data.2
                0x0000000020000010       0x20 Output/Release/Obj/libuarte_pca10040/main.o
 .data.text     0x0000000020000030       0x24 Output/Release/Obj/libuarte_pca10040/main.o
 .data.SystemCoreClock
                0x0000000020000054        0x4 Output/Release/Obj/libuarte_pca10040/system_nrf52.o
                0x0000000020000054                SystemCoreClock
 .data.libc.__RAL_global_locale
                0x0000000020000058       0x14 C:/Program Files/SEGGER/SEGGER Embedded Studio for ARM 5.42a/lib/libc_v7em_fpv4_sp_d16_hard_t_le_eabi.a(libc2.o)
                0x0000000020000058                __RAL_global_locale
                0x000000002000006c                __data_end__ = (__data_start__ + SIZEOF (.data))
                0x000000000000006c                __data_size__ = SIZEOF (.data)
                0x0000000000004018                __data_load_end__ = (__data_load_start__ + SIZEOF (.data))

.igot.plt       0x0000000100000000        0x0
 .igot.plt      0x0000000100000000        0x0 Output/Release/Obj/libuarte_pca10040/thumb_crt0.o
                0x0000000000000001                . = ASSERT (((__data_load_start__ == __data_load_end__) || ((__data_load_end__ - __FLASH1_segment_start__) <= __FLASH1_segment_size__)), error: .data is too large to fit in FLASH1 memory segment)

.data_run       0x0000000020000000        0x0
                0x0000000020000000                __data_run_start__ = .
                0x000000002000006c                __data_run_end__ = (__data_run_start__ + SIZEOF (.data))
                0x000000000000006c                __data_run_size__ = (__data_run_end__ - __data_run_start__)
                0x000000002000006c                __data_run_load_end__ = __data_run_end__
                0x0000000000000001                . = ASSERT (((__data_run_start__ == __data_run_end__) || ((__data_run_end__ - __RAM1_segment_start__) <= __RAM1_segment_size__)), error: .data_run is too large to fit in RAM1 memory segment)
                0x0000000000004018                __tdata_load_start__ = ALIGN ((__data_load_start__ + SIZEOF (.data)), 0x4)

.tdata          0x000000002000006c        0x0 load address 0x0000000000004018
                0x000000002000006c                __tdata_start__ = .
 *(.tdata .tdata.*)
                0x000000002000006c                __tdata_end__ = (__tdata_start__ + SIZEOF (.tdata))
                0x0000000000000000                __tdata_size__ = SIZEOF (.tdata)
                0x0000000000004018                __tdata_load_end__ = (__tdata_load_start__ + SIZEOF (.tdata))
                0x0000000000004018                __FLASH1_segment_used_end__ = (ALIGN ((__data_load_start__ + SIZEOF (.data)), 0x4) + SIZEOF (.tdata))
                0x0000000000004018                __FLASH1_segment_used_size__ = (__FLASH1_segment_used_end__ - __FLASH1_segment_start__)
                0x0000000000000001                . = ASSERT (((__tdata_load_start__ == __tdata_load_end__) || ((__tdata_load_end__ - __FLASH1_segment_start__) <= __FLASH1_segment_size__)), error: .tdata is too large to fit in FLASH1 memory segment)

.tdata_run      0x000000002000006c        0x0
                0x000000002000006c                __tdata_run_start__ = .
                0x000000002000006c                __tdata_run_end__ = (__tdata_run_start__ + SIZEOF (.tdata))
                0x0000000000000000                __tdata_run_size__ = (__tdata_run_end__ - __tdata_run_start__)
                0x000000002000006c                __tdata_run_load_end__ = __tdata_run_end__
                0x0000000000000001                . = ASSERT (((__tdata_run_start__ == __tdata_run_end__) || ((__tdata_run_end__ - __RAM1_segment_start__) <= __RAM1_segment_size__)), error: .tdata_run is too large to fit in RAM1 memory segment)
                0x000000002000006c                __bss_load_start__ = ALIGN (__tdata_run_end__, 0x4)

.bss            0x000000002000006c      0xf58
                0x000000002000006c                __bss_start__ = .
 *(.bss .bss.* .gnu.linkonce.b.*)
 .bss.m_host_present
                0x000000002000006c        0x1 Output/Release/Obj/libuarte_pca10040/nrf_log_backend_rtt.o
 .bss.m_string_buff
                0x000000002000006d       0x40 Output/Release/Obj/libuarte_pca10040/nrf_log_backend_rtt.o
 *fill*         0x00000000200000ad        0x3 
 .bss.log_mempool_nrf_balloc_cb
                0x00000000200000b0        0x8 Output/Release/Obj/libuarte_pca10040/nrf_log_frontend.o
 .bss.log_mempool_nrf_balloc_pool_mem
                0x00000000200000b8       0xc0 Output/Release/Obj/libuarte_pca10040/nrf_log_frontend.o
 .bss.log_mempool_nrf_balloc_pool_stack
                0x0000000020000178        0x8 Output/Release/Obj/libuarte_pca10040/nrf_log_frontend.o
 .bss.m_log_data
                0x0000000020000180      0x420 Output/Release/Obj/libuarte_pca10040/nrf_log_frontend.o
 .bss.m_log_push_ringbuf_buf
                0x00000000200005a0       0x80 Output/Release/Obj/libuarte_pca10040/nrf_log_frontend.o
 .bss.m_log_push_ringbuf_cb
                0x0000000020000620       0x18 Output/Release/Obj/libuarte_pca10040/nrf_log_frontend.o
 .bss.m_app_timer_sortlist_sortlist_cb
                0x0000000020000638        0x4 Output/Release/Obj/libuarte_pca10040/app_timer2.o
 *fill*         0x000000002000063c        0x4 
 .bss.m_base_counter
                0x0000000020000640        0x8 Output/Release/Obj/libuarte_pca10040/app_timer2.o
 .bss.m_global_active
                0x0000000020000648        0x1 Output/Release/Obj/libuarte_pca10040/app_timer2.o
 *fill*         0x0000000020000649        0x3 
 .bss.m_req_fifo_data
                0x000000002000064c       0x58 Output/Release/Obj/libuarte_pca10040/app_timer2.o
 .bss.m_req_fifo_inst
                0x00000000200006a4       0x10 Output/Release/Obj/libuarte_pca10040/app_timer2.o
 *fill*         0x00000000200006b4        0x4 
 .bss.m_stamp64
                0x00000000200006b8        0x8 Output/Release/Obj/libuarte_pca10040/app_timer2.o
 .bss.mp_active_timer
                0x00000000200006c0        0x4 Output/Release/Obj/libuarte_pca10040/app_timer2.o
 .bss.m_in_critical_region
                0x00000000200006c4        0x4 Output/Release/Obj/libuarte_pca10040/app_util_platform.o
 .bss.m_cb      0x00000000200006c8        0x8 Output/Release/Obj/libuarte_pca10040/drv_rtc.o
 .bss.m_handlers
                0x00000000200006d0        0x4 Output/Release/Obj/libuarte_pca10040/drv_rtc.o
 .bss.m_libuarte_instance
                0x00000000200006d4        0x8 Output/Release/Obj/libuarte_pca10040/nrf_libuarte_drv.o
 .bss.m_clock_cb
                0x00000000200006dc       0x14 Output/Release/Obj/libuarte_pca10040/nrf_drv_clock.o
 .bss.m_clock_cb
                0x00000000200006f0        0x8 Output/Release/Obj/libuarte_pca10040/nrfx_clock.o
 .bss.m_channels_allocated
                0x00000000200006f8        0x4 Output/Release/Obj/libuarte_pca10040/nrfx_ppi.o
 .bss.m_groups_allocated
                0x00000000200006fc        0x1 Output/Release/Obj/libuarte_pca10040/nrfx_ppi.o
 .bss.m_cb      0x00000000200006fd        0x3 Output/Release/Obj/libuarte_pca10040/nrfx_rtc.o
 .bss.m_handlers
                0x0000000020000700        0x4 Output/Release/Obj/libuarte_pca10040/nrfx_rtc.o
 .bss.m_cb      0x0000000020000704        0xc Output/Release/Obj/libuarte_pca10040/nrfx_timer.o
 .bss.cnt.1     0x0000000020000710        0x4 Output/Release/Obj/libuarte_pca10040/main.o
 .bss.counter10s.0
                0x0000000020000714        0x4 Output/Release/Obj/libuarte_pca10040/main.o
 .bss.gUartOpen
                0x0000000020000718        0x4 Output/Release/Obj/libuarte_pca10040/main.o
 .bss.gUartTxBusy
                0x000000002000071c        0x4 Output/Release/Obj/libuarte_pca10040/main.o
 .bss.gViTicks  0x0000000020000720        0x8 Output/Release/Obj/libuarte_pca10040/main.o
                0x0000000020000720                gViTicks
 .bss.gsTx      0x0000000020000728      0x102 Output/Release/Obj/libuarte_pca10040/main.o
 .bss.gsUartRx_buf
                0x000000002000082a      0x100 Output/Release/Obj/libuarte_pca10040/main.o
 *fill*         0x000000002000092a        0x2 
 .bss.gsUartRx_cb
                0x000000002000092c       0x18 Output/Release/Obj/libuarte_pca10040/main.o
 .bss.libuarte_libuartectrl_blk
                0x0000000020000944       0x40 Output/Release/Obj/libuarte_pca10040/main.o
 .bss.libuarte_rx_pool_nrf_balloc_cb
                0x0000000020000984        0x8 Output/Release/Obj/libuarte_pca10040/main.o
 .bss.libuarte_rx_pool_nrf_balloc_pool_mem
                0x000000002000098c      0x300 Output/Release/Obj/libuarte_pca10040/main.o
 .bss.libuarte_rx_pool_nrf_balloc_pool_stack
                0x0000000020000c8c        0x3 Output/Release/Obj/libuarte_pca10040/main.o
 *fill*         0x0000000020000c8f        0x1 
 .bss.libuarte_rxdata_queue_nrf_queue_buffer
                0x0000000020000c90       0x10 Output/Release/Obj/libuarte_pca10040/main.o
 .bss.libuarte_rxdata_queue_nrf_queue_cb
                0x0000000020000ca0        0xc Output/Release/Obj/libuarte_pca10040/main.o
 .bss.libuartectrl_blk
                0x0000000020000cac       0x28 Output/Release/Obj/libuarte_pca10040/main.o
 .bss.m_buf_queue_nrf_queue_buffer
                0x0000000020000cd4       0x58 Output/Release/Obj/libuarte_pca10040/main.o
 .bss.m_buf_queue_nrf_queue_cb
                0x0000000020000d2c        0xc Output/Release/Obj/libuarte_pca10040/main.o
 .bss.m_loopback_phase
                0x0000000020000d38        0x1 Output/Release/Obj/libuarte_pca10040/main.o
 *fill*         0x0000000020000d39        0x3 
 .bss._SEGGER_RTT
                0x0000000020000d3c       0x78 Output/Release/Obj/libuarte_pca10040/SEGGER_RTT.o
                0x0000000020000d3c                _SEGGER_RTT
 .bss._acDownBuffer
                0x0000000020000db4       0x10 Output/Release/Obj/libuarte_pca10040/SEGGER_RTT.o
 .bss._acUpBuffer
                0x0000000020000dc4      0x200 Output/Release/Obj/libuarte_pca10040/SEGGER_RTT.o
 *(COMMON)
                0x0000000020000fc4                __bss_end__ = (__bss_start__ + SIZEOF (.bss))
                0x0000000000000f58                __bss_size__ = SIZEOF (.bss)
                0x0000000020000fc4                __bss_load_end__ = __bss_end__
                0x0000000000000001                . = ASSERT (((__bss_start__ == __bss_end__) || ((__bss_end__ - __RAM1_segment_start__) <= __RAM1_segment_size__)), error: .bss is too large to fit in RAM1 memory segment)
                0x0000000020000fc4                __tbss_load_start__ = ALIGN (__bss_end__, 0x4)

.tbss           0x0000000020000fc4        0x0
                0x0000000020000fc4                __tbss_start__ = .
 *(.tbss .tbss.*)
                0x0000000020000fc4                __tbss_end__ = (__tbss_start__ + SIZEOF (.tbss))
                0x0000000000000000                __tbss_size__ = SIZEOF (.tbss)
                0x0000000020000fc4                __tbss_load_end__ = __tbss_end__
                0x0000000000000001                . = ASSERT (((__tbss_start__ == __tbss_end__) || ((__tbss_end__ - __RAM1_segment_start__) <= __RAM1_segment_size__)), error: .tbss is too large to fit in RAM1 memory segment)
                0x0000000020000fc4                __non_init_load_start__ = ALIGN (__tbss_end__, 0x4)

.non_init       0x0000000020000fc4        0x0
                0x0000000020000fc4                __non_init_start__ = .
 *(.non_init .non_init.*)
                0x0000000020000fc4                __non_init_end__ = (__non_init_start__ + SIZEOF (.non_init))
                0x0000000000000000                __non_init_size__ = SIZEOF (.non_init)
                0x0000000020000fc4                __non_init_load_end__ = __non_init_end__
                0x0000000000000001                . = ASSERT (((__non_init_start__ == __non_init_end__) || ((__non_init_end__ - __RAM1_segment_start__) <= __RAM1_segment_size__)), error: .non_init is too large to fit in RAM1 memory segment)
                0x0000000020000fc4                __heap_load_start__ = ALIGN (__non_init_end__, 0x4)

.heap           0x0000000020000fc4     0x2000
                0x0000000020000fc4                __heap_start__ = .
 *(.heap .heap.*)
                0x0000000020002fc4                . = ALIGN (MAX ((__heap_start__ + __HEAPSIZE__), .), 0x4)
 *fill*         0x0000000020000fc4     0x2000 
                0x0000000020002fc4                __heap_end__ = (__heap_start__ + SIZEOF (.heap))
                0x0000000000002000                __heap_size__ = SIZEOF (.heap)
                0x0000000020002fc4                __heap_load_end__ = __heap_end__
                0x0000000000000001                . = ASSERT (((__heap_start__ == __heap_end__) || ((__heap_end__ - __RAM1_segment_start__) <= __RAM1_segment_size__)), error: .heap is too large to fit in RAM1 memory segment)
                0x000000002000e000                __stack_load_start__ = (__RAM1_segment_start__ + (__RAM1_segment_size__ - 0x2000))

.stack          0x000000002000e000     0x2000
                0x000000002000e000                __stack_start__ = .
                0x000000002000e000                __StackLimit = __stack_start__
 *(.stack .stack.*)
                0x0000000020010000                . = ALIGN (MAX ((__stack_start__ + __STACKSIZE__), .), 0x8)
 *fill*         0x000000002000e000     0x2000 
                0x0000000020010000                __stack_end__ = (__stack_start__ + SIZEOF (.stack))
                0x0000000000002000                __stack_size__ = SIZEOF (.stack)
                0x0000000020010000                __StackTop = __stack_end__
                0x0000000020010000                __stack_load_end__ = __stack_end__
                0x0000000000000001                . = ASSERT (((__stack_start__ == __stack_end__) || ((__stack_end__ - __RAM1_segment_start__) <= __RAM1_segment_size__)), error: .stack is too large to fit in RAM1 memory segment)
                0x0000000000000001                . = ASSERT ((__heap_end__ <= __stack_start__), error: section .heap overlaps absolute placed section .stack)
                0x0000000020010000                __stack_process_load_start__ = ALIGN (__stack_end__, 0x8)

.stack_process  0x0000000020010000        0x0
                0x0000000020010000                __stack_process_start__ = .
 *(.stack_process .stack_process.*)
                0x0000000020010000                . = ALIGN (MAX ((__stack_process_start__ + __STACKSIZE_PROCESS__), .), 0x8)
                0x0000000020010000                __stack_process_end__ = (__stack_process_start__ + SIZEOF (.stack_process))
                0x0000000000000000                __stack_process_size__ = SIZEOF (.stack_process)
                0x0000000020010000                __stack_process_load_end__ = __stack_process_end__
                0x0000000020010000                __RAM1_segment_used_end__ = (ALIGN (__stack_end__, 0x8) + SIZEOF (.stack_process))
                0x0000000000010000                __RAM1_segment_used_size__ = (__RAM1_segment_used_end__ - __RAM1_segment_start__)
                0x0000000000000001                . = ASSERT (((__stack_process_start__ == __stack_process_end__) || ((__stack_process_end__ - __RAM1_segment_start__) <= __RAM1_segment_size__)), error: .stack_process is too large to fit in RAM1 memory segment)
START GROUP
LOAD Output/Release/Obj/libuarte_pca10040/thumb_crt0.o
LOAD Output/Release/Obj/libuarte_pca10040/nrf_log_backend_rtt.o
LOAD Output/Release/Obj/libuarte_pca10040/nrf_log_backend_serial.o
LOAD Output/Release/Obj/libuarte_pca10040/nrf_log_default_backends.o
LOAD Output/Release/Obj/libuarte_pca10040/nrf_log_frontend.o
LOAD Output/Release/Obj/libuarte_pca10040/nrf_log_str_formatter.o
LOAD Output/Release/Obj/libuarte_pca10040/boards.o
LOAD Output/Release/Obj/libuarte_pca10040/app_error.o
LOAD Output/Release/Obj/libuarte_pca10040/app_error_handler_gcc.o
LOAD Output/Release/Obj/libuarte_pca10040/app_error_weak.o
LOAD Output/Release/Obj/libuarte_pca10040/app_scheduler.o
LOAD Output/Release/Obj/libuarte_pca10040/app_timer2.o
LOAD Output/Release/Obj/libuarte_pca10040/app_util_platform.o
LOAD Output/Release/Obj/libuarte_pca10040/drv_rtc.o
LOAD Output/Release/Obj/libuarte_pca10040/nrf_assert.o
LOAD Output/Release/Obj/libuarte_pca10040/nrf_atfifo.o
LOAD Output/Release/Obj/libuarte_pca10040/nrf_atomic.o
LOAD Output/Release/Obj/libuarte_pca10040/nrf_balloc.o
LOAD Output/Release/Obj/libuarte_pca10040/nrf_fprintf.o
LOAD Output/Release/Obj/libuarte_pca10040/nrf_fprintf_format.o
LOAD Output/Release/Obj/libuarte_pca10040/nrf_libuarte_async.o
LOAD Output/Release/Obj/libuarte_pca10040/nrf_libuarte_drv.o
LOAD Output/Release/Obj/libuarte_pca10040/nrf_memobj.o
LOAD Output/Release/Obj/libuarte_pca10040/nrf_queue.o
LOAD Output/Release/Obj/libuarte_pca10040/nrf_ringbuf.o
LOAD Output/Release/Obj/libuarte_pca10040/nrf_sortlist.o
LOAD Output/Release/Obj/libuarte_pca10040/nrf_strerror.o
LOAD Output/Release/Obj/libuarte_pca10040/nrf_drv_clock.o
LOAD Output/Release/Obj/libuarte_pca10040/nrf_nvic.o
LOAD Output/Release/Obj/libuarte_pca10040/nrf_soc.o
LOAD Output/Release/Obj/libuarte_pca10040/nrfx_atomic.o
LOAD Output/Release/Obj/libuarte_pca10040/nrfx_clock.o
LOAD Output/Release/Obj/libuarte_pca10040/nrfx_ppi.o
LOAD Output/Release/Obj/libuarte_pca10040/nrfx_rtc.o
LOAD Output/Release/Obj/libuarte_pca10040/nrfx_timer.o
LOAD Output/Release/Obj/libuarte_pca10040/main.o
LOAD Output/Release/Obj/libuarte_pca10040/SEGGER_RTT.o
LOAD Output/Release/Obj/libuarte_pca10040/SEGGER_RTT_Syscalls_SES.o
LOAD Output/Release/Obj/libuarte_pca10040/SEGGER_RTT_printf.o
LOAD Output/Release/Obj/libuarte_pca10040/ses_startup_nrf52.o
LOAD Output/Release/Obj/libuarte_pca10040/ses_startup_nrf_common.o
LOAD Output/Release/Obj/libuarte_pca10040/system_nrf52.o
LOAD C:/Program Files/SEGGER/SEGGER Embedded Studio for ARM 5.42a/lib/libm_v7em_fpv4_sp_d16_hard_t_le_eabi.a
LOAD C:/Program Files/SEGGER/SEGGER Embedded Studio for ARM 5.42a/lib/libc_v7em_fpv4_sp_d16_hard_t_le_eabi.a
LOAD C:/Program Files/SEGGER/SEGGER Embedded Studio for ARM 5.42a/lib/libdebugio_v7em_fpv4_sp_d16_hard_t_le_eabi.a
END GROUP
OUTPUT(Output/Release/Exe/libuarte_pca10040.elf elf32-littlearm)
LOAD linker stubs

.ARM.attributes
                0x0000000000000000       0x30
 .ARM.attributes
                0x0000000000000000       0x20 Output/Release/Obj/libuarte_pca10040/thumb_crt0.o
 .ARM.attributes
                0x0000000000000020       0x39 Output/Release/Obj/libuarte_pca10040/nrf_log_backend_rtt.o
 .ARM.attributes
                0x0000000000000059       0x39 Output/Release/Obj/libuarte_pca10040/nrf_log_backend_serial.o
 .ARM.attributes
                0x0000000000000092       0x39 Output/Release/Obj/libuarte_pca10040/nrf_log_default_backends.o
 .ARM.attributes
                0x00000000000000cb       0x39 Output/Release/Obj/libuarte_pca10040/nrf_log_frontend.o
 .ARM.attributes
                0x0000000000000104       0x39 Output/Release/Obj/libuarte_pca10040/nrf_log_str_formatter.o
 .ARM.attributes
                0x000000000000013d       0x39 Output/Release/Obj/libuarte_pca10040/boards.o
 .ARM.attributes
                0x0000000000000176       0x39 Output/Release/Obj/libuarte_pca10040/app_error.o
 .ARM.attributes
                0x00000000000001af       0x39 Output/Release/Obj/libuarte_pca10040/app_error_weak.o
 .ARM.attributes
                0x00000000000001e8       0x39 Output/Release/Obj/libuarte_pca10040/app_timer2.o
 .ARM.attributes
                0x0000000000000221       0x39 Output/Release/Obj/libuarte_pca10040/app_util_platform.o
 .ARM.attributes
                0x000000000000025a       0x39 Output/Release/Obj/libuarte_pca10040/drv_rtc.o
 .ARM.attributes
                0x0000000000000293       0x39 Output/Release/Obj/libuarte_pca10040/nrf_atfifo.o
 .ARM.attributes
                0x00000000000002cc       0x39 Output/Release/Obj/libuarte_pca10040/nrf_atomic.o
 .ARM.attributes
                0x0000000000000305       0x39 Output/Release/Obj/libuarte_pca10040/nrf_balloc.o
 .ARM.attributes
                0x000000000000033e       0x39 Output/Release/Obj/libuarte_pca10040/nrf_fprintf.o
 .ARM.attributes
                0x0000000000000377       0x39 Output/Release/Obj/libuarte_pca10040/nrf_fprintf_format.o
 .ARM.attributes
                0x00000000000003b0       0x39 Output/Release/Obj/libuarte_pca10040/nrf_libuarte_async.o
 .ARM.attributes
                0x00000000000003e9       0x39 Output/Release/Obj/libuarte_pca10040/nrf_libuarte_drv.o
 .ARM.attributes
                0x0000000000000422       0x39 Output/Release/Obj/libuarte_pca10040/nrf_memobj.o
 .ARM.attributes
                0x000000000000045b       0x39 Output/Release/Obj/libuarte_pca10040/nrf_queue.o
 .ARM.attributes
                0x0000000000000494       0x39 Output/Release/Obj/libuarte_pca10040/nrf_ringbuf.o
 .ARM.attributes
                0x00000000000004cd       0x39 Output/Release/Obj/libuarte_pca10040/nrf_sortlist.o
 .ARM.attributes
                0x0000000000000506       0x39 Output/Release/Obj/libuarte_pca10040/nrf_drv_clock.o
 .ARM.attributes
                0x000000000000053f       0x39 Output/Release/Obj/libuarte_pca10040/nrfx_clock.o
 .ARM.attributes
                0x0000000000000578       0x39 Output/Release/Obj/libuarte_pca10040/nrfx_ppi.o
 .ARM.attributes
                0x00000000000005b1       0x39 Output/Release/Obj/libuarte_pca10040/nrfx_rtc.o
 .ARM.attributes
                0x00000000000005ea       0x39 Output/Release/Obj/libuarte_pca10040/nrfx_timer.o
 .ARM.attributes
                0x0000000000000623       0x39 Output/Release/Obj/libuarte_pca10040/main.o
 .ARM.attributes
                0x000000000000065c       0x39 Output/Release/Obj/libuarte_pca10040/SEGGER_RTT.o
 .ARM.attributes
                0x0000000000000695       0x20 Output/Release/Obj/libuarte_pca10040/ses_startup_nrf52.o
 .ARM.attributes